[INFO   ][17:53:18]:main: Started code
[INFO   ][17:53:18]:can: CAN Handler initialised.
[DEBUG  ][17:53:18]:can: CAN receiving thread started.
[DEBUG  ][17:53:18]:can: can config: {'interface': 'socketcan', 'channel': 'can0', 'fd': True}
[DEBUG  ][17:53:18]:can: CAN sending thread started.
[INFO   ][17:53:23]:can: Message IDs.GET_POSITION sent
[INFO   ][17:53:23]:can.interfaces.socketcan.socketcan: Created a socket
[DEBUG  ][17:53:23]:can.interfaces.socketcan.socketcan: Binding socket to channel=can0
[INFO   ][17:53:23]:can: Message IDs.GET_POSITION sent
[DEBUG  ][17:53:23]:can.interfaces.socketcan.socketcan: Bound socket.
[INFO   ][17:53:23]:can: Message IDs.GET_POSITION sent
[INFO   ][17:53:23]:can: Message IDs.GET_POSITION sent
[INFO   ][17:53:23]:can: Message IDs.GET_POSITION sent
[INFO   ][17:53:23]:can: Message IDs.GET_POSITION sent
[INFO   ][17:53:23]:can: Message IDs.GET_POSITION sent
[INFO   ][17:53:23]:can: Message IDs.GET_POSITION sent
[INFO   ][17:53:23]:can: Message IDs.GET_POSITION sent
[INFO   ][17:53:23]:can: Message IDs.GET_POSITION sent
[INFO   ][17:53:23]:can: Message IDs.GET_POSITION sent
[INFO   ][17:53:23]:can: Message IDs.GET_POSITION sent
[INFO   ][17:53:23]:can: Message IDs.GET_POSITION sent
[INFO   ][17:53:23]:can: Message IDs.GET_POSITION sent
[INFO   ][17:53:23]:can: Message IDs.GET_POSITION sent
[INFO   ][17:53:23]:can: Message IDs.GET_POSITION sent
[INFO   ][17:53:23]:can: Message IDs.GET_POSITION sent
[INFO   ][17:53:23]:can: Message IDs.GET_POSITION sent
[INFO   ][17:53:23]:can: Message IDs.GET_POSITION sent
[INFO   ][17:53:23]:can: Message IDs.GET_POSITION sent
[INFO   ][17:53:23]:can: Message IDs.GET_POSITION sent
[INFO   ][17:53:23]:can: Message IDs.GET_POSITION sent
[INFO   ][17:53:23]:can: Message IDs.GET_POSITION sent
[INFO   ][17:53:23]:can: Message IDs.GET_POSITION sent
[INFO   ][17:53:23]:can: Message IDs.GET_POSITION sent
[INFO   ][17:53:23]:can: Message IDs.GET_POSITION sent
[INFO   ][17:53:23]:can: Message IDs.GET_POSITION sent
[INFO   ][17:53:23]:can: Message IDs.GET_POSITION sent
[INFO   ][17:53:23]:can: Message IDs.GET_POSITION sent
[INFO   ][17:53:23]:can: Message IDs.GET_POSITION sent
[INFO   ][17:53:23]:can: Message IDs.GET_POSITION sent
[INFO   ][17:53:23]:can: Message IDs.GET_POSITION sent
[INFO   ][17:53:23]:can: Message IDs.GET_POSITION sent
[INFO   ][17:53:23]:can: Message IDs.GET_POSITION sent
[INFO   ][17:53:23]:can: Message IDs.GET_POSITION sent
[INFO   ][17:53:23]:can: Message IDs.GET_POSITION sent
[INFO   ][17:53:23]:can: Message IDs.GET_POSITION sent
[INFO   ][17:53:23]:can: Message IDs.GET_POSITION sent
[INFO   ][17:53:23]:can: Message IDs.GET_POSITION sent
[INFO   ][17:53:23]:can: Message IDs.GET_POSITION sent
[INFO   ][17:53:23]:can: Message IDs.GET_POSITION sent
[INFO   ][17:53:23]:can: Message IDs.GET_POSITION sent
[INFO   ][17:53:23]:can: Message IDs.GET_POSITION sent
[INFO   ][17:53:23]:can: Message IDs.GET_POSITION sent
[INFO   ][17:53:23]:can: Message IDs.GET_POSITION sent
[INFO   ][17:53:23]:can: Message IDs.GET_POSITION sent
[INFO   ][17:53:23]:can: Message IDs.GET_POSITION sent
[INFO   ][17:53:23]:can: Message IDs.GET_POSITION sent
[INFO   ][17:53:23]:can: Message IDs.GET_POSITION sent
[INFO   ][17:53:23]:can: Message IDs.GET_POSITION sent
[INFO   ][17:53:23]:can: Message IDs.GET_POSITION sent
[INFO   ][17:53:23]:can: Message IDs.GET_POSITION sent
[INFO   ][17:53:23]:can: Message IDs.GET_POSITION sent
[INFO   ][17:53:23]:can: Message IDs.GET_POSITION sent
[INFO   ][17:53:23]:can: Message IDs.GET_POSITION sent
[INFO   ][17:53:23]:can: Message IDs.GET_POSITION sent
[INFO   ][17:53:23]:can: Message IDs.GET_POSITION sent
[INFO   ][17:53:23]:can: Message IDs.GET_POSITION sent
[INFO   ][17:53:23]:can: Message IDs.GET_POSITION sent
[INFO   ][17:53:23]:can: Message IDs.GET_POSITION sent
[INFO   ][17:53:23]:can: Message IDs.GET_POSITION sent
[INFO   ][17:53:23]:can: Message IDs.GET_POSITION sent
[INFO   ][17:53:23]:can: Message IDs.GET_POSITION sent
[INFO   ][17:53:23]:can: Message IDs.GET_POSITION sent
[INFO   ][17:53:23]:can: Message IDs.GET_POSITION sent
[INFO   ][17:53:23]:can: Message IDs.GET_POSITION sent
[INFO   ][17:53:23]:can: Message IDs.GET_POSITION sent
[INFO   ][17:53:23]:can: Message IDs.GET_POSITION sent
[INFO   ][17:53:23]:can: Message IDs.GET_POSITION sent
[INFO   ][17:53:23]:can: Message IDs.GET_POSITION sent
[INFO   ][17:53:23]:can: Message IDs.GET_POSITION sent
[INFO   ][17:53:23]:can: Message IDs.GET_POSITION sent
[INFO   ][17:53:23]:can: Message IDs.GET_POSITION sent
[INFO   ][17:53:23]:can: Message IDs.GET_POSITION sent
[INFO   ][17:53:23]:can: Message IDs.GET_POSITION sent
[INFO   ][17:53:23]:can: Message IDs.GET_POSITION sent
[INFO   ][17:53:23]:can: Message IDs.GET_POSITION sent
[INFO   ][17:53:23]:can: Message IDs.GET_POSITION sent
[INFO   ][17:53:23]:can: Message IDs.GET_POSITION sent
[INFO   ][17:53:23]:can: Message IDs.GET_POSITION sent
[INFO   ][17:53:23]:can: Message IDs.GET_POSITION sent
[INFO   ][17:53:23]:can: Message IDs.GET_POSITION sent
[INFO   ][17:53:23]:can: Message IDs.GET_POSITION sent
[INFO   ][17:53:23]:can: Message IDs.GET_POSITION sent
[INFO   ][17:53:23]:can: Message IDs.GET_POSITION sent
[INFO   ][17:53:23]:can: Message IDs.GET_POSITION sent
[INFO   ][17:53:23]:can: Message IDs.GET_POSITION sent
[INFO   ][17:53:23]:can: Message IDs.GET_POSITION sent
[INFO   ][17:53:23]:can: Message IDs.GET_POSITION sent
[INFO   ][17:53:23]:can: Message IDs.GET_POSITION sent
[INFO   ][17:53:23]:can: Message IDs.GET_POSITION sent
[INFO   ][17:53:23]:can: Message IDs.GET_POSITION sent
[INFO   ][17:53:23]:can: Message IDs.GET_POSITION sent
[INFO   ][17:53:23]:can: Message IDs.GET_POSITION sent
[INFO   ][17:53:23]:can: Message IDs.GET_POSITION sent
[INFO   ][17:53:23]:can: Message IDs.GET_POSITION sent
[INFO   ][17:53:23]:can: Message IDs.GET_POSITION sent
[INFO   ][17:53:23]:can: Message IDs.GET_POSITION sent
[INFO   ][17:53:23]:can: Message IDs.GET_POSITION sent
[INFO   ][17:53:23]:can: Message IDs.GET_POSITION sent
[INFO   ][17:53:23]:can: Message IDs.GET_POSITION sent
[INFO   ][17:53:23]:can: Message IDs.GET_POSITION sent
[INFO   ][17:53:23]:can: Message IDs.GET_POSITION sent
[INFO   ][17:53:23]:can: Message IDs.GET_POSITION sent
[INFO   ][17:53:23]:can: Message IDs.GET_POSITION sent
[INFO   ][17:53:23]:can: Message IDs.GET_POSITION sent
[INFO   ][17:53:23]:can: Message IDs.GET_POSITION sent
[INFO   ][17:53:23]:can: Message IDs.GET_POSITION sent
[INFO   ][17:53:23]:can: Message IDs.GET_POSITION sent
[INFO   ][17:53:23]:can: Message IDs.GET_POSITION sent
[INFO   ][17:53:23]:can: Message IDs.GET_POSITION sent
[INFO   ][17:53:23]:can: Message IDs.GET_POSITION sent
[INFO   ][17:53:23]:can: Message IDs.GET_POSITION sent
[INFO   ][17:53:23]:can: Message IDs.GET_POSITION sent
[INFO   ][17:53:23]:can: Message IDs.GET_POSITION sent
[INFO   ][17:53:23]:can: Message IDs.GET_POSITION sent
