../TOF/VL53LMZ_Driver/Src/vl53lmz_api.c:35:16:_vl53lmz_poll_for_answer	24	static
../TOF/VL53LMZ_Driver/Src/vl53lmz_api.c:74:16:_vl53lmz_poll_for_mcu_boot	24	static
../TOF/VL53LMZ_Driver/Src/vl53lmz_api.c:106:16:_vl53lmz_send_offset_data	432	static
../TOF/VL53LMZ_Driver/Src/vl53lmz_api.c:176:16:_vl53lmz_send_xtalk_data	304	static
../TOF/VL53LMZ_Driver/Src/vl53lmz_api.c:235:9:vl53lmz_is_alive	24	static
../TOF/VL53LMZ_Driver/Src/vl53lmz_api.c:263:9:vl53lmz_init	48	static
../TOF/VL53LMZ_Driver/Src/vl53lmz_api.c:457:9:vl53lmz_set_i2c_address	24	static
../TOF/VL53LMZ_Driver/Src/vl53lmz_api.c:471:9:vl53lmz_get_power_mode	24	static
../TOF/VL53LMZ_Driver/Src/vl53lmz_api.c:508:9:vl53lmz_set_power_mode	32	static
../TOF/VL53LMZ_Driver/Src/vl53lmz_api.c:559:9:vl53lmz_start_ranging	24	static
../TOF/VL53LMZ_Driver/Src/vl53lmz_api.c:570:9:vl53lmz_stop_ranging	32	static
../TOF/VL53LMZ_Driver/Src/vl53lmz_api.c:625:9:vl53lmz_check_data_ready	24	static
../TOF/VL53LMZ_Driver/Src/vl53lmz_api.c:656:9:vl53lmz_get_ranging_data	40	static
../TOF/VL53LMZ_Driver/Src/vl53lmz_api.c:825:9:vl53lmz_get_resolution	24	static
../TOF/VL53LMZ_Driver/Src/vl53lmz_api.c:840:9:vl53lmz_set_resolution	24	static
../TOF/VL53LMZ_Driver/Src/vl53lmz_api.c:905:9:vl53lmz_get_ranging_frequency_hz	24	static
../TOF/VL53LMZ_Driver/Src/vl53lmz_api.c:918:9:vl53lmz_set_ranging_frequency_hz	40	static
../TOF/VL53LMZ_Driver/Src/vl53lmz_api.c:931:9:vl53lmz_get_integration_time_ms	24	static
../TOF/VL53LMZ_Driver/Src/vl53lmz_api.c:946:9:vl53lmz_set_integration_time_ms	40	static
../TOF/VL53LMZ_Driver/Src/vl53lmz_api.c:970:9:vl53lmz_get_sharpener_percent	24	static
../TOF/VL53LMZ_Driver/Src/vl53lmz_api.c:985:9:vl53lmz_set_sharpener_percent	40	static
../TOF/VL53LMZ_Driver/Src/vl53lmz_api.c:1007:9:vl53lmz_get_target_order	24	static
../TOF/VL53LMZ_Driver/Src/vl53lmz_api.c:1020:9:vl53lmz_set_target_order	40	static
../TOF/VL53LMZ_Driver/Src/vl53lmz_api.c:1040:9:vl53lmz_get_ranging_mode	24	static
../TOF/VL53LMZ_Driver/Src/vl53lmz_api.c:1061:9:vl53lmz_set_ranging_mode	24	static
../TOF/VL53LMZ_Driver/Src/vl53lmz_api.c:1100:9:vl53lmz_enable_internal_cp	40	static
../TOF/VL53LMZ_Driver/Src/vl53lmz_api.c:1125:9:vl53lmz_disable_internal_cp	40	static
../TOF/VL53LMZ_Driver/Src/vl53lmz_api.c:1151:9:vl53lmz_get_external_sync_pin_enable	24	static
../TOF/VL53LMZ_Driver/Src/vl53lmz_api.c:1179:9:vl53lmz_set_external_sync_pin_enable	24	static
../TOF/VL53LMZ_Driver/Src/vl53lmz_api.c:1214:9:vl53lmz_get_glare_filter_cfg	32	static
../TOF/VL53LMZ_Driver/Src/vl53lmz_api.c:1230:9:vl53lmz_set_glare_filter_cfg	32	static
../TOF/VL53LMZ_Driver/Src/vl53lmz_api.c:1274:9:vl53lmz_dci_read_data	56	static
../TOF/VL53LMZ_Driver/Src/vl53lmz_api.c:1320:9:vl53lmz_dci_write_data	56	static
../TOF/VL53LMZ_Driver/Src/vl53lmz_api.c:1375:9:vl53lmz_dci_replace_data	32	static
../TOF/VL53LMZ_Driver/Src/vl53lmz_api.c:1392:9:vl53lmz_create_output_config	80	static
../TOF/VL53LMZ_Driver/Src/vl53lmz_api.c:1454:9:vl53lmz_send_output_config_and_start	56	static
../TOF/VL53LMZ_Driver/Src/vl53lmz_api.c:1550:9:vl53lmz_add_output_block	24	static
../TOF/VL53LMZ_Driver/Src/vl53lmz_api.c:1575:9:vl53lmz_disable_output_block	24	static
../TOF/VL53LMZ_Driver/Src/vl53lmz_api.c:1596:9:vl53lmz_results_extract_block	40	static
