Archive member included to satisfy reference by file (symbol)

/home/xenia/st/stm32cubeide_1.14.0/plugins/com.st.stm32cube.ide.mcu.externaltools.gnu-tools-for-stm32.11.3.rel1.linux64_1.1.100.202309141235/tools/bin/../lib/gcc/arm-none-eabi/11.3.1/../../../../arm-none-eabi/lib/thumb/v7e-m+fp/hard/libc_nano.a(libc_a-exit.o)
                              /home/xenia/st/stm32cubeide_1.14.0/plugins/com.st.stm32cube.ide.mcu.externaltools.gnu-tools-for-stm32.11.3.rel1.linux64_1.1.100.202309141235/tools/bin/../lib/gcc/arm-none-eabi/11.3.1/../../../../arm-none-eabi/lib/thumb/v7e-m+fp/hard/crt0.o (exit)
/home/xenia/st/stm32cubeide_1.14.0/plugins/com.st.stm32cube.ide.mcu.externaltools.gnu-tools-for-stm32.11.3.rel1.linux64_1.1.100.202309141235/tools/bin/../lib/gcc/arm-none-eabi/11.3.1/../../../../arm-none-eabi/lib/thumb/v7e-m+fp/hard/libc_nano.a(libc_a-findfp.o)
                              /home/xenia/st/stm32cubeide_1.14.0/plugins/com.st.stm32cube.ide.mcu.externaltools.gnu-tools-for-stm32.11.3.rel1.linux64_1.1.100.202309141235/tools/bin/../lib/gcc/arm-none-eabi/11.3.1/../../../../arm-none-eabi/lib/thumb/v7e-m+fp/hard/libc_nano.a(libc_a-exit.o) (__stdio_exit_handler)
/home/xenia/st/stm32cubeide_1.14.0/plugins/com.st.stm32cube.ide.mcu.externaltools.gnu-tools-for-stm32.11.3.rel1.linux64_1.1.100.202309141235/tools/bin/../lib/gcc/arm-none-eabi/11.3.1/../../../../arm-none-eabi/lib/thumb/v7e-m+fp/hard/libc_nano.a(libc_a-fwalk.o)
                              /home/xenia/st/stm32cubeide_1.14.0/plugins/com.st.stm32cube.ide.mcu.externaltools.gnu-tools-for-stm32.11.3.rel1.linux64_1.1.100.202309141235/tools/bin/../lib/gcc/arm-none-eabi/11.3.1/../../../../arm-none-eabi/lib/thumb/v7e-m+fp/hard/libc_nano.a(libc_a-findfp.o) (_fwalk_sglue)
/home/xenia/st/stm32cubeide_1.14.0/plugins/com.st.stm32cube.ide.mcu.externaltools.gnu-tools-for-stm32.11.3.rel1.linux64_1.1.100.202309141235/tools/bin/../lib/gcc/arm-none-eabi/11.3.1/../../../../arm-none-eabi/lib/thumb/v7e-m+fp/hard/libc_nano.a(libc_a-stdio.o)
                              /home/xenia/st/stm32cubeide_1.14.0/plugins/com.st.stm32cube.ide.mcu.externaltools.gnu-tools-for-stm32.11.3.rel1.linux64_1.1.100.202309141235/tools/bin/../lib/gcc/arm-none-eabi/11.3.1/../../../../arm-none-eabi/lib/thumb/v7e-m+fp/hard/libc_nano.a(libc_a-findfp.o) (__sread)
/home/xenia/st/stm32cubeide_1.14.0/plugins/com.st.stm32cube.ide.mcu.externaltools.gnu-tools-for-stm32.11.3.rel1.linux64_1.1.100.202309141235/tools/bin/../lib/gcc/arm-none-eabi/11.3.1/../../../../arm-none-eabi/lib/thumb/v7e-m+fp/hard/libc_nano.a(libc_a-memset.o)
                              /home/xenia/st/stm32cubeide_1.14.0/plugins/com.st.stm32cube.ide.mcu.externaltools.gnu-tools-for-stm32.11.3.rel1.linux64_1.1.100.202309141235/tools/bin/../lib/gcc/arm-none-eabi/11.3.1/../../../../arm-none-eabi/lib/thumb/v7e-m+fp/hard/crt0.o (memset)
/home/xenia/st/stm32cubeide_1.14.0/plugins/com.st.stm32cube.ide.mcu.externaltools.gnu-tools-for-stm32.11.3.rel1.linux64_1.1.100.202309141235/tools/bin/../lib/gcc/arm-none-eabi/11.3.1/../../../../arm-none-eabi/lib/thumb/v7e-m+fp/hard/libc_nano.a(libc_a-closer.o)
                              /home/xenia/st/stm32cubeide_1.14.0/plugins/com.st.stm32cube.ide.mcu.externaltools.gnu-tools-for-stm32.11.3.rel1.linux64_1.1.100.202309141235/tools/bin/../lib/gcc/arm-none-eabi/11.3.1/../../../../arm-none-eabi/lib/thumb/v7e-m+fp/hard/libc_nano.a(libc_a-stdio.o) (_close_r)
/home/xenia/st/stm32cubeide_1.14.0/plugins/com.st.stm32cube.ide.mcu.externaltools.gnu-tools-for-stm32.11.3.rel1.linux64_1.1.100.202309141235/tools/bin/../lib/gcc/arm-none-eabi/11.3.1/../../../../arm-none-eabi/lib/thumb/v7e-m+fp/hard/libc_nano.a(libc_a-reent.o)
                              /home/xenia/st/stm32cubeide_1.14.0/plugins/com.st.stm32cube.ide.mcu.externaltools.gnu-tools-for-stm32.11.3.rel1.linux64_1.1.100.202309141235/tools/bin/../lib/gcc/arm-none-eabi/11.3.1/../../../../arm-none-eabi/lib/thumb/v7e-m+fp/hard/libc_nano.a(libc_a-closer.o) (errno)
/home/xenia/st/stm32cubeide_1.14.0/plugins/com.st.stm32cube.ide.mcu.externaltools.gnu-tools-for-stm32.11.3.rel1.linux64_1.1.100.202309141235/tools/bin/../lib/gcc/arm-none-eabi/11.3.1/../../../../arm-none-eabi/lib/thumb/v7e-m+fp/hard/libc_nano.a(libc_a-impure.o)
                              /home/xenia/st/stm32cubeide_1.14.0/plugins/com.st.stm32cube.ide.mcu.externaltools.gnu-tools-for-stm32.11.3.rel1.linux64_1.1.100.202309141235/tools/bin/../lib/gcc/arm-none-eabi/11.3.1/../../../../arm-none-eabi/lib/thumb/v7e-m+fp/hard/libc_nano.a(libc_a-reent.o) (_impure_ptr)
/home/xenia/st/stm32cubeide_1.14.0/plugins/com.st.stm32cube.ide.mcu.externaltools.gnu-tools-for-stm32.11.3.rel1.linux64_1.1.100.202309141235/tools/bin/../lib/gcc/arm-none-eabi/11.3.1/../../../../arm-none-eabi/lib/thumb/v7e-m+fp/hard/libc_nano.a(libc_a-lseekr.o)
[...]
Memory Configuration

Name             Origin             Length             Attributes
RAM              0x0000000020000000 0x0000000000018000 xrw
FLASH            0x0000000008000000 0x0000000000080000 xr
*default*        0x0000000000000000 0xffffffffffffffff

Linker script and memory map

LOAD /home/xenia/st/stm32cubeide_1.14.0/plugins/com.st.stm32cube.ide.mcu.externaltools.gnu-tools-for-stm32.11.3.rel1.linux64_1.1.100.202309141235/tools/bin/../lib/gcc/arm-none-eabi/11.3.1/thumb/v7e-m+fp/hard/crti.o
LOAD /home/xenia/st/stm32cubeide_1.14.0/plugins/com.st.stm32cube.ide.mcu.externaltools.gnu-tools-for-stm32.11.3.rel1.linux64_1.1.100.202309141235/tools/bin/../lib/gcc/arm-none-eabi/11.3.1/thumb/v7e-m+fp/hard/crtbegin.o
LOAD /home/xenia/st/stm32cubeide_1.14.0/plugins/com.st.stm32cube.ide.mcu.externaltools.gnu-tools-for-stm32.11.3.rel1.linux64_1.1.100.202309141235/tools/bin/../lib/gcc/arm-none-eabi/11.3.1/../../../../arm-none-eabi/lib/thumb/v7e-m+fp/hard/crt0.o
LOAD ./Core/Lib/PointCloud/Src/point_cloud.o
LOAD ./Core/Lib/Vector/Src/vector.o
LOAD ./Core/Src/main.o
LOAD ./Core/Src/stm32f4xx_hal_msp.o
LOAD ./Core/Src/stm32f4xx_it.o
LOAD ./Core/Src/syscalls.o
LOAD ./Core/Src/sysmem.o
LOAD ./Core/Src/system_stm32f4xx.o
LOAD ./Core/Startup/startup_stm32f401retx.o
LOAD ./Drivers/STM32F4xx_HAL_Driver/Src/stm32f4xx_hal.o
LOAD ./Drivers/STM32F4xx_HAL_Driver/Src/stm32f4xx_hal_cortex.o
LOAD ./Drivers/STM32F4xx_HAL_Driver/Src/stm32f4xx_hal_dma.o
LOAD ./Drivers/STM32F4xx_HAL_Driver/Src/stm32f4xx_hal_dma_ex.o
LOAD ./Drivers/STM32F4xx_HAL_Driver/Src/stm32f4xx_hal_exti.o
LOAD ./Drivers/STM32F4xx_HAL_Driver/Src/stm32f4xx_hal_flash.o
LOAD ./Drivers/STM32F4xx_HAL_Driver/Src/stm32f4xx_hal_flash_ex.o
LOAD ./Drivers/STM32F4xx_HAL_Driver/Src/stm32f4xx_hal_flash_ramfunc.o
LOAD ./Drivers/STM32F4xx_HAL_Driver/Src/stm32f4xx_hal_gpio.o
LOAD ./Drivers/STM32F4xx_HAL_Driver/Src/stm32f4xx_hal_i2c.o
LOAD ./Drivers/STM32F4xx_HAL_Driver/Src/stm32f4xx_hal_i2c_ex.o
LOAD ./Drivers/STM32F4xx_HAL_Driver/Src/stm32f4xx_hal_pwr.o
LOAD ./Drivers/STM32F4xx_HAL_Driver/Src/stm32f4xx_hal_pwr_ex.o
LOAD ./Drivers/STM32F4xx_HAL_Driver/Src/stm32f4xx_hal_rcc.o
LOAD ./Drivers/STM32F4xx_HAL_Driver/Src/stm32f4xx_hal_rcc_ex.o
LOAD ./Drivers/STM32F4xx_HAL_Driver/Src/stm32f4xx_hal_tim.o
LOAD ./Drivers/STM32F4xx_HAL_Driver/Src/stm32f4xx_hal_tim_ex.o
LOAD ./Drivers/STM32F4xx_HAL_Driver/Src/stm32f4xx_hal_uart.o
LOAD ./TOF/Platform/platform.o
LOAD ./TOF/Target/Src/custom_bus.o
LOAD ./TOF/Target/Src/custom_tof.o
LOAD ./TOF/VL53LMZ_Driver/Src/vl53lmz_api.o
LOAD ./TOF/VL53LMZ_Driver/Src/vl53lmz_plugin_cnh.o
LOAD ./TOF/VL53LMZ_Driver/Src/vl53lmz_plugin_detection_thresholds.o
LOAD ./TOF/VL53LMZ_Driver/Src/vl53lmz_plugin_motion_indicator.o
LOAD ./TOF/VL53LMZ_Driver/Src/vl53lmz_plugin_xtalk.o
START GROUP
LOAD /home/xenia/st/stm32cubeide_1.14.0/plugins/com.st.stm32cube.ide.mcu.externaltools.gnu-tools-for-stm32.11.3.rel1.linux64_1.1.100.202309141235/tools/bin/../lib/gcc/arm-none-eabi/11.3.1/../../../../arm-none-eabi/lib/thumb/v7e-m+fp/hard/libc_nano.a
LOAD /home/xenia/st/stm32cubeide_1.14.0/plugins/com.st.stm32cube.ide.mcu.externaltools.gnu-tools-for-stm32.11.3.rel1.linux64_1.1.100.202309141235/tools/bin/../lib/gcc/arm-none-eabi/11.3.1/../../../../arm-none-eabi/lib/thumb/v7e-m+fp/hard/libm.a
END GROUP
START GROUP
LOAD /home/xenia/st/stm32cubeide_1.14.0/plugins/com.st.stm32cube.ide.mcu.externaltools.gnu-tools-for-stm32.11.3.rel1.linux64_1.1.100.202309141235/tools/bin/../lib/gcc/arm-none-eabi/11.3.1/thumb/v7e-m+fp/hard/libgcc.a
LOAD /home/xenia/st/stm32cubeide_1.14.0/plugins/com.st.stm32cube.ide.mcu.externaltools.gnu-tools-for-stm32.11.3.rel1.linux64_1.1.100.202309141235/tools/bin/../lib/gcc/arm-none-eabi/11.3.1/../../../../arm-none-eabi/lib/thumb/v7e-m+fp/hard/libc_nano.a
END GROUP
START GROUP
LOAD /home/xenia/st/stm32cubeide_1.14.0/plugins/com.st.stm32cube.ide.mcu.externaltools.gnu-tools-for-stm32.11.3.rel1.linux64_1.1.100.202309141235/tools/bin/../lib/gcc/arm-none-eabi/11.3.1/thumb/v7e-m+fp/hard/libgcc.a
LOAD /home/xenia/st/stm32cubeide_1.14.0/plugins/com.st.stm32cube.ide.mcu.externaltools.gnu-tools-for-stm32.11.3.rel1.linux64_1.1.100.202309141235/tools/bin/../lib/gcc/arm-none-eabi/11.3.1/../../../../arm-none-eabi/lib/thumb/v7e-m+fp/hard/libc_nano.a
LOAD /home/xenia/st/stm32cubeide_1.14.0/plugins/com.st.stm32cube.ide.mcu.externaltools.gnu-tools-for-stm32.11.3.rel1.linux64_1.1.100.202309141235/tools/bin/../lib/gcc/arm-none-eabi/11.3.1/../../../../arm-none-eabi/lib/thumb/v7e-m+fp/hard/libnosys.a
END GROUP
START GROUP
LOAD /home/xenia/st/stm32cubeide_1.14.0/plugins/com.st.stm32cube.ide.mcu.externaltools.gnu-tools-for-stm32.11.3.rel1.linux64_1.1.100.202309141235/tools/bin/../lib/gcc/arm-none-eabi/11.3.1/thumb/v7e-m+fp/hard/libgcc.a
LOAD /home/xenia/st/stm32cubeide_1.14.0/plugins/com.st.stm32cube.ide.mcu.externaltools.gnu-tools-for-stm32.11.3.rel1.linux64_1.1.100.202309141235/tools/bin/../lib/gcc/arm-none-eabi/11.3.1/../../../../arm-none-eabi/lib/thumb/v7e-m+fp/hard/libc_nano.a
LOAD /home/xenia/st/stm32cubeide_1.14.0/plugins/com.st.stm32cube.ide.mcu.externaltools.gnu-tools-for-stm32.11.3.rel1.linux64_1.1.100.202309141235/tools/bin/../lib/gcc/arm-none-eabi/11.3.1/../../../../arm-none-eabi/lib/thumb/v7e-m+fp/hard/libnosys.a
END GROUP
LOAD /home/xenia/st/stm32cubeide_1.14.0/plugins/com.st.stm32cube.ide.mcu.externaltools.gnu-tools-for-stm32.11.3.rel1.linux64_1.1.100.202309141235/tools/bin/../lib/gcc/arm-none-eabi/11.3.1/thumb/v7e-m+fp/hard/crtend.o
LOAD /home/xenia/st/stm32cubeide_1.14.0/plugins/com.st.stm32cube.ide.mcu.externaltools.gnu-tools-for-stm32.11.3.rel1.linux64_1.1.100.202309141235/tools/bin/../lib/gcc/arm-none-eabi/11.3.1/thumb/v7e-m+fp/hard/crtn.o
                0x0000000020018000                _estack = (ORIGIN (RAM) + LENGTH (RAM))
                0x0000000000000200                _Min_Heap_Size = 0x200
                0x0000000000000400                _Min_Stack_Size = 0x400

.isr_vector     0x0000000008000000      0x194
                0x0000000008000000                . = ALIGN (0x4)
 *(.isr_vector)
 .isr_vector    0x0000000008000000      0x194 ./Core/Startup/startup_stm32f401retx.o
                0x0000000008000000                g_pfnVectors
                0x0000000008000194                . = ALIGN (0x4)

.text           0x0000000008000198     0x90f8
                0x0000000008000198                . = ALIGN (0x4)
 *(.text)
 .text          0x0000000008000198       0x40 /home/xenia/st/stm32cubeide_1.14.0/plugins/com.st.stm32cube.ide.mcu.externaltools.gnu-tools-for-stm32.11.3.rel1.linux64_1.1.100.202309141235/tools/bin/../lib/gcc/arm-none-eabi/11.3.1/thumb/v7e-m+fp/hard/crtbegin.o
 .text          0x00000000080001d8      0x378 /home/xenia/st/stm32cubeide_1.14.0/plugins/com.st.stm32cube.ide.mcu.externaltools.gnu-tools-for-stm32.11.3.rel1.linux64_1.1.100.202309141235/tools/bin/../lib/gcc/arm-none-eabi/11.3.1/thumb/v7e-m+fp/hard/libgcc.a(_arm_addsubdf3.o)
                0x00000000080001d8                __aeabi_drsub
                0x00000000080001e0                __aeabi_dsub
                0x00000000080001e0                __subdf3
                0x00000000080001e4                __adddf3
                0x00000000080001e4                __aeabi_dadd
                0x000000000800045c                __aeabi_ui2d
                0x000000000800045c                __floatunsidf
                0x000000000800047c                __floatsidf
                0x000000000800047c                __aeabi_i2d
                0x00000000080004a0                __extendsfdf2
                0x00000000080004a0                __aeabi_f2d
                0x00000000080004e4                __aeabi_ul2d
                0x00000000080004e4                __floatundidf
                0x00000000080004f4                __floatdidf
                0x00000000080004f4                __aeabi_l2d
 .text          0x0000000008000550      0x424 /home/xenia/st/stm32cubeide_1.14.0/plugins/com.st.stm32cube.ide.mcu.externaltools.gnu-tools-for-stm32.11.3.rel1.linux64_1.1.100.202309141235/tools/bin/../lib/gcc/arm-none-eabi/11.3.1/thumb/v7e-m+fp/hard/libgcc.a(_arm_muldivdf3.o)
                0x0000000008000550                __aeabi_dmul
                0x0000000008000550                __muldf3
                0x00000000080007a4                __aeabi_ddiv
                0x00000000080007a4                __divdf3
 .text          0x0000000008000974      0x110 /home/xenia/st/stm32cubeide_1.14.0/plugins/com.st.stm32cube.ide.mcu.externaltools.gnu-tools-for-stm32.11.3.rel1.linux64_1.1.100.202309141235/tools/bin/../lib/gcc/arm-none-eabi/11.3.1/thumb/v7e-m+fp/hard/libgcc.a(_arm_cmpdf2.o)
                0x0000000008000974                __gtdf2
                0x0000000008000974                __gedf2
                0x000000000800097c                __ltdf2
                0x000000000800097c                __ledf2
                0x0000000008000984                __cmpdf2
                0x0000000008000984                __eqdf2
                0x0000000008000984                __nedf2
                0x0000000008000a00                __aeabi_cdrcmple
                0x0000000008000a10                __aeabi_cdcmple
                0x0000000008000a10                __aeabi_cdcmpeq
                0x0000000008000a20                __aeabi_dcmpeq
                0x0000000008000a34                __aeabi_dcmplt
                0x0000000008000a48                __aeabi_dcmple
                0x0000000008000a5c                __aeabi_dcmpge
                0x0000000008000a70                __aeabi_dcmpgt
 .text          0x0000000008000a84       0x50 /home/xenia/st/stm32cubeide_1.14.0/plugins/com.st.stm32cube.ide.mcu.externaltools.gnu-tools-for-stm32.11.3.rel1.linux64_1.1.100.202309141235/tools/bin/../lib/gcc/arm-none-eabi/11.3.1/thumb/v7e-m+fp/hard/libgcc.a(_arm_fixdfsi.o)
                0x0000000008000a84                __fixdfsi
                0x0000000008000a84                __aeabi_d2iz
 .text          0x0000000008000ad4       0xa0 /home/xenia/st/stm32cubeide_1.14.0/plugins/com.st.stm32cube.ide.mcu.externaltools.gnu-tools-for-stm32.11.3.rel1.linux64_1.1.100.202309141235/tools/bin/../lib/gcc/arm-none-eabi/11.3.1/thumb/v7e-m+fp/hard/libgcc.a(_arm_truncdfsf2.o)
                0x0000000008000ad4                __aeabi_d2f
                0x0000000008000ad4                __truncdfsf2
 .text          0x0000000008000b74       0x30 /home/xenia/st/stm32cubeide_1.14.0/plugins/com.st.stm32cube.ide.mcu.externaltools.gnu-tools-for-stm32.11.3.rel1.linux64_1.1.100.202309141235/tools/bin/../lib/gcc/arm-none-eabi/11.3.1/thumb/v7e-m+fp/hard/libgcc.a(_aeabi_uldivmod.o)
                0x0000000008000b74                __aeabi_uldivmod
 .text          0x0000000008000ba4      0x2c8 /home/xenia/st/stm32cubeide_1.14.0/plugins/com.st.stm32cube.ide.mcu.externaltools.gnu-tools-for-stm32.11.3.rel1.linux64_1.1.100.202309141235/tools/bin/../lib/gcc/arm-none-eabi/11.3.1/thumb/v7e-m+fp/hard/libgcc.a(_udivmoddi4.o)
                0x0000000008000ba4                __udivmoddi4
 .text          0x0000000008000e6c        0x4 /home/xenia/st/stm32cubeide_1.14.0/plugins/com.st.stm32cube.ide.mcu.externaltools.gnu-tools-for-stm32.11.3.rel1.linux64_1.1.100.202309141235/tools/bin/../lib/gcc/arm-none-eabi/11.3.1/thumb/v7e-m+fp/hard/libgcc.a(_dvmd_tls.o)
                0x0000000008000e6c                __aeabi_ldiv0
                0x0000000008000e6c                __aeabi_idiv0
 *(.text*)
 .text.deg2rad  0x0000000008000e70       0x38 ./Core/Lib/PointCloud/Src/point_cloud.o
                0x0000000008000e70                deg2rad
 .text.GenerateTables
                0x0000000008000ea8      0x364 ./Core/Lib/PointCloud/Src/point_cloud.o
                0x0000000008000ea8                GenerateTables
 .text.ConvertDist2Point
                0x000000000800120c      0xa08 ./Core/Lib/PointCloud/Src/point_cloud.o
                0x000000000800120c                ConvertDist2Point
 .text.Point2Bytes
                0x0000000008001c14       0x94 ./Core/Lib/PointCloud/Src/point_cloud.o
                0x0000000008001c14                Point2Bytes
 .text.HAL_UART_RxCpltCallback
                0x0000000008001ca8       0x60 ./Core/Src/main.o
                0x0000000008001ca8                HAL_UART_RxCpltCallback
 .text.main     0x0000000008001d08      0x3a0 ./Core/Src/main.o
                0x0000000008001d08                main
 .text.SystemClock_Config
                0x00000000080020a8       0xd4 ./Core/Src/main.o
                0x00000000080020a8                SystemClock_Config
 .text.MX_USART2_UART_Init
                0x000000000800217c       0x54 ./Core/Src/main.o
 .text.MX_GPIO_Init
                0x00000000080021d0      0x164 ./Core/Src/main.o
 .text.HAL_GPIO_EXTI_Callback
                0x0000000008002334       0x64 ./Core/Src/main.o
                0x0000000008002334                HAL_GPIO_EXTI_Callback
 .text.Error_Handler
                0x0000000008002398       0x18 ./Core/Src/main.o
                0x0000000008002398                Error_Handler
 .text.HAL_MspInit
                0x00000000080023b0       0x50 ./Core/Src/stm32f4xx_hal_msp.o
                0x00000000080023b0                HAL_MspInit
 .text.HAL_I2C_MspInit
                0x0000000008002400       0x90 ./Core/Src/stm32f4xx_hal_msp.o
                0x0000000008002400                HAL_I2C_MspInit
 .text.HAL_UART_MspInit
                0x0000000008002490       0xa0 ./Core/Src/stm32f4xx_hal_msp.o
                0x0000000008002490                HAL_UART_MspInit
 .text.NMI_Handler
                0x0000000008002530        0x6 ./Core/Src/stm32f4xx_it.o
                0x0000000008002530                NMI_Handler
 .text.HardFault_Handler
                0x0000000008002536        0x6 ./Core/Src/stm32f4xx_it.o
                0x0000000008002536                HardFault_Handler
 .text.MemManage_Handler
                0x000000000800253c        0x6 ./Core/Src/stm32f4xx_it.o
                0x000000000800253c                MemManage_Handler
 .text.BusFault_Handler
                0x0000000008002542        0x6 ./Core/Src/stm32f4xx_it.o
                0x0000000008002542                BusFault_Handler
 .text.UsageFault_Handler
                0x0000000008002548        0x6 ./Core/Src/stm32f4xx_it.o
                0x0000000008002548                UsageFault_Handler
 .text.SVC_Handler
                0x000000000800254e        0xe ./Core/Src/stm32f4xx_it.o
                0x000000000800254e                SVC_Handler
 .text.DebugMon_Handler
                0x000000000800255c        0xe ./Core/Src/stm32f4xx_it.o
                0x000000000800255c                DebugMon_Handler
 .text.PendSV_Handler
                0x000000000800256a        0xe ./Core/Src/stm32f4xx_it.o
                0x000000000800256a                PendSV_Handler
 .text.SysTick_Handler
                0x0000000008002578        0xc ./Core/Src/stm32f4xx_it.o
                0x0000000008002578                SysTick_Handler
 .text.EXTI4_IRQHandler
                0x0000000008002584        0xe ./Core/Src/stm32f4xx_it.o
                0x0000000008002584                EXTI4_IRQHandler
 .text.EXTI9_5_IRQHandler
                0x0000000008002592        0xe ./Core/Src/stm32f4xx_it.o
                0x0000000008002592                EXTI9_5_IRQHandler
 .text.USART2_IRQHandler
                0x00000000080025a0       0x14 ./Core/Src/stm32f4xx_it.o
                0x00000000080025a0                USART2_IRQHandler
 .text.EXTI15_10_IRQHandler
                0x00000000080025b4       0x10 ./Core/Src/stm32f4xx_it.o
                0x00000000080025b4                EXTI15_10_IRQHandler
 .text.SystemInit
                0x00000000080025c4       0x24 ./Core/Src/system_stm32f4xx.o
                0x00000000080025c4                SystemInit
 .text.Reset_Handler
                0x00000000080025e8       0x50 ./Core/Startup/startup_stm32f401retx.o
                0x00000000080025e8                Reset_Handler
 .text.Default_Handler
                0x0000000008002638        0x2 ./Core/Startup/startup_stm32f401retx.o
                0x0000000008002638                RTC_Alarm_IRQHandler
                0x0000000008002638                EXTI2_IRQHandler
                0x0000000008002638                SPI4_IRQHandler
                0x0000000008002638                TIM1_CC_IRQHandler
                0x0000000008002638                DMA2_Stream5_IRQHandler
                0x0000000008002638                DMA1_Stream5_IRQHandler
                0x0000000008002638                PVD_IRQHandler
                0x0000000008002638                SDIO_IRQHandler
                0x0000000008002638                TAMP_STAMP_IRQHandler
                0x0000000008002638                EXTI3_IRQHandler
                0x0000000008002638                TIM1_UP_TIM10_IRQHandler
                0x0000000008002638                I2C3_ER_IRQHandler
                0x0000000008002638                EXTI0_IRQHandler
                0x0000000008002638                I2C2_EV_IRQHandler
                0x0000000008002638                DMA1_Stream2_IRQHandler
                0x0000000008002638                FPU_IRQHandler
                0x0000000008002638                DMA2_Stream2_IRQHandler
                0x0000000008002638                SPI1_IRQHandler
                0x0000000008002638                TIM1_BRK_TIM9_IRQHandler
                0x0000000008002638                DMA2_Stream3_IRQHandler
                0x0000000008002638                USART6_IRQHandler
                0x0000000008002638                DMA2_Stream0_IRQHandler
                0x0000000008002638                TIM4_IRQHandler
                0x0000000008002638                I2C1_EV_IRQHandler
                0x0000000008002638                DMA1_Stream6_IRQHandler
                0x0000000008002638                DMA1_Stream1_IRQHandler
                0x0000000008002638                TIM3_IRQHandler
                0x0000000008002638                RCC_IRQHandler
                0x0000000008002638                Default_Handler
                0x0000000008002638                ADC_IRQHandler
                0x0000000008002638                DMA1_Stream7_IRQHandler
                0x0000000008002638                TIM5_IRQHandler
                0x0000000008002638                DMA2_Stream7_IRQHandler
                0x0000000008002638                I2C3_EV_IRQHandler
                0x0000000008002638                RTC_WKUP_IRQHandler
                0x0000000008002638                SPI2_IRQHandler
                0x0000000008002638                DMA1_Stream0_IRQHandler
                0x0000000008002638                WWDG_IRQHandler
                0x0000000008002638                TIM2_IRQHandler
                0x0000000008002638                OTG_FS_WKUP_IRQHandler
                0x0000000008002638                TIM1_TRG_COM_TIM11_IRQHandler
                0x0000000008002638                EXTI1_IRQHandler
                0x0000000008002638                I2C2_ER_IRQHandler
                0x0000000008002638                DMA2_Stream1_IRQHandler
                0x0000000008002638                FLASH_IRQHandler
                0x0000000008002638                DMA2_Stream4_IRQHandler
                0x0000000008002638                USART1_IRQHandler
                0x0000000008002638                OTG_FS_IRQHandler
                0x0000000008002638                SPI3_IRQHandler
                0x0000000008002638                DMA1_Stream4_IRQHandler
                0x0000000008002638                I2C1_ER_IRQHandler
                0x0000000008002638                DMA2_Stream6_IRQHandler
                0x0000000008002638                DMA1_Stream3_IRQHandler
 *fill*         0x000000000800263a        0x2 
 .text.HAL_Init
                0x000000000800263c       0x44 ./Drivers/STM32F4xx_HAL_Driver/Src/stm32f4xx_hal.o
                0x000000000800263c                HAL_Init
 .text.HAL_InitTick
                0x0000000008002680       0x60 ./Drivers/STM32F4xx_HAL_Driver/Src/stm32f4xx_hal.o
                0x0000000008002680                HAL_InitTick
 .text.HAL_IncTick
                0x00000000080026e0       0x28 ./Drivers/STM32F4xx_HAL_Driver/Src/stm32f4xx_hal.o
                0x00000000080026e0                HAL_IncTick
 .text.HAL_GetTick
                0x0000000008002708       0x18 ./Drivers/STM32F4xx_HAL_Driver/Src/stm32f4xx_hal.o
                0x0000000008002708                HAL_GetTick
 .text.HAL_Delay
                0x0000000008002720       0x48 ./Drivers/STM32F4xx_HAL_Driver/Src/stm32f4xx_hal.o
                0x0000000008002720                HAL_Delay
 .text.__NVIC_SetPriorityGrouping
                0x0000000008002768       0x48 ./Drivers/STM32F4xx_HAL_Driver/Src/stm32f4xx_hal_cortex.o
 .text.__NVIC_GetPriorityGrouping
                0x00000000080027b0       0x1c ./Drivers/STM32F4xx_HAL_Driver/Src/stm32f4xx_hal_cortex.o
 .text.__NVIC_EnableIRQ
                0x00000000080027cc       0x3c ./Drivers/STM32F4xx_HAL_Driver/Src/stm32f4xx_hal_cortex.o
 .text.__NVIC_SetPriority
                0x0000000008002808       0x54 ./Drivers/STM32F4xx_HAL_Driver/Src/stm32f4xx_hal_cortex.o
 .text.NVIC_EncodePriority
                0x000000000800285c       0x66 ./Drivers/STM32F4xx_HAL_Driver/Src/stm32f4xx_hal_cortex.o
 *fill*         0x00000000080028c2        0x2 
 .text.SysTick_Config
                0x00000000080028c4       0x44 ./Drivers/STM32F4xx_HAL_Driver/Src/stm32f4xx_hal_cortex.o
 .text.HAL_NVIC_SetPriorityGrouping
                0x0000000008002908       0x16 ./Drivers/STM32F4xx_HAL_Driver/Src/stm32f4xx_hal_cortex.o
                0x0000000008002908                HAL_NVIC_SetPriorityGrouping
 .text.HAL_NVIC_SetPriority
                0x000000000800291e       0x38 ./Drivers/STM32F4xx_HAL_Driver/Src/stm32f4xx_hal_cortex.o
                0x000000000800291e                HAL_NVIC_SetPriority
 .text.HAL_NVIC_EnableIRQ
                0x0000000008002956       0x1c ./Drivers/STM32F4xx_HAL_Driver/Src/stm32f4xx_hal_cortex.o
                0x0000000008002956                HAL_NVIC_EnableIRQ
 .text.HAL_SYSTICK_Config
                0x0000000008002972       0x18 ./Drivers/STM32F4xx_HAL_Driver/Src/stm32f4xx_hal_cortex.o
                0x0000000008002972                HAL_SYSTICK_Config
 .text.HAL_DMA_Abort
                0x000000000800298a       0xe0 ./Drivers/STM32F4xx_HAL_Driver/Src/stm32f4xx_hal_dma.o
                0x000000000800298a                HAL_DMA_Abort
 .text.HAL_DMA_Abort_IT
                0x0000000008002a6a       0x44 ./Drivers/STM32F4xx_HAL_Driver/Src/stm32f4xx_hal_dma.o
                0x0000000008002a6a                HAL_DMA_Abort_IT
 *fill*         0x0000000008002aae        0x2 
 .text.HAL_GPIO_Init
                0x0000000008002ab0      0x308 ./Drivers/STM32F4xx_HAL_Driver/Src/stm32f4xx_hal_gpio.o
                0x0000000008002ab0                HAL_GPIO_Init
 .text.HAL_GPIO_WritePin
                0x0000000008002db8       0x32 ./Drivers/STM32F4xx_HAL_Driver/Src/stm32f4xx_hal_gpio.o
                0x0000000008002db8                HAL_GPIO_WritePin
 *fill*         0x0000000008002dea        0x2 
 .text.HAL_GPIO_EXTI_IRQHandler
                0x0000000008002dec       0x30 ./Drivers/STM32F4xx_HAL_Driver/Src/stm32f4xx_hal_gpio.o
                0x0000000008002dec                HAL_GPIO_EXTI_IRQHandler
 .text.HAL_I2C_Init
                0x0000000008002e1c      0x288 ./Drivers/STM32F4xx_HAL_Driver/Src/stm32f4xx_hal_i2c.o
                0x0000000008002e1c                HAL_I2C_Init
 .text.HAL_I2C_Mem_Write
                0x00000000080030a4      0x1f4 ./Drivers/STM32F4xx_HAL_Driver/Src/stm32f4xx_hal_i2c.o
                0x00000000080030a4                HAL_I2C_Mem_Write
 .text.HAL_I2C_Mem_Read
                0x0000000008003298      0x464 ./Drivers/STM32F4xx_HAL_Driver/Src/stm32f4xx_hal_i2c.o
                0x0000000008003298                HAL_I2C_Mem_Read
 .text.HAL_I2C_IsDeviceReady
                0x00000000080036fc      0x25c ./Drivers/STM32F4xx_HAL_Driver/Src/stm32f4xx_hal_i2c.o
                0x00000000080036fc                HAL_I2C_IsDeviceReady
 .text.HAL_I2C_GetState
                0x0000000008003958       0x1c ./Drivers/STM32F4xx_HAL_Driver/Src/stm32f4xx_hal_i2c.o
                0x0000000008003958                HAL_I2C_GetState
 .text.HAL_I2C_GetError
                0x0000000008003974       0x18 ./Drivers/STM32F4xx_HAL_Driver/Src/stm32f4xx_hal_i2c.o
                0x0000000008003974                HAL_I2C_GetError
 .text.I2C_RequestMemoryWrite
                0x000000000800398c      0x12c ./Drivers/STM32F4xx_HAL_Driver/Src/stm32f4xx_hal_i2c.o
 .text.I2C_RequestMemoryRead
                0x0000000008003ab8      0x1d0 ./Drivers/STM32F4xx_HAL_Driver/Src/stm32f4xx_hal_i2c.o
 .text.I2C_WaitOnFlagUntilTimeout
                0x0000000008003c88       0xf4 ./Drivers/STM32F4xx_HAL_Driver/Src/stm32f4xx_hal_i2c.o
 .text.I2C_WaitOnMasterAddressFlagUntilTimeout
                0x0000000008003d7c      0x140 ./Drivers/STM32F4xx_HAL_Driver/Src/stm32f4xx_hal_i2c.o
 .text.I2C_WaitOnTXEFlagUntilTimeout
                0x0000000008003ebc       0x90 ./Drivers/STM32F4xx_HAL_Driver/Src/stm32f4xx_hal_i2c.o
 .text.I2C_WaitOnBTFFlagUntilTimeout
                0x0000000008003f4c       0x90 ./Drivers/STM32F4xx_HAL_Driver/Src/stm32f4xx_hal_i2c.o
 .text.I2C_WaitOnRXNEFlagUntilTimeout
                0x0000000008003fdc       0xba ./Drivers/STM32F4xx_HAL_Driver/Src/stm32f4xx_hal_i2c.o
 .text.I2C_IsAcknowledgeFailed
                0x0000000008004096       0x5e ./Drivers/STM32F4xx_HAL_Driver/Src/stm32f4xx_hal_i2c.o
 .text.HAL_RCC_OscConfig
                0x00000000080040f4      0x4f0 ./Drivers/STM32F4xx_HAL_Driver/Src/stm32f4xx_hal_rcc.o
                0x00000000080040f4                HAL_RCC_OscConfig
 .text.HAL_RCC_ClockConfig
                0x00000000080045e4      0x1cc ./Drivers/STM32F4xx_HAL_Driver/Src/stm32f4xx_hal_rcc.o
                0x00000000080045e4                HAL_RCC_ClockConfig
 .text.HAL_RCC_GetSysClockFreq
                0x00000000080047b0      0x18c ./Drivers/STM32F4xx_HAL_Driver/Src/stm32f4xx_hal_rcc.o
                0x00000000080047b0                HAL_RCC_GetSysClockFreq
 .text.HAL_RCC_GetHCLKFreq
                0x000000000800493c       0x18 ./Drivers/STM32F4xx_HAL_Driver/Src/stm32f4xx_hal_rcc.o
                0x000000000800493c                HAL_RCC_GetHCLKFreq
 .text.HAL_RCC_GetPCLK1Freq
                0x0000000008004954       0x28 ./Drivers/STM32F4xx_HAL_Driver/Src/stm32f4xx_hal_rcc.o
                0x0000000008004954                HAL_RCC_GetPCLK1Freq
 .text.HAL_RCC_GetPCLK2Freq
                0x000000000800497c       0x28 ./Drivers/STM32F4xx_HAL_Driver/Src/stm32f4xx_hal_rcc.o
                0x000000000800497c                HAL_RCC_GetPCLK2Freq
 .text.HAL_UART_Init
                0x00000000080049a4       0xa0 ./Drivers/STM32F4xx_HAL_Driver/Src/stm32f4xx_hal_uart.o
                0x00000000080049a4                HAL_UART_Init
 .text.HAL_UART_Transmit
                0x0000000008004a44      0x116 ./Drivers/STM32F4xx_HAL_Driver/Src/stm32f4xx_hal_uart.o
                0x0000000008004a44                HAL_UART_Transmit
 .text.HAL_UART_Receive_IT
                0x0000000008004b5a       0x4a ./Drivers/STM32F4xx_HAL_Driver/Src/stm32f4xx_hal_uart.o
                0x0000000008004b5a                HAL_UART_Receive_IT
 .text.HAL_UART_IRQHandler
                0x0000000008004ba4      0x524 ./Drivers/STM32F4xx_HAL_Driver/Src/stm32f4xx_hal_uart.o
                0x0000000008004ba4                HAL_UART_IRQHandler
 .text.HAL_UART_TxCpltCallback
                0x00000000080050c8       0x14 ./Drivers/STM32F4xx_HAL_Driver/Src/stm32f4xx_hal_uart.o
                0x00000000080050c8                HAL_UART_TxCpltCallback
 .text.HAL_UART_ErrorCallback
                0x00000000080050dc       0x14 ./Drivers/STM32F4xx_HAL_Driver/Src/stm32f4xx_hal_uart.o
                0x00000000080050dc                HAL_UART_ErrorCallback
 .text.HAL_UARTEx_RxEventCallback
                0x00000000080050f0       0x18 ./Drivers/STM32F4xx_HAL_Driver/Src/stm32f4xx_hal_uart.o
                0x00000000080050f0                HAL_UARTEx_RxEventCallback
 .text.UART_WaitOnFlagUntilTimeout
                0x0000000008005108       0xb2 ./Drivers/STM32F4xx_HAL_Driver/Src/stm32f4xx_hal_uart.o
 .text.UART_Start_Receive_IT
                0x00000000080051ba       0x74 ./Drivers/STM32F4xx_HAL_Driver/Src/stm32f4xx_hal_uart.o
                0x00000000080051ba                UART_Start_Receive_IT
 .text.UART_EndRxTransfer
                0x000000000800522e       0xc6 ./Drivers/STM32F4xx_HAL_Driver/Src/stm32f4xx_hal_uart.o
 .text.UART_DMAAbortOnError
                0x00000000080052f4       0x28 ./Drivers/STM32F4xx_HAL_Driver/Src/stm32f4xx_hal_uart.o
 .text.UART_Transmit_IT
                0x000000000800531c       0xa0 ./Drivers/STM32F4xx_HAL_Driver/Src/stm32f4xx_hal_uart.o
 .text.UART_EndTransmit_IT
                0x00000000080053bc       0x30 ./Drivers/STM32F4xx_HAL_Driver/Src/stm32f4xx_hal_uart.o
 .text.UART_Receive_IT
                0x00000000080053ec      0x17c ./Drivers/STM32F4xx_HAL_Driver/Src/stm32f4xx_hal_uart.o
 .text.UART_SetConfig
                0x0000000008005568      0x4e8 ./Drivers/STM32F4xx_HAL_Driver/Src/stm32f4xx_hal_uart.o
 .text.RdByte   0x0000000008005a50       0x2a ./TOF/Platform/platform.o
                0x0000000008005a50                RdByte
 .text.WrByte   0x0000000008005a7a       0x2c ./TOF/Platform/platform.o
                0x0000000008005a7a                WrByte
 .text.WrMulti  0x0000000008005aa6       0x2e ./TOF/Platform/platform.o
                0x0000000008005aa6                WrMulti
 .text.RdMulti  0x0000000008005ad4       0x2e ./TOF/Platform/platform.o
                0x0000000008005ad4                RdMulti
 .text.SwapBuffer
                0x0000000008005b02       0x6c ./TOF/Platform/platform.o
                0x0000000008005b02                SwapBuffer
 .text.WaitMs   0x0000000008005b6e       0x34 ./TOF/Platform/platform.o
                0x0000000008005b6e                WaitMs
 *fill*         0x0000000008005ba2        0x2 
 .text.BSP_I2C1_Init
                0x0000000008005ba4       0x64 ./TOF/Target/Src/custom_bus.o
                0x0000000008005ba4                BSP_I2C1_Init
 .text.BSP_I2C1_IsReady
                0x0000000008005c08       0x38 ./TOF/Target/Src/custom_bus.o
                0x0000000008005c08                BSP_I2C1_IsReady
 .text.BSP_I2C1_WriteReg16
                0x0000000008005c40       0x64 ./TOF/Target/Src/custom_bus.o
                0x0000000008005c40                BSP_I2C1_WriteReg16
 .text.BSP_I2C1_ReadReg16
                0x0000000008005ca4       0x64 ./TOF/Target/Src/custom_bus.o
                0x0000000008005ca4                BSP_I2C1_ReadReg16
 .text.BSP_GetTick
                0x0000000008005d08        0xe ./TOF/Target/Src/custom_bus.o
                0x0000000008005d08                BSP_GetTick
 *fill*         0x0000000008005d16        0x2 
 .text.MX_I2C1_Init
                0x0000000008005d18       0x68 ./TOF/Target/Src/custom_bus.o
                0x0000000008005d18                MX_I2C1_Init
 .text.I2C1_MspInit
                0x0000000008005d80       0xb0 ./TOF/Target/Src/custom_bus.o
 .text.VL53LMZ_Reset
                0x0000000008005e30       0x70 ./TOF/Target/Src/custom_tof.o
                0x0000000008005e30                VL53LMZ_Reset
 .text.VL53LMZ_Init
                0x0000000008005ea0       0xe0 ./TOF/Target/Src/custom_tof.o
                0x0000000008005ea0                VL53LMZ_Init
 .text.VL53LMZ_Config
                0x0000000008005f80       0xd4 ./TOF/Target/Src/custom_tof.o
                0x0000000008005f80                VL53LMZ_Config
 .text.VL53LMZ_Get_Distance
                0x0000000008006054       0xc0 ./TOF/Target/Src/custom_tof.o
                0x0000000008006054                VL53LMZ_Get_Distance
 .text.VL53LMZ_Get_Result
                0x0000000008006114       0xd2 ./TOF/Target/Src/custom_tof.o
                0x0000000008006114                VL53LMZ_Get_Result
 .text._vl53lmz_poll_for_answer
                0x00000000080061e6       0xa0 ./TOF/VL53LMZ_Driver/Src/vl53lmz_api.o
 .text._vl53lmz_poll_for_mcu_boot
                0x0000000008006286       0x86 ./TOF/VL53LMZ_Driver/Src/vl53lmz_api.o
 .text._vl53lmz_send_offset_data
                0x000000000800630c      0x398 ./TOF/VL53LMZ_Driver/Src/vl53lmz_api.o
 .text._vl53lmz_send_xtalk_data
                0x00000000080066a4      0x298 ./TOF/VL53LMZ_Driver/Src/vl53lmz_api.o
 .text.vl53lmz_is_alive
                0x000000000800693c      0x10a ./TOF/VL53LMZ_Driver/Src/vl53lmz_api.o
                0x000000000800693c                vl53lmz_is_alive
 *fill*         0x0000000008006a46        0x2 
 .text.vl53lmz_init
                0x0000000008006a48      0x9d8 ./TOF/VL53LMZ_Driver/Src/vl53lmz_api.o
                0x0000000008006a48                vl53lmz_init
 .text.vl53lmz_set_i2c_address
                0x0000000008007420       0x6c ./TOF/VL53LMZ_Driver/Src/vl53lmz_api.o
                0x0000000008007420                vl53lmz_set_i2c_address
 .text.vl53lmz_start_ranging
                0x000000000800748c       0x36 ./TOF/VL53LMZ_Driver/Src/vl53lmz_api.o
                0x000000000800748c                vl53lmz_start_ranging
 .text.vl53lmz_check_data_ready
                0x00000000080074c2       0xa6 ./TOF/VL53LMZ_Driver/Src/vl53lmz_api.o
                0x00000000080074c2                vl53lmz_check_data_ready
 .text.vl53lmz_get_ranging_data
                0x0000000008007568      0x1d8 ./TOF/VL53LMZ_Driver/Src/vl53lmz_api.o
                0x0000000008007568                vl53lmz_get_ranging_data
 .text.vl53lmz_get_resolution
                0x0000000008007740       0x4a ./TOF/VL53LMZ_Driver/Src/vl53lmz_api.o
                0x0000000008007740                vl53lmz_get_resolution
 .text.vl53lmz_set_resolution
                0x000000000800778a      0x1a8 ./TOF/VL53LMZ_Driver/Src/vl53lmz_api.o
                0x000000000800778a                vl53lmz_set_resolution
 .text.vl53lmz_set_ranging_frequency_hz
                0x0000000008007932       0x42 ./TOF/VL53LMZ_Driver/Src/vl53lmz_api.o
                0x0000000008007932                vl53lmz_set_ranging_frequency_hz
 .text.vl53lmz_set_integration_time_ms
                0x0000000008007974       0x6a ./TOF/VL53LMZ_Driver/Src/vl53lmz_api.o
                0x0000000008007974                vl53lmz_set_integration_time_ms
 *fill*         0x00000000080079de        0x2 
 .text.vl53lmz_set_sharpener_percent
                0x00000000080079e0       0x70 ./TOF/VL53LMZ_Driver/Src/vl53lmz_api.o
                0x00000000080079e0                vl53lmz_set_sharpener_percent
 .text.vl53lmz_set_ranging_mode
                0x0000000008007a50       0xae ./TOF/VL53LMZ_Driver/Src/vl53lmz_api.o
                0x0000000008007a50                vl53lmz_set_ranging_mode
 *fill*         0x0000000008007afe        0x2 
 .text.vl53lmz_dci_read_data
                0x0000000008007b00      0x114 ./TOF/VL53LMZ_Driver/Src/vl53lmz_api.o
                0x0000000008007b00                vl53lmz_dci_read_data
 .text.vl53lmz_dci_write_data
                0x0000000008007c14      0x13e ./TOF/VL53LMZ_Driver/Src/vl53lmz_api.o
                0x0000000008007c14                vl53lmz_dci_write_data
 .text.vl53lmz_dci_replace_data
                0x0000000008007d52       0x58 ./TOF/VL53LMZ_Driver/Src/vl53lmz_api.o
                0x0000000008007d52                vl53lmz_dci_replace_data
 *fill*         0x0000000008007daa        0x2 
 .text.vl53lmz_create_output_config
                0x0000000008007dac       0x90 ./TOF/VL53LMZ_Driver/Src/vl53lmz_api.o
                0x0000000008007dac                vl53lmz_create_output_config
 .text.vl53lmz_send_output_config_and_start
                0x0000000008007e3c      0x2a0 ./TOF/VL53LMZ_Driver/Src/vl53lmz_api.o
                0x0000000008007e3c                vl53lmz_send_output_config_and_start
 .text.memset   0x00000000080080dc       0x10 /home/xenia/st/stm32cubeide_1.14.0/plugins/com.st.stm32cube.ide.mcu.externaltools.gnu-tools-for-stm32.11.3.rel1.linux64_1.1.100.202309141235/tools/bin/../lib/gcc/arm-none-eabi/11.3.1/../../../../arm-none-eabi/lib/thumb/v7e-m+fp/hard/libc_nano.a(libc_a-memset.o)
                0x00000000080080dc                memset
 .text.__libc_init_array
                0x00000000080080ec       0x48 /home/xenia/st/stm32cubeide_1.14.0/plugins/com.st.stm32cube.ide.mcu.externaltools.gnu-tools-for-stm32.11.3.rel1.linux64_1.1.100.202309141235/tools/bin/../lib/gcc/arm-none-eabi/11.3.1/../../../../arm-none-eabi/lib/thumb/v7e-m+fp/hard/libc_nano.a(libc_a-init.o)
                0x00000000080080ec                __libc_init_array
 .text.memcpy   0x0000000008008134       0x1c /home/xenia/st/stm32cubeide_1.14.0/plugins/com.st.stm32cube.ide.mcu.externaltools.gnu-tools-for-stm32.11.3.rel1.linux64_1.1.100.202309141235/tools/bin/../lib/gcc/arm-none-eabi/11.3.1/../../../../arm-none-eabi/lib/thumb/v7e-m+fp/hard/libc_nano.a(libc_a-memcpy-stub.o)
                0x0000000008008134                memcpy
 .text.cos      0x0000000008008150       0xa8 /home/xenia/st/stm32cubeide_1.14.0/plugins/com.st.stm32cube.ide.mcu.externaltools.gnu-tools-for-stm32.11.3.rel1.linux64_1.1.100.202309141235/tools/bin/../lib/gcc/arm-none-eabi/11.3.1/../../../../arm-none-eabi/lib/thumb/v7e-m+fp/hard/libm.a(libm_a-s_cos.o)
                0x0000000008008150                cos
 .text.sin      0x00000000080081f8       0xb0 /home/xenia/st/stm32cubeide_1.14.0/plugins/com.st.stm32cube.ide.mcu.externaltools.gnu-tools-for-stm32.11.3.rel1.linux64_1.1.100.202309141235/tools/bin/../lib/gcc/arm-none-eabi/11.3.1/../../../../arm-none-eabi/lib/thumb/v7e-m+fp/hard/libm.a(libm_a-s_sin.o)
                0x00000000080081f8                sin
 .text.__kernel_cos
                0x00000000080082a8      0x18c /home/xenia/st/stm32cubeide_1.14.0/plugins/com.st.stm32cube.ide.mcu.externaltools.gnu-tools-for-stm32.11.3.rel1.linux64_1.1.100.202309141235/tools/bin/../lib/gcc/arm-none-eabi/11.3.1/../../../../arm-none-eabi/lib/thumb/v7e-m+fp/hard/libm.a(libm_a-k_cos.o)
                0x00000000080082a8                __kernel_cos
 *fill*         0x0000000008008434        0x4 
 .text.__kernel_sin
                0x0000000008008438      0x17c /home/xenia/st/stm32cubeide_1.14.0/plugins/com.st.stm32cube.ide.mcu.externaltools.gnu-tools-for-stm32.11.3.rel1.linux64_1.1.100.202309141235/tools/bin/../lib/gcc/arm-none-eabi/11.3.1/../../../../arm-none-eabi/lib/thumb/v7e-m+fp/hard/libm.a(libm_a-k_sin.o)
                0x0000000008008438                __kernel_sin
 *fill*         0x00000000080085b4        0x4 
 .text.__ieee754_rem_pio2
                0x00000000080085b8      0x40c /home/xenia/st/stm32cubeide_1.14.0/plugins/com.st.stm32cube.ide.mcu.externaltools.gnu-tools-for-stm32.11.3.rel1.linux64_1.1.100.202309141235/tools/bin/../lib/gcc/arm-none-eabi/11.3.1/../../../../arm-none-eabi/lib/thumb/v7e-m+fp/hard/libm.a(libm_a-e_rem_pio2.o)
                0x00000000080085b8                __ieee754_rem_pio2
 .text.fabs     0x00000000080089c4       0x12 /home/xenia/st/stm32cubeide_1.14.0/plugins/com.st.stm32cube.ide.mcu.externaltools.gnu-tools-for-stm32.11.3.rel1.linux64_1.1.100.202309141235/tools/bin/../lib/gcc/arm-none-eabi/11.3.1/../../../../arm-none-eabi/lib/thumb/v7e-m+fp/hard/libm.a(libm_a-s_fabs.o)
                0x00000000080089c4                fabs
 *fill*         0x00000000080089d6        0x2 
 .text.__kernel_rem_pio2
                0x00000000080089d8      0x69c /home/xenia/st/stm32cubeide_1.14.0/plugins/com.st.stm32cube.ide.mcu.externaltools.gnu-tools-for-stm32.11.3.rel1.linux64_1.1.100.202309141235/tools/bin/../lib/gcc/arm-none-eabi/11.3.1/../../../../arm-none-eabi/lib/thumb/v7e-m+fp/hard/libm.a(libm_a-k_rem_pio2.o)
                0x00000000080089d8                __kernel_rem_pio2
 *fill*         0x0000000008009074        0x4 
 .text.scalbn   0x0000000008009078       0xfc /home/xenia/st/stm32cubeide_1.14.0/plugins/com.st.stm32cube.ide.mcu.externaltools.gnu-tools-for-stm32.11.3.rel1.linux64_1.1.100.202309141235/tools/bin/../lib/gcc/arm-none-eabi/11.3.1/../../../../arm-none-eabi/lib/thumb/v7e-m+fp/hard/libm.a(libm_a-s_scalbn.o)
                0x0000000008009078                scalbn
 *fill*         0x0000000008009174        0x4 
 .text.floor    0x0000000008009178      0x100 /home/xenia/st/stm32cubeide_1.14.0/plugins/com.st.stm32cube.ide.mcu.externaltools.gnu-tools-for-stm32.11.3.rel1.linux64_1.1.100.202309141235/tools/bin/../lib/gcc/arm-none-eabi/11.3.1/../../../../arm-none-eabi/lib/thumb/v7e-m+fp/hard/libm.a(libm_a-s_floor.o)
                0x0000000008009178                floor
 *(.glue_7)
 .glue_7        0x0000000008009278        0x0 linker stubs
 *(.glue_7t)
 .glue_7t       0x0000000008009278        0x0 linker stubs
 *(.eh_frame)
 .eh_frame      0x0000000008009278        0x0 /home/xenia/st/stm32cubeide_1.14.0/plugins/com.st.stm32cube.ide.mcu.externaltools.gnu-tools-for-stm32.11.3.rel1.linux64_1.1.100.202309141235/tools/bin/../lib/gcc/arm-none-eabi/11.3.1/thumb/v7e-m+fp/hard/crtbegin.o
 *(.init)
 .init          0x0000000008009278        0x4 /home/xenia/st/stm32cubeide_1.14.0/plugins/com.st.stm32cube.ide.mcu.externaltools.gnu-tools-for-stm32.11.3.rel1.linux64_1.1.100.202309141235/tools/bin/../lib/gcc/arm-none-eabi/11.3.1/thumb/v7e-m+fp/hard/crti.o
                0x0000000008009278                _init
 .init          0x000000000800927c        0x8 /home/xenia/st/stm32cubeide_1.14.0/plugins/com.st.stm32cube.ide.mcu.externaltools.gnu-tools-for-stm32.11.3.rel1.linux64_1.1.100.202309141235/tools/bin/../lib/gcc/arm-none-eabi/11.3.1/thumb/v7e-m+fp/hard/crtn.o
 *(.fini)
 .fini          0x0000000008009284        0x4 /home/xenia/st/stm32cubeide_1.14.0/plugins/com.st.stm32cube.ide.mcu.externaltools.gnu-tools-for-stm32.11.3.rel1.linux64_1.1.100.202309141235/tools/bin/../lib/gcc/arm-none-eabi/11.3.1/thumb/v7e-m+fp/hard/crti.o
                0x0000000008009284                _fini
 .fini          0x0000000008009288        0x8 /home/xenia/st/stm32cubeide_1.14.0/plugins/com.st.stm32cube.ide.mcu.externaltools.gnu-tools-for-stm32.11.3.rel1.linux64_1.1.100.202309141235/tools/bin/../lib/gcc/arm-none-eabi/11.3.1/thumb/v7e-m+fp/hard/crtn.o
                0x0000000008009290                . = ALIGN (0x4)
                0x0000000008009290                _etext = .

.vfp11_veneer   0x0000000008009290        0x0
 .vfp11_veneer  0x0000000008009290        0x0 linker stubs

.v4_bx          0x0000000008009290        0x0
 .v4_bx         0x0000000008009290        0x0 linker stubs

.iplt           0x0000000008009290        0x0
 .iplt          0x0000000008009290        0x0 /home/xenia/st/stm32cubeide_1.14.0/plugins/com.st.stm32cube.ide.mcu.externaltools.gnu-tools-for-stm32.11.3.rel1.linux64_1.1.100.202309141235/tools/bin/../lib/gcc/arm-none-eabi/11.3.1/thumb/v7e-m+fp/hard/crtbegin.o

.rodata         0x0000000008009290    0x16318
                0x0000000008009290                . = ALIGN (0x4)
 *(.rodata)
 .rodata        0x0000000008009290       0x5c ./TOF/VL53LMZ_Driver/Src/vl53lmz_api.o
 *(.rodata*)
 *fill*         0x00000000080092ec        0x4 
 .rodata.VL53L7CX_Pitch_8x8
                0x00000000080092f0      0x200 ./Core/Lib/PointCloud/Src/point_cloud.o
                0x00000000080092f0                VL53L7CX_Pitch_8x8
 .rodata.VL53L5CX_Pitch_8x8
                0x00000000080094f0      0x200 ./Core/Lib/PointCloud/Src/point_cloud.o
                0x00000000080094f0                VL53L5CX_Pitch_8x8
 .rodata.VL53LX_Yaw_8x8
                0x00000000080096f0      0x200 ./Core/Lib/PointCloud/Src/point_cloud.o
                0x00000000080096f0                VL53LX_Yaw_8x8
 .rodata.AHBPrescTable
                0x00000000080098f0       0x10 ./Core/Src/system_stm32f4xx.o
                0x00000000080098f0                AHBPrescTable
 .rodata.APBPrescTable
                0x0000000008009900        0x8 ./Core/Src/system_stm32f4xx.o
                0x0000000008009900                APBPrescTable
 .rodata.VL53LMZ_FIRMWARE
                0x0000000008009908    0x15000 ./TOF/VL53LMZ_Driver/Src/vl53lmz_api.o
                0x0000000008009908                VL53LMZ_FIRMWARE
 .rodata.VL53L8_DEFAULT_CONFIGURATION
                0x000000000801e908      0x3cc ./TOF/VL53LMZ_Driver/Src/vl53lmz_api.o
                0x000000000801e908                VL53L8_DEFAULT_CONFIGURATION
 .rodata.VL53L7_DEFAULT_CONFIGURATION
                0x000000000801ecd4      0x3cc ./TOF/VL53LMZ_Driver/Src/vl53lmz_api.o
                0x000000000801ecd4                VL53L7_DEFAULT_CONFIGURATION
 .rodata.VL53LMZ_DEFAULT_XTALK
                0x000000000801f0a0      0x308 ./TOF/VL53LMZ_Driver/Src/vl53lmz_api.o
                0x000000000801f0a0                VL53LMZ_DEFAULT_XTALK
 .rodata.VL53LMZ_GET_NVM_CMD
                0x000000000801f3a8       0x28 ./TOF/VL53LMZ_Driver/Src/vl53lmz_api.o
                0x000000000801f3a8                VL53LMZ_GET_NVM_CMD
 .rodata.npio2_hw
                0x000000000801f3d0       0x80 /home/xenia/st/stm32cubeide_1.14.0/plugins/com.st.stm32cube.ide.mcu.externaltools.gnu-tools-for-stm32.11.3.rel1.linux64_1.1.100.202309141235/tools/bin/../lib/gcc/arm-none-eabi/11.3.1/../../../../arm-none-eabi/lib/thumb/v7e-m+fp/hard/libm.a(libm_a-e_rem_pio2.o)
 .rodata.two_over_pi
                0x000000000801f450      0x108 /home/xenia/st/stm32cubeide_1.14.0/plugins/com.st.stm32cube.ide.mcu.externaltools.gnu-tools-for-stm32.11.3.rel1.linux64_1.1.100.202309141235/tools/bin/../lib/gcc/arm-none-eabi/11.3.1/../../../../arm-none-eabi/lib/thumb/v7e-m+fp/hard/libm.a(libm_a-e_rem_pio2.o)
 .rodata.PIo2   0x000000000801f558       0x40 /home/xenia/st/stm32cubeide_1.14.0/plugins/com.st.stm32cube.ide.mcu.externaltools.gnu-tools-for-stm32.11.3.rel1.linux64_1.1.100.202309141235/tools/bin/../lib/gcc/arm-none-eabi/11.3.1/../../../../arm-none-eabi/lib/thumb/v7e-m+fp/hard/libm.a(libm_a-k_rem_pio2.o)
 .rodata.init_jk
                0x000000000801f598       0x10 /home/xenia/st/stm32cubeide_1.14.0/plugins/com.st.stm32cube.ide.mcu.externaltools.gnu-tools-for-stm32.11.3.rel1.linux64_1.1.100.202309141235/tools/bin/../lib/gcc/arm-none-eabi/11.3.1/../../../../arm-none-eabi/lib/thumb/v7e-m+fp/hard/libm.a(libm_a-k_rem_pio2.o)
                0x000000000801f5a8                . = ALIGN (0x4)

.ARM.extab      0x000000000801f5a8        0x0
                0x000000000801f5a8                . = ALIGN (0x4)
 *(.ARM.extab* .gnu.linkonce.armextab.*)
                0x000000000801f5a8                . = ALIGN (0x4)

.ARM            0x000000000801f5a8        0x8
                0x000000000801f5a8                . = ALIGN (0x4)
                0x000000000801f5a8                __exidx_start = .
 *(.ARM.exidx*)
 .ARM.exidx     0x000000000801f5a8        0x8 /home/xenia/st/stm32cubeide_1.14.0/plugins/com.st.stm32cube.ide.mcu.externaltools.gnu-tools-for-stm32.11.3.rel1.linux64_1.1.100.202309141235/tools/bin/../lib/gcc/arm-none-eabi/11.3.1/thumb/v7e-m+fp/hard/libgcc.a(_udivmoddi4.o)
                0x000000000801f5b0                __exidx_end = .
                0x000000000801f5b0                . = ALIGN (0x4)

.rel.dyn        0x000000000801f5b0        0x0
 .rel.iplt      0x000000000801f5b0        0x0 /home/xenia/st/stm32cubeide_1.14.0/plugins/com.st.stm32cube.ide.mcu.externaltools.gnu-tools-for-stm32.11.3.rel1.linux64_1.1.100.202309141235/tools/bin/../lib/gcc/arm-none-eabi/11.3.1/thumb/v7e-m+fp/hard/crtbegin.o

.preinit_array  0x000000000801f5b0        0x0
                0x000000000801f5b0                . = ALIGN (0x4)
                0x000000000801f5b0                PROVIDE (__preinit_array_start = .)
 *(.preinit_array*)
                0x000000000801f5b0                PROVIDE (__preinit_array_end = .)
                0x000000000801f5b0                . = ALIGN (0x4)

.init_array     0x000000000801f5b0        0x4
                0x000000000801f5b0                . = ALIGN (0x4)
                0x000000000801f5b0                PROVIDE (__init_array_start = .)
 *(SORT_BY_NAME(.init_array.*))
 *(.init_array*)
 .init_array    0x000000000801f5b0        0x4 /home/xenia/st/stm32cubeide_1.14.0/plugins/com.st.stm32cube.ide.mcu.externaltools.gnu-tools-for-stm32.11.3.rel1.linux64_1.1.100.202309141235/tools/bin/../lib/gcc/arm-none-eabi/11.3.1/thumb/v7e-m+fp/hard/crtbegin.o
                0x000000000801f5b4                PROVIDE (__init_array_end = .)
                0x000000000801f5b4                . = ALIGN (0x4)

.fini_array     0x000000000801f5b4        0x4
                0x000000000801f5b4                . = ALIGN (0x4)
                [!provide]                        PROVIDE (__fini_array_start = .)
 *(SORT_BY_NAME(.fini_array.*))
 *(.fini_array*)
 .fini_array    0x000000000801f5b4        0x4 /home/xenia/st/stm32cubeide_1.14.0/plugins/com.st.stm32cube.ide.mcu.externaltools.gnu-tools-for-stm32.11.3.rel1.linux64_1.1.100.202309141235/tools/bin/../lib/gcc/arm-none-eabi/11.3.1/thumb/v7e-m+fp/hard/crtbegin.o
                [!provide]                        PROVIDE (__fini_array_end = .)
                0x000000000801f5b8                . = ALIGN (0x4)
                0x000000000801f5b8                _sidata = LOADADDR (.data)

.data           0x0000000020000000     0x6748 load address 0x000000000801f5b8
                0x0000000020000000                . = ALIGN (0x4)
                0x0000000020000000                _sdata = .
 *(.data)
 *(.data*)
 .data.center   0x0000000020000000     0x2264 ./Core/Src/main.o
                0x0000000020000000                center
 .data.right    0x0000000020002264     0x2264 ./Core/Src/main.o
                0x0000000020002264                right
 .data.left     0x00000000200044c8     0x2264 ./Core/Src/main.o
                0x00000000200044c8                left
 .data.SystemCoreClock
                0x000000002000672c        0x4 ./Core/Src/system_stm32f4xx.o
                0x000000002000672c                SystemCoreClock
 .data.uwTickPrio
                0x0000000020006730        0x4 ./Drivers/STM32F4xx_HAL_Driver/Src/stm32f4xx_hal.o
                0x0000000020006730                uwTickPrio
 .data.uwTickFreq
                0x0000000020006734        0x1 ./Drivers/STM32F4xx_HAL_Driver/Src/stm32f4xx_hal.o
                0x0000000020006734                uwTickFreq
 *fill*         0x0000000020006735        0x3 
 .data.g_output_bh_enable
                0x0000000020006738       0x10 ./TOF/VL53LMZ_Driver/Src/vl53lmz_api.o
 *(.RamFunc)
 *(.RamFunc*)
                0x0000000020006748                . = ALIGN (0x4)
                0x0000000020006748                _edata = .

.igot.plt       0x0000000020006748        0x0 load address 0x0000000008025d00
 .igot.plt      0x0000000020006748        0x0 /home/xenia/st/stm32cubeide_1.14.0/plugins/com.st.stm32cube.ide.mcu.externaltools.gnu-tools-for-stm32.11.3.rel1.linux64_1.1.100.202309141235/tools/bin/../lib/gcc/arm-none-eabi/11.3.1/thumb/v7e-m+fp/hard/crtbegin.o
                0x0000000020006748                . = ALIGN (0x4)

.bss            0x0000000020006748     0x1d90 load address 0x0000000008025d00
                0x0000000020006748                _sbss = .
                0x0000000020006748                __bss_start__ = _sbss
 *(.bss)
 .bss           0x0000000020006748       0x1c /home/xenia/st/stm32cubeide_1.14.0/plugins/com.st.stm32cube.ide.mcu.externaltools.gnu-tools-for-stm32.11.3.rel1.linux64_1.1.100.202309141235/tools/bin/../lib/gcc/arm-none-eabi/11.3.1/thumb/v7e-m+fp/hard/crtbegin.o
 *(.bss*)
 *fill*         0x0000000020006764        0x4 
 .bss.map       0x0000000020006768     0x1800 ./Core/Lib/PointCloud/Src/point_cloud.o
                0x0000000020006768                map
 .bss.convert_x
                0x0000000020007f68        0x4 ./Core/Lib/PointCloud/Src/point_cloud.o
                0x0000000020007f68                convert_x
 .bss.convert_y
                0x0000000020007f6c        0x4 ./Core/Lib/PointCloud/Src/point_cloud.o
                0x0000000020007f6c                convert_y
 .bss.convert_z
                0x0000000020007f70        0x4 ./Core/Lib/PointCloud/Src/point_cloud.o
                0x0000000020007f70                convert_z
 .bss.point_bytes
                0x0000000020007f74        0xd ./Core/Lib/PointCloud/Src/point_cloud.o
                0x0000000020007f74                point_bytes
 *fill*         0x0000000020007f81        0x3 
 .bss.hypothenus
                0x0000000020007f84        0x4 ./Core/Lib/PointCloud/Src/point_cloud.o
                0x0000000020007f84                hypothenus
 .bss.distance  0x0000000020007f88        0x4 ./Core/Lib/PointCloud/Src/point_cloud.o
                0x0000000020007f88                distance
 .bss.roll      0x0000000020007f8c        0x4 ./Core/Lib/PointCloud/Src/point_cloud.o
                0x0000000020007f8c                roll
 .bss.pitch     0x0000000020007f90        0x4 ./Core/Lib/PointCloud/Src/point_cloud.o
                0x0000000020007f90                pitch
 .bss.yaw       0x0000000020007f94        0x4 ./Core/Lib/PointCloud/Src/point_cloud.o
                0x0000000020007f94                yaw
 .bss.x         0x0000000020007f98        0x4 ./Core/Lib/PointCloud/Src/point_cloud.o
                0x0000000020007f98                x
 .bss.y         0x0000000020007f9c        0x4 ./Core/Lib/PointCloud/Src/point_cloud.o
                0x0000000020007f9c                y
 .bss.z         0x0000000020007fa0        0x4 ./Core/Lib/PointCloud/Src/point_cloud.o
                0x0000000020007fa0                z
 .bss.huart2    0x0000000020007fa4       0x48 ./Core/Src/main.o
                0x0000000020007fa4                huart2
 .bss.rx_buffer
                0x0000000020007fec        0x4 ./Core/Src/main.o
                0x0000000020007fec                rx_buffer
 .bss.which_TOF
                0x0000000020007ff0        0x1 ./Core/Src/main.o
                0x0000000020007ff0                which_TOF
 .bss.status    0x0000000020007ff1        0x1 ./Core/Src/main.o
                0x0000000020007ff1                status
 *fill*         0x0000000020007ff2        0x2 
 .bss.data      0x0000000020007ff4      0x404 ./Core/Src/main.o
                0x0000000020007ff4                data
 .bss.initialized
                0x00000000200083f8        0x1 ./Core/Src/main.o
                0x00000000200083f8                initialized
 *fill*         0x00000000200083f9        0x3 
 .bss.uwTick    0x00000000200083fc        0x4 ./Drivers/STM32F4xx_HAL_Driver/Src/stm32f4xx_hal.o
                0x00000000200083fc                uwTick
 .bss.hi2c1     0x0000000020008400       0x54 ./TOF/Target/Src/custom_bus.o
                0x0000000020008400                hi2c1
 .bss.I2C1InitCounter
                0x0000000020008454        0x4 ./TOF/Target/Src/custom_bus.o
 .bss.g_output_config
                0x0000000020008458       0x80 ./TOF/VL53LMZ_Driver/Src/vl53lmz_api.o
 *(COMMON)
                0x00000000200084d8                . = ALIGN (0x4)
                0x00000000200084d8                _ebss = .
                0x00000000200084d8                __bss_end__ = _ebss

._user_heap_stack
                0x00000000200084d8      0x600 load address 0x0000000008025d00
                0x00000000200084d8                . = ALIGN (0x8)
                [!provide]                        PROVIDE (end = .)
                0x00000000200084d8                PROVIDE (_end = .)
                0x00000000200086d8                . = (. + _Min_Heap_Size)
 *fill*         0x00000000200084d8      0x200 
                0x0000000020008ad8                . = (. + _Min_Stack_Size)
 *fill*         0x00000000200086d8      0x400 
                0x0000000020008ad8                . = ALIGN (0x8)

/DISCARD/
 libc.a(*)
 libm.a(*)
 libgcc.a(*)

.ARM.attributes
                0x0000000000000000       0x30
 *(.ARM.attributes)
 .ARM.attributes
                0x0000000000000000       0x1e /home/xenia/st/stm32cubeide_1.14.0/plugins/com.st.stm32cube.ide.mcu.externaltools.gnu-tools-for-stm32.11.3.rel1.linux64_1.1.100.202309141235/tools/bin/../lib/gcc/arm-none-eabi/11.3.1/thumb/v7e-m+fp/hard/crti.o
 .ARM.attributes
                0x000000000000001e       0x34 /home/xenia/st/stm32cubeide_1.14.0/plugins/com.st.stm32cube.ide.mcu.externaltools.gnu-tools-for-stm32.11.3.rel1.linux64_1.1.100.202309141235/tools/bin/../lib/gcc/arm-none-eabi/11.3.1/thumb/v7e-m+fp/hard/crtbegin.o
 .ARM.attributes
                0x0000000000000052       0x34 ./Core/Lib/PointCloud/Src/point_cloud.o
 .ARM.attributes
                0x0000000000000086       0x34 ./Core/Src/main.o
 .ARM.attributes
                0x00000000000000ba       0x34 ./Core/Src/stm32f4xx_hal_msp.o
 .ARM.attributes
                0x00000000000000ee       0x34 ./Core/Src/stm32f4xx_it.o
 .ARM.attributes
                0x0000000000000122       0x34 ./Core/Src/system_stm32f4xx.o
 .ARM.attributes
                0x0000000000000156       0x21 ./Core/Startup/startup_stm32f401retx.o
 .ARM.attributes
                0x0000000000000177       0x34 ./Drivers/STM32F4xx_HAL_Driver/Src/stm32f4xx_hal.o
 .ARM.attributes
                0x00000000000001ab       0x34 ./Drivers/STM32F4xx_HAL_Driver/Src/stm32f4xx_hal_cortex.o
 .ARM.attributes
                0x00000000000001df       0x34 ./Drivers/STM32F4xx_HAL_Driver/Src/stm32f4xx_hal_dma.o
 .ARM.attributes
                0x0000000000000213       0x34 ./Drivers/STM32F4xx_HAL_Driver/Src/stm32f4xx_hal_gpio.o
 .ARM.attributes
                0x0000000000000247       0x34 ./Drivers/STM32F4xx_HAL_Driver/Src/stm32f4xx_hal_i2c.o
 .ARM.attributes
                0x000000000000027b       0x34 ./Drivers/STM32F4xx_HAL_Driver/Src/stm32f4xx_hal_rcc.o
 .ARM.attributes
                0x00000000000002af       0x34 ./Drivers/STM32F4xx_HAL_Driver/Src/stm32f4xx_hal_uart.o
 .ARM.attributes
                0x00000000000002e3       0x34 ./TOF/Platform/platform.o
 .ARM.attributes
                0x0000000000000317       0x34 ./TOF/Target/Src/custom_bus.o
 .ARM.attributes
                0x000000000000034b       0x34 ./TOF/Target/Src/custom_tof.o
 .ARM.attributes
                0x000000000000037f       0x34 ./TOF/VL53LMZ_Driver/Src/vl53lmz_api.o
 .ARM.attributes
                0x00000000000003b3       0x34 /home/xenia/st/stm32cubeide_1.14.0/plugins/com.st.stm32cube.ide.mcu.externaltools.gnu-tools-for-stm32.11.3.rel1.linux64_1.1.100.202309141235/tools/bin/../lib/gcc/arm-none-eabi/11.3.1/../../../../arm-none-eabi/lib/thumb/v7e-m+fp/hard/libc_nano.a(libc_a-memset.o)
 .ARM.attributes
                0x00000000000003e7       0x34 /home/xenia/st/stm32cubeide_1.14.0/plugins/com.st.stm32cube.ide.mcu.externaltools.gnu-tools-for-stm32.11.3.rel1.linux64_1.1.100.202309141235/tools/bin/../lib/gcc/arm-none-eabi/11.3.1/../../../../arm-none-eabi/lib/thumb/v7e-m+fp/hard/libc_nano.a(libc_a-init.o)
 .ARM.attributes
                0x000000000000041b       0x34 /home/xenia/st/stm32cubeide_1.14.0/plugins/com.st.stm32cube.ide.mcu.externaltools.gnu-tools-for-stm32.11.3.rel1.linux64_1.1.100.202309141235/tools/bin/../lib/gcc/arm-none-eabi/11.3.1/../../../../arm-none-eabi/lib/thumb/v7e-m+fp/hard/libc_nano.a(libc_a-memcpy-stub.o)
 .ARM.attributes
                0x000000000000044f       0x34 /home/xenia/st/stm32cubeide_1.14.0/plugins/com.st.stm32cube.ide.mcu.externaltools.gnu-tools-for-stm32.11.3.rel1.linux64_1.1.100.202309141235/tools/bin/../lib/gcc/arm-none-eabi/11.3.1/../../../../arm-none-eabi/lib/thumb/v7e-m+fp/hard/libm.a(libm_a-s_cos.o)
 .ARM.attributes
                0x0000000000000483       0x34 /home/xenia/st/stm32cubeide_1.14.0/plugins/com.st.stm32cube.ide.mcu.externaltools.gnu-tools-for-stm32.11.3.rel1.linux64_1.1.100.202309141235/tools/bin/../lib/gcc/arm-none-eabi/11.3.1/../../../../arm-none-eabi/lib/thumb/v7e-m+fp/hard/libm.a(libm_a-s_sin.o)
 .ARM.attributes
                0x00000000000004b7       0x34 /home/xenia/st/stm32cubeide_1.14.0/plugins/com.st.stm32cube.ide.mcu.externaltools.gnu-tools-for-stm32.11.3.rel1.linux64_1.1.100.202309141235/tools/bin/../lib/gcc/arm-none-eabi/11.3.1/../../../../arm-none-eabi/lib/thumb/v7e-m+fp/hard/libm.a(libm_a-k_cos.o)
 .ARM.attributes
                0x00000000000004eb       0x34 /home/xenia/st/stm32cubeide_1.14.0/plugins/com.st.stm32cube.ide.mcu.externaltools.gnu-tools-for-stm32.11.3.rel1.linux64_1.1.100.202309141235/tools/bin/../lib/gcc/arm-none-eabi/11.3.1/../../../../arm-none-eabi/lib/thumb/v7e-m+fp/hard/libm.a(libm_a-k_sin.o)
 .ARM.attributes
                0x000000000000051f       0x34 /home/xenia/st/stm32cubeide_1.14.0/plugins/com.st.stm32cube.ide.mcu.externaltools.gnu-tools-for-stm32.11.3.rel1.linux64_1.1.100.202309141235/tools/bin/../lib/gcc/arm-none-eabi/11.3.1/../../../../arm-none-eabi/lib/thumb/v7e-m+fp/hard/libm.a(libm_a-e_rem_pio2.o)
 .ARM.attributes
                0x0000000000000553       0x34 /home/xenia/st/stm32cubeide_1.14.0/plugins/com.st.stm32cube.ide.mcu.externaltools.gnu-tools-for-stm32.11.3.rel1.linux64_1.1.100.202309141235/tools/bin/../lib/gcc/arm-none-eabi/11.3.1/../../../../arm-none-eabi/lib/thumb/v7e-m+fp/hard/libm.a(libm_a-s_fabs.o)
 .ARM.attributes
                0x0000000000000587       0x34 /home/xenia/st/stm32cubeide_1.14.0/plugins/com.st.stm32cube.ide.mcu.externaltools.gnu-tools-for-stm32.11.3.rel1.linux64_1.1.100.202309141235/tools/bin/../lib/gcc/arm-none-eabi/11.3.1/../../../../arm-none-eabi/lib/thumb/v7e-m+fp/hard/libm.a(libm_a-k_rem_pio2.o)
 .ARM.attributes
                0x00000000000005bb       0x34 /home/xenia/st/stm32cubeide_1.14.0/plugins/com.st.stm32cube.ide.mcu.externaltools.gnu-tools-for-stm32.11.3.rel1.linux64_1.1.100.202309141235/tools/bin/../lib/gcc/arm-none-eabi/11.3.1/../../../../arm-none-eabi/lib/thumb/v7e-m+fp/hard/libm.a(libm_a-s_scalbn.o)
 .ARM.attributes
                0x00000000000005ef       0x34 /home/xenia/st/stm32cubeide_1.14.0/plugins/com.st.stm32cube.ide.mcu.externaltools.gnu-tools-for-stm32.11.3.rel1.linux64_1.1.100.202309141235/tools/bin/../lib/gcc/arm-none-eabi/11.3.1/../../../../arm-none-eabi/lib/thumb/v7e-m+fp/hard/libm.a(libm_a-s_floor.o)
 .ARM.attributes
                0x0000000000000623       0x1e /home/xenia/st/stm32cubeide_1.14.0/plugins/com.st.stm32cube.ide.mcu.externaltools.gnu-tools-for-stm32.11.3.rel1.linux64_1.1.100.202309141235/tools/bin/../lib/gcc/arm-none-eabi/11.3.1/thumb/v7e-m+fp/hard/libgcc.a(_arm_addsubdf3.o)
 .ARM.attributes
                0x0000000000000641       0x1e /home/xenia/st/stm32cubeide_1.14.0/plugins/com.st.stm32cube.ide.mcu.externaltools.gnu-tools-for-stm32.11.3.rel1.linux64_1.1.100.202309141235/tools/bin/../lib/gcc/arm-none-eabi/11.3.1/thumb/v7e-m+fp/hard/libgcc.a(_arm_muldivdf3.o)
 .ARM.attributes
                0x000000000000065f       0x1e /home/xenia/st/stm32cubeide_1.14.0/plugins/com.st.stm32cube.ide.mcu.externaltools.gnu-tools-for-stm32.11.3.rel1.linux64_1.1.100.202309141235/tools/bin/../lib/gcc/arm-none-eabi/11.3.1/thumb/v7e-m+fp/hard/libgcc.a(_arm_cmpdf2.o)
 .ARM.attributes
                0x000000000000067d       0x1e /home/xenia/st/stm32cubeide_1.14.0/plugins/com.st.stm32cube.ide.mcu.externaltools.gnu-tools-for-stm32.11.3.rel1.linux64_1.1.100.202309141235/tools/bin/../lib/gcc/arm-none-eabi/11.3.1/thumb/v7e-m+fp/hard/libgcc.a(_arm_fixdfsi.o)
 .ARM.attributes
                0x000000000000069b       0x1e /home/xenia/st/stm32cubeide_1.14.0/plugins/com.st.stm32cube.ide.mcu.externaltools.gnu-tools-for-stm32.11.3.rel1.linux64_1.1.100.202309141235/tools/bin/../lib/gcc/arm-none-eabi/11.3.1/thumb/v7e-m+fp/hard/libgcc.a(_arm_truncdfsf2.o)
 .ARM.attributes
                0x00000000000006b9       0x1e /home/xenia/st/stm32cubeide_1.14.0/plugins/com.st.stm32cube.ide.mcu.externaltools.gnu-tools-for-stm32.11.3.rel1.linux64_1.1.100.202309141235/tools/bin/../lib/gcc/arm-none-eabi/11.3.1/thumb/v7e-m+fp/hard/libgcc.a(_aeabi_uldivmod.o)
 .ARM.attributes
                0x00000000000006d7       0x34 /home/xenia/st/stm32cubeide_1.14.0/plugins/com.st.stm32cube.ide.mcu.externaltools.gnu-tools-for-stm32.11.3.rel1.linux64_1.1.100.202309141235/tools/bin/../lib/gcc/arm-none-eabi/11.3.1/thumb/v7e-m+fp/hard/libgcc.a(_udivmoddi4.o)
 .ARM.attributes
                0x000000000000070b       0x1e /home/xenia/st/stm32cubeide_1.14.0/plugins/com.st.stm32cube.ide.mcu.externaltools.gnu-tools-for-stm32.11.3.rel1.linux64_1.1.100.202309141235/tools/bin/../lib/gcc/arm-none-eabi/11.3.1/thumb/v7e-m+fp/hard/libgcc.a(_dvmd_tls.o)
 .ARM.attributes
                0x0000000000000729       0x1e /home/xenia/st/stm32cubeide_1.14.0/plugins/com.st.stm32cube.ide.mcu.externaltools.gnu-tools-for-stm32.11.3.rel1.linux64_1.1.100.202309141235/tools/bin/../lib/gcc/arm-none-eabi/11.3.1/thumb/v7e-m+fp/hard/crtn.o
OUTPUT(VL53LMZ.elf elf32-littlearm)
LOAD linker stubs
LOAD /home/xenia/st/stm32cubeide_1.14.0/plugins/com.st.stm32cube.ide.mcu.externaltools.gnu-tools-for-stm32.11.3.rel1.linux64_1.1.100.202309141235/tools/bin/../lib/gcc/arm-none-eabi/11.3.1/../../../../arm-none-eabi/lib/thumb/v7e-m+fp/hard/libc.a
LOAD /home/xenia/st/stm32cubeide_1.14.0/plugins/com.st.stm32cube.ide.mcu.externaltools.gnu-tools-for-stm32.11.3.rel1.linux64_1.1.100.202309141235/tools/bin/../lib/gcc/arm-none-eabi/11.3.1/../../../../arm-none-eabi/lib/thumb/v7e-m+fp/hard/libm.a
LOAD /home/xenia/st/stm32cubeide_1.14.0/plugins/com.st.stm32cube.ide.mcu.externaltools.gnu-tools-for-stm32.11.3.rel1.linux64_1.1.100.202309141235/tools/bin/../lib/gcc/arm-none-eabi/11.3.1/thumb/v7e-m+fp/hard/libgcc.a

.comment        0x0000000000000000       0x43
 .comment       0x0000000000000000       0x43 /home/xenia/st/stm32cubeide_1.14.0/plugins/com.st.stm32cube.ide.mcu.externaltools.gnu-tools-for-stm32.11.3.rel1.linux64_1.1.100.202309141235/tools/bin/../lib/gcc/arm-none-eabi/11.3.1/thumb/v7e-m+fp/hard/crtbegin.o
                                         0x44 (size before relaxing)
 .comment       0x0000000000000043       0x44 ./Core/Lib/PointCloud/Src/point_cloud.o
 .comment       0x0000000000000043       0x44 ./Core/Src/main.o
 .comment       0x0000000000000043       0x44 ./Core/Src/stm32f4xx_hal_msp.o
 .comment       0x0000000000000043       0x44 ./Core/Src/stm32f4xx_it.o
 .comment       0x0000000000000043       0x44 ./Core/Src/system_stm32f4xx.o
 .comment       0x0000000000000043       0x44 ./Drivers/STM32F4xx_HAL_Driver/Src/stm32f4xx_hal.o
 .comment       0x0000000000000043       0x44 ./Drivers/STM32F4xx_HAL_Driver/Src/stm32f4xx_hal_cortex.o
 .comment       0x0000000000000043       0x44 ./Drivers/STM32F4xx_HAL_Driver/Src/stm32f4xx_hal_dma.o
 .comment       0x0000000000000043       0x44 ./Drivers/STM32F4xx_HAL_Driver/Src/stm32f4xx_hal_gpio.o
 .comment       0x0000000000000043       0x44 ./Drivers/STM32F4xx_HAL_Driver/Src/stm32f4xx_hal_i2c.o
 .comment       0x0000000000000043       0x44 ./Drivers/STM32F4xx_HAL_Driver/Src/stm32f4xx_hal_rcc.o
 .comment       0x0000000000000043       0x44 ./Drivers/STM32F4xx_HAL_Driver/Src/stm32f4xx_hal_uart.o
 .comment       0x0000000000000043       0x44 ./TOF/Platform/platform.o
 .comment       0x0000000000000043       0x44 ./TOF/Target/Src/custom_bus.o
 .comment       0x0000000000000043       0x44 ./TOF/Target/Src/custom_tof.o
 .comment       0x0000000000000043       0x44 ./TOF/VL53LMZ_Driver/Src/vl53lmz_api.o

.debug_info     0x0000000000000000     0xeb81
 .debug_info    0x0000000000000000      0xce8 ./Core/Lib/PointCloud/Src/point_cloud.o
 .debug_info    0x0000000000000ce8     0x1331 ./Core/Src/main.o
 .debug_info    0x0000000000002019      0xe15 ./Core/Src/stm32f4xx_hal_msp.o
 .debug_info    0x0000000000002e2e      0x682 ./Core/Src/stm32f4xx_it.o
 .debug_info    0x00000000000034b0      0x53e ./Core/Src/system_stm32f4xx.o
 .debug_info    0x00000000000039ee       0x23 ./Core/Startup/startup_stm32f401retx.o
 .debug_info    0x0000000000003a11      0x8bb ./Drivers/STM32F4xx_HAL_Driver/Src/stm32f4xx_hal.o
 .debug_info    0x00000000000042cc      0xcf6 ./Drivers/STM32F4xx_HAL_Driver/Src/stm32f4xx_hal_cortex.o
 .debug_info    0x0000000000004fc2      0x8e6 ./Drivers/STM32F4xx_HAL_Driver/Src/stm32f4xx_hal_dma.o
 .debug_info    0x00000000000058a8      0x6f9 ./Drivers/STM32F4xx_HAL_Driver/Src/stm32f4xx_hal_gpio.o
 .debug_info    0x0000000000005fa1     0x2426 ./Drivers/STM32F4xx_HAL_Driver/Src/stm32f4xx_hal_i2c.o
 .debug_info    0x00000000000083c7      0x8f1 ./Drivers/STM32F4xx_HAL_Driver/Src/stm32f4xx_hal_rcc.o
 .debug_info    0x0000000000008cb8     0x2f56 ./Drivers/STM32F4xx_HAL_Driver/Src/stm32f4xx_hal_uart.o
 .debug_info    0x000000000000bc0e      0x335 ./TOF/Platform/platform.o
 .debug_info    0x000000000000bf43      0xe17 ./TOF/Target/Src/custom_bus.o
 .debug_info    0x000000000000cd5a      0x93d ./TOF/Target/Src/custom_tof.o
 .debug_info    0x000000000000d697     0x14ea ./TOF/VL53LMZ_Driver/Src/vl53lmz_api.o

.debug_abbrev   0x0000000000000000     0x2597
 .debug_abbrev  0x0000000000000000      0x2e1 ./Core/Lib/PointCloud/Src/point_cloud.o
 .debug_abbrev  0x00000000000002e1      0x353 ./Core/Src/main.o
 .debug_abbrev  0x0000000000000634      0x1cb ./Core/Src/stm32f4xx_hal_msp.o
 .debug_abbrev  0x00000000000007ff      0x197 ./Core/Src/stm32f4xx_it.o
 .debug_abbrev  0x0000000000000996      0x11a ./Core/Src/system_stm32f4xx.o
 .debug_abbrev  0x0000000000000ab0       0x12 ./Core/Startup/startup_stm32f401retx.o
 .debug_abbrev  0x0000000000000ac2      0x24b ./Drivers/STM32F4xx_HAL_Driver/Src/stm32f4xx_hal.o
 .debug_abbrev  0x0000000000000d0d      0x31d ./Drivers/STM32F4xx_HAL_Driver/Src/stm32f4xx_hal_cortex.o
 .debug_abbrev  0x000000000000102a      0x221 ./Drivers/STM32F4xx_HAL_Driver/Src/stm32f4xx_hal_dma.o
 .debug_abbrev  0x000000000000124b      0x1d3 ./Drivers/STM32F4xx_HAL_Driver/Src/stm32f4xx_hal_gpio.o
 .debug_abbrev  0x000000000000141e      0x2bc ./Drivers/STM32F4xx_HAL_Driver/Src/stm32f4xx_hal_i2c.o
 .debug_abbrev  0x00000000000016da      0x2b6 ./Drivers/STM32F4xx_HAL_Driver/Src/stm32f4xx_hal_rcc.o
 .debug_abbrev  0x0000000000001990      0x31b ./Drivers/STM32F4xx_HAL_Driver/Src/stm32f4xx_hal_uart.o
 .debug_abbrev  0x0000000000001cab      0x10c ./TOF/Platform/platform.o
 .debug_abbrev  0x0000000000001db7      0x2b5 ./TOF/Target/Src/custom_bus.o
 .debug_abbrev  0x000000000000206c      0x25d ./TOF/Target/Src/custom_tof.o
 .debug_abbrev  0x00000000000022c9      0x2ce ./TOF/VL53LMZ_Driver/Src/vl53lmz_api.o

.debug_aranges  0x0000000000000000      0xc38
 .debug_aranges
                0x0000000000000000       0x38 ./Core/Lib/PointCloud/Src/point_cloud.o
 .debug_aranges
                0x0000000000000038       0x50 ./Core/Src/main.o
 .debug_aranges
                0x0000000000000088       0x40 ./Core/Src/stm32f4xx_hal_msp.o
 .debug_aranges
                0x00000000000000c8       0x80 ./Core/Src/stm32f4xx_it.o
 .debug_aranges
                0x0000000000000148       0x28 ./Core/Src/system_stm32f4xx.o
 .debug_aranges
                0x0000000000000170       0x28 ./Core/Startup/startup_stm32f401retx.o
 .debug_aranges
                0x0000000000000198       0xf0 ./Drivers/STM32F4xx_HAL_Driver/Src/stm32f4xx_hal.o
 .debug_aranges
                0x0000000000000288      0x130 ./Drivers/STM32F4xx_HAL_Driver/Src/stm32f4xx_hal_cortex.o
 .debug_aranges
                0x00000000000003b8       0x90 ./Drivers/STM32F4xx_HAL_Driver/Src/stm32f4xx_hal_dma.o
 .debug_aranges
                0x0000000000000448       0x58 ./Drivers/STM32F4xx_HAL_Driver/Src/stm32f4xx_hal_gpio.o
 .debug_aranges
                0x00000000000004a0      0x2a8 ./Drivers/STM32F4xx_HAL_Driver/Src/stm32f4xx_hal_i2c.o
 .debug_aranges
                0x0000000000000748       0x88 ./Drivers/STM32F4xx_HAL_Driver/Src/stm32f4xx_hal_rcc.o
 .debug_aranges
                0x00000000000007d0      0x208 ./Drivers/STM32F4xx_HAL_Driver/Src/stm32f4xx_hal_uart.o
 .debug_aranges
                0x00000000000009d8       0x48 ./TOF/Platform/platform.o
 .debug_aranges
                0x0000000000000a20       0x80 ./TOF/Target/Src/custom_bus.o
 .debug_aranges
                0x0000000000000aa0       0x48 ./TOF/Target/Src/custom_tof.o
 .debug_aranges
                0x0000000000000ae8      0x150 ./TOF/VL53LMZ_Driver/Src/vl53lmz_api.o

.debug_rnglists
                0x0000000000000000      0x988
 .debug_rnglists
                0x0000000000000000       0x28 ./Core/Lib/PointCloud/Src/point_cloud.o
 .debug_rnglists
                0x0000000000000028       0x3a ./Core/Src/main.o
 .debug_rnglists
                0x0000000000000062       0x2d ./Core/Src/stm32f4xx_hal_msp.o
 .debug_rnglists
                0x000000000000008f       0x5b ./Core/Src/stm32f4xx_it.o
 .debug_rnglists
                0x00000000000000ea       0x1a ./Core/Src/system_stm32f4xx.o
 .debug_rnglists
                0x0000000000000104       0x19 ./Core/Startup/startup_stm32f401retx.o
 .debug_rnglists
                0x000000000000011d       0xaf ./Drivers/STM32F4xx_HAL_Driver/Src/stm32f4xx_hal.o
 .debug_rnglists
                0x00000000000001cc       0xe0 ./Drivers/STM32F4xx_HAL_Driver/Src/stm32f4xx_hal_cortex.o
 .debug_rnglists
                0x00000000000002ac       0x70 ./Drivers/STM32F4xx_HAL_Driver/Src/stm32f4xx_hal_dma.o
 .debug_rnglists
                0x000000000000031c       0x3f ./Drivers/STM32F4xx_HAL_Driver/Src/stm32f4xx_hal_gpio.o
 .debug_rnglists
                0x000000000000035b      0x23c ./Drivers/STM32F4xx_HAL_Driver/Src/stm32f4xx_hal_i2c.o
 .debug_rnglists
                0x0000000000000597       0x66 ./Drivers/STM32F4xx_HAL_Driver/Src/stm32f4xx_hal_rcc.o
 .debug_rnglists
                0x00000000000005fd      0x1bc ./Drivers/STM32F4xx_HAL_Driver/Src/stm32f4xx_hal_uart.o
 .debug_rnglists
                0x00000000000007b9       0x31 ./TOF/Platform/platform.o
 .debug_rnglists
                0x00000000000007ea       0x5c ./TOF/Target/Src/custom_bus.o
 .debug_rnglists
                0x0000000000000846       0x35 ./TOF/Target/Src/custom_tof.o
 .debug_rnglists
                0x000000000000087b      0x10d ./TOF/VL53LMZ_Driver/Src/vl53lmz_api.o

.debug_macro    0x0000000000000000    0x16b1f
 .debug_macro   0x0000000000000000      0x329 ./Core/Lib/PointCloud/Src/point_cloud.o
 .debug_macro   0x0000000000000329      0xaa8 ./Core/Lib/PointCloud/Src/point_cloud.o
 .debug_macro   0x0000000000000dd1      0x29b ./Core/Lib/PointCloud/Src/point_cloud.o
 .debug_macro   0x000000000000106c       0x2e ./Core/Lib/PointCloud/Src/point_cloud.o
 .debug_macro   0x000000000000109a       0x28 ./Core/Lib/PointCloud/Src/point_cloud.o
 .debug_macro   0x00000000000010c2       0x22 ./Core/Lib/PointCloud/Src/point_cloud.o
 .debug_macro   0x00000000000010e4       0x8e ./Core/Lib/PointCloud/Src/point_cloud.o
 .debug_macro   0x0000000000001172       0x51 ./Core/Lib/PointCloud/Src/point_cloud.o
 .debug_macro   0x00000000000011c3      0x103 ./Core/Lib/PointCloud/Src/point_cloud.o
 .debug_macro   0x00000000000012c6       0x6a ./Core/Lib/PointCloud/Src/point_cloud.o
 .debug_macro   0x0000000000001330      0x1df ./Core/Lib/PointCloud/Src/point_cloud.o
 .debug_macro   0x000000000000150f       0x1c ./Core/Lib/PointCloud/Src/point_cloud.o
 .debug_macro   0x000000000000152b       0x22 ./Core/Lib/PointCloud/Src/point_cloud.o
 .debug_macro   0x000000000000154d       0xfb ./Core/Lib/PointCloud/Src/point_cloud.o
 .debug_macro   0x0000000000001648     0x1011 ./Core/Lib/PointCloud/Src/point_cloud.o
 .debug_macro   0x0000000000002659      0x11f ./Core/Lib/PointCloud/Src/point_cloud.o
 .debug_macro   0x0000000000002778     0xb86c ./Core/Lib/PointCloud/Src/point_cloud.o
 .debug_macro   0x000000000000dfe4       0x6d ./Core/Lib/PointCloud/Src/point_cloud.o
 .debug_macro   0x000000000000e051     0x369a ./Core/Lib/PointCloud/Src/point_cloud.o
 .debug_macro   0x00000000000116eb      0x174 ./Core/Lib/PointCloud/Src/point_cloud.o
 .debug_macro   0x000000000001185f       0x5c ./Core/Lib/PointCloud/Src/point_cloud.o
 .debug_macro   0x00000000000118bb      0x416 ./Core/Lib/PointCloud/Src/point_cloud.o
 .debug_macro   0x0000000000011cd1      0x9e9 ./Core/Lib/PointCloud/Src/point_cloud.o
 .debug_macro   0x00000000000126ba      0x115 ./Core/Lib/PointCloud/Src/point_cloud.o
 .debug_macro   0x00000000000127cf       0xf8 ./Core/Lib/PointCloud/Src/point_cloud.o
 .debug_macro   0x00000000000128c7       0xa5 ./Core/Lib/PointCloud/Src/point_cloud.o
 .debug_macro   0x000000000001296c      0x15f ./Core/Lib/PointCloud/Src/point_cloud.o
 .debug_macro   0x0000000000012acb      0x287 ./Core/Lib/PointCloud/Src/point_cloud.o
 .debug_macro   0x0000000000012d52       0x5f ./Core/Lib/PointCloud/Src/point_cloud.o
 .debug_macro   0x0000000000012db1      0x236 ./Core/Lib/PointCloud/Src/point_cloud.o
 .debug_macro   0x0000000000012fe7      0x132 ./Core/Lib/PointCloud/Src/point_cloud.o
 .debug_macro   0x0000000000013119      0x264 ./Core/Lib/PointCloud/Src/point_cloud.o
 .debug_macro   0x000000000001337d       0x2e ./Core/Lib/PointCloud/Src/point_cloud.o
 .debug_macro   0x00000000000133ab      0x1b5 ./Core/Lib/PointCloud/Src/point_cloud.o
 .debug_macro   0x0000000000013560       0x22 ./Core/Lib/PointCloud/Src/point_cloud.o
 .debug_macro   0x0000000000013582       0xd6 ./Core/Lib/PointCloud/Src/point_cloud.o
 .debug_macro   0x0000000000013658      0x127 ./Core/Lib/PointCloud/Src/point_cloud.o
 .debug_macro   0x000000000001377f       0x85 ./Core/Lib/PointCloud/Src/point_cloud.o
 .debug_macro   0x0000000000013804       0x89 ./Core/Lib/PointCloud/Src/point_cloud.o
 .debug_macro   0x000000000001388d      0x2aa ./Core/Lib/PointCloud/Src/point_cloud.o
 .debug_macro   0x0000000000013b37      0x126 ./Core/Lib/PointCloud/Src/point_cloud.o
 .debug_macro   0x0000000000013c5d       0x28 ./Core/Lib/PointCloud/Src/point_cloud.o
 .debug_macro   0x0000000000013c85       0x82 ./Core/Lib/PointCloud/Src/point_cloud.o
 .debug_macro   0x0000000000013d07       0x4c ./Core/Lib/PointCloud/Src/point_cloud.o
 .debug_macro   0x0000000000013d53       0x61 ./Core/Lib/PointCloud/Src/point_cloud.o
 .debug_macro   0x0000000000013db4       0x2a ./Core/Lib/PointCloud/Src/point_cloud.o
 .debug_macro   0x0000000000013dde       0x43 ./Core/Lib/PointCloud/Src/point_cloud.o
 .debug_macro   0x0000000000013e21       0x34 ./Core/Lib/PointCloud/Src/point_cloud.o
 .debug_macro   0x0000000000013e55       0x16 ./Core/Lib/PointCloud/Src/point_cloud.o
 .debug_macro   0x0000000000013e6b       0x43 ./Core/Lib/PointCloud/Src/point_cloud.o
 .debug_macro   0x0000000000013eae       0x34 ./Core/Lib/PointCloud/Src/point_cloud.o
 .debug_macro   0x0000000000013ee2       0x10 ./Core/Lib/PointCloud/Src/point_cloud.o
 .debug_macro   0x0000000000013ef2       0x58 ./Core/Lib/PointCloud/Src/point_cloud.o
 .debug_macro   0x0000000000013f4a       0x8e ./Core/Lib/PointCloud/Src/point_cloud.o
 .debug_macro   0x0000000000013fd8       0x1c ./Core/Lib/PointCloud/Src/point_cloud.o
 .debug_macro   0x0000000000013ff4      0x177 ./Core/Lib/PointCloud/Src/point_cloud.o
 .debug_macro   0x000000000001416b      0x369 ./Core/Lib/PointCloud/Src/point_cloud.o
 .debug_macro   0x00000000000144d4       0x10 ./Core/Lib/PointCloud/Src/point_cloud.o
 .debug_macro   0x00000000000144e4       0x35 ./Core/Lib/PointCloud/Src/point_cloud.o
 .debug_macro   0x0000000000014519       0x20 ./Core/Lib/PointCloud/Src/point_cloud.o
 .debug_macro   0x0000000000014539       0x4c ./Core/Lib/PointCloud/Src/point_cloud.o
 .debug_macro   0x0000000000014585      0x249 ./Core/Lib/PointCloud/Src/point_cloud.o
 .debug_macro   0x00000000000147ce       0x10 ./Core/Lib/PointCloud/Src/point_cloud.o
 .debug_macro   0x00000000000147de       0xb8 ./Core/Lib/PointCloud/Src/point_cloud.o
 .debug_macro   0x0000000000014896      0x19b ./Core/Lib/PointCloud/Src/point_cloud.o
 .debug_macro   0x0000000000014a31      0x32d ./Core/Src/main.o
 .debug_macro   0x0000000000014d5e       0xb2 ./Core/Src/main.o
 .debug_macro   0x0000000000014e10       0x2e ./Core/Src/main.o
 .debug_macro   0x0000000000014e3e      0x1e2 ./Core/Src/stm32f4xx_hal_msp.o
 .debug_macro   0x0000000000015020      0x1ec ./Core/Src/stm32f4xx_it.o
 .debug_macro   0x000000000001520c      0x1d3 ./Core/Src/system_stm32f4xx.o
 .debug_macro   0x00000000000153df      0x233 ./Drivers/STM32F4xx_HAL_Driver/Src/stm32f4xx_hal.o
 .debug_macro   0x0000000000015612      0x1d3 ./Drivers/STM32F4xx_HAL_Driver/Src/stm32f4xx_hal_cortex.o
 .debug_macro   0x00000000000157e5      0x1d9 ./Drivers/STM32F4xx_HAL_Driver/Src/stm32f4xx_hal_dma.o
 .debug_macro   0x00000000000159be      0x1d9 ./Drivers/STM32F4xx_HAL_Driver/Src/stm32f4xx_hal_gpio.o
 .debug_macro   0x0000000000015b97      0x221 ./Drivers/STM32F4xx_HAL_Driver/Src/stm32f4xx_hal_i2c.o
 .debug_macro   0x0000000000015db8      0x1f7 ./Drivers/STM32F4xx_HAL_Driver/Src/stm32f4xx_hal_rcc.o
 .debug_macro   0x0000000000015faf      0x1d4 ./Drivers/STM32F4xx_HAL_Driver/Src/stm32f4xx_hal_uart.o
 .debug_macro   0x0000000000016183      0x145 ./TOF/Platform/platform.o
 .debug_macro   0x00000000000162c8      0x1fa ./TOF/Target/Src/custom_bus.o
 .debug_macro   0x00000000000164c2      0x302 ./TOF/Target/Src/custom_tof.o
 .debug_macro   0x00000000000167c4      0x19a ./TOF/VL53LMZ_Driver/Src/vl53lmz_api.o
 .debug_macro   0x000000000001695e      0x10e ./TOF/VL53LMZ_Driver/Src/vl53lmz_api.o
 .debug_macro   0x0000000000016a6c       0x8d ./TOF/VL53LMZ_Driver/Src/vl53lmz_api.o
 .debug_macro   0x0000000000016af9       0x16 ./TOF/VL53LMZ_Driver/Src/vl53lmz_api.o
 .debug_macro   0x0000000000016b0f       0x10 ./TOF/VL53LMZ_Driver/Src/vl53lmz_api.o

.debug_line     0x0000000000000000    0x10343
 .debug_line    0x0000000000000000      0xe40 ./Core/Lib/PointCloud/Src/point_cloud.o
 .debug_line    0x0000000000000e40      0xc63 ./Core/Src/main.o
 .debug_line    0x0000000000001aa3      0x74e ./Core/Src/stm32f4xx_hal_msp.o
 .debug_line    0x00000000000021f1      0x7d2 ./Core/Src/stm32f4xx_it.o
 .debug_line    0x00000000000029c3      0x731 ./Core/Src/system_stm32f4xx.o
 .debug_line    0x00000000000030f4       0x7a ./Core/Startup/startup_stm32f401retx.o
 .debug_line    0x000000000000316e      0x997 ./Drivers/STM32F4xx_HAL_Driver/Src/stm32f4xx_hal.o
 .debug_line    0x0000000000003b05      0xc91 ./Drivers/STM32F4xx_HAL_Driver/Src/stm32f4xx_hal_cortex.o
 .debug_line    0x0000000000004796      0xefb ./Drivers/STM32F4xx_HAL_Driver/Src/stm32f4xx_hal_dma.o
 .debug_line    0x0000000000005691      0xacf ./Drivers/STM32F4xx_HAL_Driver/Src/stm32f4xx_hal_gpio.o
 .debug_line    0x0000000000006160     0x39f9 ./Drivers/STM32F4xx_HAL_Driver/Src/stm32f4xx_hal_i2c.o
 .debug_line    0x0000000000009b59      0xd26 ./Drivers/STM32F4xx_HAL_Driver/Src/stm32f4xx_hal_rcc.o
 .debug_line    0x000000000000a87f     0x2854 ./Drivers/STM32F4xx_HAL_Driver/Src/stm32f4xx_hal_uart.o
 .debug_line    0x000000000000d0d3      0x606 ./TOF/Platform/platform.o
 .debug_line    0x000000000000d6d9      0x948 ./TOF/Target/Src/custom_bus.o
 .debug_line    0x000000000000e021      0xb37 ./TOF/Target/Src/custom_tof.o
 .debug_line    0x000000000000eb58     0x17eb ./TOF/VL53LMZ_Driver/Src/vl53lmz_api.o

.debug_str      0x0000000000000000    0x89bac
 .debug_str     0x0000000000000000    0x8631f ./Core/Lib/PointCloud/Src/point_cloud.o
                                      0x86671 (size before relaxing)
 .debug_str     0x000000000008631f      0x7bf ./Core/Src/main.o
                                      0x86d46 (size before relaxing)
 .debug_str     0x0000000000086ade      0x2f2 ./Core/Src/stm32f4xx_hal_msp.o
                                      0x81b73 (size before relaxing)
 .debug_str     0x0000000000086dd0      0x12f ./Core/Src/stm32f4xx_it.o
                                      0x8145b (size before relaxing)
 .debug_str     0x0000000000086eff       0xdb ./Core/Src/system_stm32f4xx.o
                                      0x80df9 (size before relaxing)
 .debug_str     0x0000000000086fda       0x34 ./Core/Startup/startup_stm32f401retx.o
                                         0x6c (size before relaxing)
 .debug_str     0x000000000008700e      0x617 ./Drivers/STM32F4xx_HAL_Driver/Src/stm32f4xx_hal.o
                                      0x8181b (size before relaxing)
 .debug_str     0x0000000000087625      0x361 ./Drivers/STM32F4xx_HAL_Driver/Src/stm32f4xx_hal_cortex.o
                                      0x81585 (size before relaxing)
 .debug_str     0x0000000000087986      0x322 ./Drivers/STM32F4xx_HAL_Driver/Src/stm32f4xx_hal_dma.o
                                      0x81201 (size before relaxing)
 .debug_str     0x0000000000087ca8       0xe8 ./Drivers/STM32F4xx_HAL_Driver/Src/stm32f4xx_hal_gpio.o
                                      0x80f74 (size before relaxing)
 .debug_str     0x0000000000087d90      0xb26 ./Drivers/STM32F4xx_HAL_Driver/Src/stm32f4xx_hal_i2c.o
                                      0x81e0a (size before relaxing)
 .debug_str     0x00000000000888b6      0x213 ./Drivers/STM32F4xx_HAL_Driver/Src/stm32f4xx_hal_rcc.o
                                      0x8122d (size before relaxing)
 .debug_str     0x0000000000088ac9      0x5bc ./Drivers/STM32F4xx_HAL_Driver/Src/stm32f4xx_hal_uart.o
                                      0x817fc (size before relaxing)
 .debug_str     0x0000000000089085       0x7d ./TOF/Platform/platform.o
                                       0x741c (size before relaxing)
 .debug_str     0x0000000000089102      0x111 ./TOF/Target/Src/custom_bus.o
                                      0x819ac (size before relaxing)
 .debug_str     0x0000000000089213      0x1dc ./TOF/Target/Src/custom_tof.o
                                      0x85b63 (size before relaxing)
 .debug_str     0x00000000000893ef      0x7bd ./TOF/VL53LMZ_Driver/Src/vl53lmz_api.o
                                       0x8d9d (size before relaxing)

.debug_frame    0x0000000000000000     0x36c8
 .debug_frame   0x0000000000000000       0xcc ./Core/Lib/PointCloud/Src/point_cloud.o
 .debug_frame   0x00000000000000cc       0xfc ./Core/Src/main.o
 .debug_frame   0x00000000000001c8       0xc8 ./Core/Src/stm32f4xx_hal_msp.o
 .debug_frame   0x0000000000000290      0x174 ./Core/Src/stm32f4xx_it.o
 .debug_frame   0x0000000000000404       0x58 ./Core/Src/system_stm32f4xx.o
 .debug_frame   0x000000000000045c      0x374 ./Drivers/STM32F4xx_HAL_Driver/Src/stm32f4xx_hal.o
 .debug_frame   0x00000000000007d0      0x508 ./Drivers/STM32F4xx_HAL_Driver/Src/stm32f4xx_hal_cortex.o
 .debug_frame   0x0000000000000cd8      0x250 ./Drivers/STM32F4xx_HAL_Driver/Src/stm32f4xx_hal_dma.o
 .debug_frame   0x0000000000000f28      0x14c ./Drivers/STM32F4xx_HAL_Driver/Src/stm32f4xx_hal_gpio.o
 .debug_frame   0x0000000000001074      0xc84 ./Drivers/STM32F4xx_HAL_Driver/Src/stm32f4xx_hal_i2c.o
 .debug_frame   0x0000000000001cf8      0x1f4 ./Drivers/STM32F4xx_HAL_Driver/Src/stm32f4xx_hal_rcc.o
 .debug_frame   0x0000000000001eec      0x954 ./Drivers/STM32F4xx_HAL_Driver/Src/stm32f4xx_hal_uart.o
 .debug_frame   0x0000000000002840       0xfc ./TOF/Platform/platform.o
 .debug_frame   0x000000000000293c      0x1dc ./TOF/Target/Src/custom_bus.o
 .debug_frame   0x0000000000002b18       0xf4 ./TOF/Target/Src/custom_tof.o
 .debug_frame   0x0000000000002c0c      0x5b8 ./TOF/VL53LMZ_Driver/Src/vl53lmz_api.o
 .debug_frame   0x00000000000031c4       0x20 /home/xenia/st/stm32cubeide_1.14.0/plugins/com.st.stm32cube.ide.mcu.externaltools.gnu-tools-for-stm32.11.3.rel1.linux64_1.1.100.202309141235/tools/bin/../lib/gcc/arm-none-eabi/11.3.1/../../../../arm-none-eabi/lib/thumb/v7e-m+fp/hard/libc_nano.a(libc_a-memset.o)
 .debug_frame   0x00000000000031e4       0x2c /home/xenia/st/stm32cubeide_1.14.0/plugins/com.st.stm32cube.ide.mcu.externaltools.gnu-tools-for-stm32.11.3.rel1.linux64_1.1.100.202309141235/tools/bin/../lib/gcc/arm-none-eabi/11.3.1/../../../../arm-none-eabi/lib/thumb/v7e-m+fp/hard/libc_nano.a(libc_a-init.o)
 .debug_frame   0x0000000000003210       0x28 /home/xenia/st/stm32cubeide_1.14.0/plugins/com.st.stm32cube.ide.mcu.externaltools.gnu-tools-for-stm32.11.3.rel1.linux64_1.1.100.202309141235/tools/bin/../lib/gcc/arm-none-eabi/11.3.1/../../../../arm-none-eabi/lib/thumb/v7e-m+fp/hard/libc_nano.a(libc_a-memcpy-stub.o)
 .debug_frame   0x0000000000003238       0x38 /home/xenia/st/stm32cubeide_1.14.0/plugins/com.st.stm32cube.ide.mcu.externaltools.gnu-tools-for-stm32.11.3.rel1.linux64_1.1.100.202309141235/tools/bin/../lib/gcc/arm-none-eabi/11.3.1/../../../../arm-none-eabi/lib/thumb/v7e-m+fp/hard/libm.a(libm_a-s_cos.o)
 .debug_frame   0x0000000000003270       0x38 /home/xenia/st/stm32cubeide_1.14.0/plugins/com.st.stm32cube.ide.mcu.externaltools.gnu-tools-for-stm32.11.3.rel1.linux64_1.1.100.202309141235/tools/bin/../lib/gcc/arm-none-eabi/11.3.1/../../../../arm-none-eabi/lib/thumb/v7e-m+fp/hard/libm.a(libm_a-s_sin.o)
 .debug_frame   0x00000000000032a8       0x3c /home/xenia/st/stm32cubeide_1.14.0/plugins/com.st.stm32cube.ide.mcu.externaltools.gnu-tools-for-stm32.11.3.rel1.linux64_1.1.100.202309141235/tools/bin/../lib/gcc/arm-none-eabi/11.3.1/../../../../arm-none-eabi/lib/thumb/v7e-m+fp/hard/libm.a(libm_a-k_cos.o)
 .debug_frame   0x00000000000032e4       0x5c /home/xenia/st/stm32cubeide_1.14.0/plugins/com.st.stm32cube.ide.mcu.externaltools.gnu-tools-for-stm32.11.3.rel1.linux64_1.1.100.202309141235/tools/bin/../lib/gcc/arm-none-eabi/11.3.1/../../../../arm-none-eabi/lib/thumb/v7e-m+fp/hard/libm.a(libm_a-k_sin.o)
 .debug_frame   0x0000000000003340       0x50 /home/xenia/st/stm32cubeide_1.14.0/plugins/com.st.stm32cube.ide.mcu.externaltools.gnu-tools-for-stm32.11.3.rel1.linux64_1.1.100.202309141235/tools/bin/../lib/gcc/arm-none-eabi/11.3.1/../../../../arm-none-eabi/lib/thumb/v7e-m+fp/hard/libm.a(libm_a-e_rem_pio2.o)
 .debug_frame   0x0000000000003390       0x20 /home/xenia/st/stm32cubeide_1.14.0/plugins/com.st.stm32cube.ide.mcu.externaltools.gnu-tools-for-stm32.11.3.rel1.linux64_1.1.100.202309141235/tools/bin/../lib/gcc/arm-none-eabi/11.3.1/../../../../arm-none-eabi/lib/thumb/v7e-m+fp/hard/libm.a(libm_a-s_fabs.o)
 .debug_frame   0x00000000000033b0       0x54 /home/xenia/st/stm32cubeide_1.14.0/plugins/com.st.stm32cube.ide.mcu.externaltools.gnu-tools-for-stm32.11.3.rel1.linux64_1.1.100.202309141235/tools/bin/../lib/gcc/arm-none-eabi/11.3.1/../../../../arm-none-eabi/lib/thumb/v7e-m+fp/hard/libm.a(libm_a-k_rem_pio2.o)
 .debug_frame   0x0000000000003404       0x2c /home/xenia/st/stm32cubeide_1.14.0/plugins/com.st.stm32cube.ide.mcu.externaltools.gnu-tools-for-stm32.11.3.rel1.linux64_1.1.100.202309141235/tools/bin/../lib/gcc/arm-none-eabi/11.3.1/../../../../arm-none-eabi/lib/thumb/v7e-m+fp/hard/libm.a(libm_a-s_scalbn.o)
 .debug_frame   0x0000000000003430       0x30 /home/xenia/st/stm32cubeide_1.14.0/plugins/com.st.stm32cube.ide.mcu.externaltools.gnu-tools-for-stm32.11.3.rel1.linux64_1.1.100.202309141235/tools/bin/../lib/gcc/arm-none-eabi/11.3.1/../../../../arm-none-eabi/lib/thumb/v7e-m+fp/hard/libm.a(libm_a-s_floor.o)
 .debug_frame   0x0000000000003460       0xac /home/xenia/st/stm32cubeide_1.14.0/plugins/com.st.stm32cube.ide.mcu.externaltools.gnu-tools-for-stm32.11.3.rel1.linux64_1.1.100.202309141235/tools/bin/../lib/gcc/arm-none-eabi/11.3.1/thumb/v7e-m+fp/hard/libgcc.a(_arm_addsubdf3.o)
 .debug_frame   0x000000000000350c       0x50 /home/xenia/st/stm32cubeide_1.14.0/plugins/com.st.stm32cube.ide.mcu.externaltools.gnu-tools-for-stm32.11.3.rel1.linux64_1.1.100.202309141235/tools/bin/../lib/gcc/arm-none-eabi/11.3.1/thumb/v7e-m+fp/hard/libgcc.a(_arm_muldivdf3.o)
 .debug_frame   0x000000000000355c       0xc4 /home/xenia/st/stm32cubeide_1.14.0/plugins/com.st.stm32cube.ide.mcu.externaltools.gnu-tools-for-stm32.11.3.rel1.linux64_1.1.100.202309141235/tools/bin/../lib/gcc/arm-none-eabi/11.3.1/thumb/v7e-m+fp/hard/libgcc.a(_arm_cmpdf2.o)
 .debug_frame   0x0000000000003620       0x24 /home/xenia/st/stm32cubeide_1.14.0/plugins/com.st.stm32cube.ide.mcu.externaltools.gnu-tools-for-stm32.11.3.rel1.linux64_1.1.100.202309141235/tools/bin/../lib/gcc/arm-none-eabi/11.3.1/thumb/v7e-m+fp/hard/libgcc.a(_arm_fixdfsi.o)
 .debug_frame   0x0000000000003644       0x24 /home/xenia/st/stm32cubeide_1.14.0/plugins/com.st.stm32cube.ide.mcu.externaltools.gnu-tools-for-stm32.11.3.rel1.linux64_1.1.100.202309141235/tools/bin/../lib/gcc/arm-none-eabi/11.3.1/thumb/v7e-m+fp/hard/libgcc.a(_arm_truncdfsf2.o)
 .debug_frame   0x0000000000003668       0x2c /home/xenia/st/stm32cubeide_1.14.0/plugins/com.st.stm32cube.ide.mcu.externaltools.gnu-tools-for-stm32.11.3.rel1.linux64_1.1.100.202309141235/tools/bin/../lib/gcc/arm-none-eabi/11.3.1/thumb/v7e-m+fp/hard/libgcc.a(_aeabi_uldivmod.o)
 .debug_frame   0x0000000000003694       0x34 /home/xenia/st/stm32cubeide_1.14.0/plugins/com.st.stm32cube.ide.mcu.externaltools.gnu-tools-for-stm32.11.3.rel1.linux64_1.1.100.202309141235/tools/bin/../lib/gcc/arm-none-eabi/11.3.1/thumb/v7e-m+fp/hard/libgcc.a(_udivmoddi4.o)

.debug_line_str
                0x0000000000000000       0x60
 .debug_line_str
                0x0000000000000000       0x60 ./Core/Startup/startup_stm32f401retx.o
                                         0x78 (size before relaxing)
