17:08:58 **** Clean-only build of configuration Debug for project IMU_F401 ****
make -j16 clean 
rm -rf ./Drivers/STM32F4xx_HAL_Driver/Src/stm32f4xx_hal.cyclo ./Drivers/STM32F4xx_HAL_Driver/Src/stm32f4xx_hal.d ./Drivers/STM32F4xx_HAL_Driver/Src/stm32f4xx_hal.o ./Drivers/STM32F4xx_HAL_Driver/Src/stm32f4xx_hal.su ./Drivers/STM32F4xx_HAL_Driver/Src/stm32f4xx_hal_cortex.cyclo ./Drivers/STM32F4xx_HAL_Driver/Src/stm32f4xx_hal_cortex.d ./Drivers/STM32F4xx_HAL_Driver/Src/stm32f4xx_hal_cortex.o ./Drivers/STM32F4xx_HAL_Driver/Src/stm32f4xx_hal_cortex.su ./Drivers/STM32F4xx_HAL_Driver/Src/stm32f4xx_hal_dma.cyclo ./Drivers/STM32F4xx_HAL_Driver/Src/stm32f4xx_hal_dma.d ./Drivers/STM32F4xx_HAL_Driver/Src/stm32f4xx_hal_dma.o ./Drivers/STM32F4xx_HAL_Driver/Src/stm32f4xx_hal_dma.su ./Drivers/STM32F4xx_HAL_Driver/Src/stm32f4xx_hal_dma_ex.cyclo ./Drivers/STM32F4xx_HAL_Driver/Src/stm32f4xx_hal_dma_ex.d ./Drivers/STM32F4xx_HAL_Driver/Src/stm32f4xx_hal_dma_ex.o ./Drivers/STM32F4xx_HAL_Driver/Src/stm32f4xx_hal_dma_ex.su ./Drivers/STM32F4xx_HAL_Driver/Src/stm32f4xx_hal_exti.cyclo ./Drivers/STM32F4xx_HAL_Driver/Src/stm32f4xx_hal_exti.d ./Drivers/STM32F4xx_HAL_Driver/Src/stm32f4xx_hal_exti.o ./Drivers/STM32F4xx_HAL_Driver/Src/stm32f4xx_hal_exti.su ./Drivers/STM32F4xx_HAL_Driver/Src/stm32f4xx_hal_flash.cyclo ./Drivers/STM32F4xx_HAL_Driver/Src/stm32f4xx_hal_flash.d ./Drivers/STM32F4xx_HAL_Driver/Src/stm32f4xx_hal_flash.o ./Drivers/STM32F4xx_HAL_Driver/Src/stm32f4xx_hal_flash.su ./Drivers/STM32F4xx_HAL_Driver/Src/stm32f4xx_hal_flash_ex.cyclo ./Drivers/STM32F4xx_HAL_Driver/Src/stm32f4xx_hal_flash_ex.d ./Drivers/STM32F4xx_HAL_Driver/Src/stm32f4xx_hal_flash_ex.o ./Drivers/STM32F4xx_HAL_Driver/Src/stm32f4xx_hal_flash_ex.su ./Drivers/STM32F4xx_HAL_Driver/Src/stm32f4xx_hal_flash_ramfunc.cyclo ./Drivers/STM32F4xx_HAL_Driver/Src/stm32f4xx_hal_flash_ramfunc.d ./Drivers/STM32F4xx_HAL_Driver/Src/stm32f4xx_hal_flash_ramfunc.o ./Drivers/STM32F4xx_HAL_Driver/Src/stm32f4xx_hal_flash_ramfunc.su ./Drivers/STM32F4xx_HAL_Driver/Src/stm32f4xx_hal_gpio.cyclo ./Drivers/STM32F4xx_HAL_Driver/Src/stm32f4xx_hal_gpio.d ./Drivers/STM32F4xx_HAL_Driver/Src/stm32f4xx_hal_gpio.o ./Drivers/STM32F4xx_HAL_Driver/Src/stm32f4xx_hal_gpio.su ./Drivers/STM32F4xx_HAL_Driver/Src/stm32f4xx_hal_i2c.cyclo ./Drivers/STM32F4xx_HAL_Driver/Src/stm32f4xx_hal_i2c.d ./Drivers/STM32F4xx_HAL_Driver/Src/stm32f4xx_hal_i2c.o ./Drivers/STM32F4xx_HAL_Driver/Src/stm32f4xx_hal_i2c.su ./Drivers/STM32F4xx_HAL_Driver/Src/stm32f4xx_hal_i2c_ex.cyclo ./Drivers/STM32F4xx_HAL_Driver/Src/stm32f4xx_hal_i2c_ex.d ./Drivers/STM32F4xx_HAL_Driver/Src/stm32f4xx_hal_i2c_ex.o ./Drivers/STM32F4xx_HAL_Driver/Src/stm32f4xx_hal_i2c_ex.su ./Drivers/STM32F4xx_HAL_Driver/Src/stm32f4xx_hal_pwr.cyclo ./Drivers/STM32F4xx_HAL_Driver/Src/stm32f4xx_hal_pwr.d ./Drivers/STM32F4xx_HAL_Driver/Src/stm32f4xx_hal_pwr.o ./Drivers/STM32F4xx_HAL_Driver/Src/stm32f4xx_hal_pwr.su ./Drivers/STM32F4xx_HAL_Driver/Src/stm32f4xx_hal_pwr_ex.cyclo ./Drivers/STM32F4xx_HAL_Driver/Src/stm32f4xx_hal_pwr_ex.d ./Drivers/STM32F4xx_HAL_Driver/Src/stm32f4xx_hal_pwr_ex.o ./Drivers/STM32F4xx_HAL_Driver/Src/stm32f4xx_hal_pwr_ex.su ./Drivers/STM32F4xx_HAL_Driver/Src/stm32f4xx_hal_rcc.cyclo ./Drivers/STM32F4xx_HAL_Driver/Src/stm32f4xx_hal_rcc.d ./Drivers/STM32F4xx_HAL_Driver/Src/stm32f4xx_hal_rcc.o ./Drivers/STM32F4xx_HAL_Driver/Src/stm32f4xx_hal_rcc.su ./Drivers/STM32F4xx_HAL_Driver/Src/stm32f4xx_hal_rcc_ex.cyclo ./Drivers/STM32F4xx_HAL_Driver/Src/stm32f4xx_hal_rcc_ex.d ./Drivers/STM32F4xx_HAL_Driver/Src/stm32f4xx_hal_rcc_ex.o ./Drivers/STM32F4xx_HAL_Driver/Src/stm32f4xx_hal_rcc_ex.su
rm -rf ./Core/Startup/startup_stm32f401retx.d ./Core/Startup/startup_stm32f401retx.o
rm -rf ./Core/Src/ism330dhcx.cyclo ./Core/Src/ism330dhcx.d ./Core/Src/ism330dhcx.o ./Core/Src/ism330dhcx.su ./Core/Src/ism330dhcx_settings.cyclo ./Core/Src/ism330dhcx_settings.d ./Core/Src/ism330dhcx_settings.o ./Core/Src/ism330dhcx_settings.su ./Core/Src/ism330dhcx_utils.cyclo ./Core/Src/ism330dhcx_utils.d ./Core/Src/ism330dhcx_utils.o ./Core/Src/ism330dhcx_utils.su ./Core/Src/main.cyclo ./Core/Src/main.d ./Core/Src/main.o ./Core/Src/main.su ./Core/Src/stm32f4xx_hal_msp.cyclo ./Core/Src/stm32f4xx_hal_msp.d ./Core/Src/stm32f4xx_hal_msp.o ./Core/Src/stm32f4xx_hal_msp.su ./Core/Src/stm32f4xx_it.cyclo ./Core/Src/stm32f4xx_it.d ./Core/Src/stm32f4xx_it.o ./Core/Src/stm32f4xx_it.su ./Core/Src/syscalls.cyclo ./Core/Src/syscalls.d ./Core/Src/syscalls.o ./Core/Src/syscalls.su ./Core/Src/sysmem.cyclo ./Core/Src/sysmem.d ./Core/Src/sysmem.o ./Core/Src/sysmem.su ./Core/Src/system_stm32f4xx.cyclo ./Core/Src/system_stm32f4xx.d ./Core/Src/system_stm32f4xx.o ./Core/Src/system_stm32f4xx.su
rm -rf IMU_F401.elf IMU_F401.list IMU_F401.map default.size.stdout
 
17:08:59 **** Build of configuration Debug for project IMU_F401 ****
make -j16 all 
arm-none-eabi-gcc "../Drivers/STM32F4xx_HAL_Driver/Src/stm32f4xx_hal.c" -mcpu=cortex-m4 -std=gnu11 -g3 -DDEBUG -DUSE_HAL_DRIVER -DSTM32F401xE -c -I../Core/Inc -I../Drivers/STM32F4xx_HAL_Driver/Inc -I../Drivers/STM32F4xx_HAL_Driver/Inc/Legacy -I../Drivers/CMSIS/Device/ST/STM32F4xx/Include -I../Drivers/CMSIS/Include -O0 -ffunction-sections -fdata-sections -Wall -fstack-usage -fcyclomatic-complexity -MMD -MP -MF"Drivers/STM32F4xx_HAL_Driver/Src/stm32f4xx_hal.d" -MT"Drivers/STM32F4xx_HAL_Driver/Src/stm32f4xx_hal.o" --specs=nano.specs -mfpu=fpv4-sp-d16 -mfloat-abi=hard -mthumb -o "Drivers/STM32F4xx_HAL_Driver/Src/stm32f4xx_hal.o"
arm-none-eabi-gcc "../Drivers/STM32F4xx_HAL_Driver/Src/stm32f4xx_hal_cortex.c" -mcpu=cortex-m4 -std=gnu11 -g3 -DDEBUG -DUSE_HAL_DRIVER -DSTM32F401xE -c -I../Core/Inc -I../Drivers/STM32F4xx_HAL_Driver/Inc -I../Drivers/STM32F4xx_HAL_Driver/Inc/Legacy -I../Drivers/CMSIS/Device/ST/STM32F4xx/Include -I../Drivers/CMSIS/Include -O0 -ffunction-sections -fdata-sections -Wall -fstack-usage -fcyclomatic-complexity -MMD -MP -MF"Drivers/STM32F4xx_HAL_Driver/Src/stm32f4xx_hal_cortex.d" -MT"Drivers/STM32F4xx_HAL_Driver/Src/stm32f4xx_hal_cortex.o" --specs=nano.specs -mfpu=fpv4-sp-d16 -mfloat-abi=hard -mthumb -o "Drivers/STM32F4xx_HAL_Driver/Src/stm32f4xx_hal_cortex.o"
arm-none-eabi-gcc "../Drivers/STM32F4xx_HAL_Driver/Src/stm32f4xx_hal_dma.c" -mcpu=cortex-m4 -std=gnu11 -g3 -DDEBUG -DUSE_HAL_DRIVER -DSTM32F401xE -c -I../Core/Inc -I../Drivers/STM32F4xx_HAL_Driver/Inc -I../Drivers/STM32F4xx_HAL_Driver/Inc/Legacy -I../Drivers/CMSIS/Device/ST/STM32F4xx/Include -I../Drivers/CMSIS/Include -O0 -ffunction-sections -fdata-sections -Wall -fstack-usage -fcyclomatic-complexity -MMD -MP -MF"Drivers/STM32F4xx_HAL_Driver/Src/stm32f4xx_hal_dma.d" -MT"Drivers/STM32F4xx_HAL_Driver/Src/stm32f4xx_hal_dma.o" --specs=nano.specs -mfpu=fpv4-sp-d16 -mfloat-abi=hard -mthumb -o "Drivers/STM32F4xx_HAL_Driver/Src/stm32f4xx_hal_dma.o"
arm-none-eabi-gcc "../Drivers/STM32F4xx_HAL_Driver/Src/stm32f4xx_hal_dma_ex.c" -mcpu=cortex-m4 -std=gnu11 -g3 -DDEBUG -DUSE_HAL_DRIVER -DSTM32F401xE -c -I../Core/Inc -I../Drivers/STM32F4xx_HAL_Driver/Inc -I../Drivers/STM32F4xx_HAL_Driver/Inc/Legacy -I../Drivers/CMSIS/Device/ST/STM32F4xx/Include -I../Drivers/CMSIS/Include -O0 -ffunction-sections -fdata-sections -Wall -fstack-usage -fcyclomatic-complexity -MMD -MP -MF"Drivers/STM32F4xx_HAL_Driver/Src/stm32f4xx_hal_dma_ex.d" -MT"Drivers/STM32F4xx_HAL_Driver/Src/stm32f4xx_hal_dma_ex.o" --specs=nano.specs -mfpu=fpv4-sp-d16 -mfloat-abi=hard -mthumb -o "Drivers/STM32F4xx_HAL_Driver/Src/stm32f4xx_hal_dma_ex.o"
arm-none-eabi-gcc "../Drivers/STM32F4xx_HAL_Driver/Src/stm32f4xx_hal_exti.c" -mcpu=cortex-m4 -std=gnu11 -g3 -DDEBUG -DUSE_HAL_DRIVER -DSTM32F401xE -c -I../Core/Inc -I../Drivers/STM32F4xx_HAL_Driver/Inc -I../Drivers/STM32F4xx_HAL_Driver/Inc/Legacy -I../Drivers/CMSIS/Device/ST/STM32F4xx/Include -I../Drivers/CMSIS/Include -O0 -ffunction-sections -fdata-sections -Wall -fstack-usage -fcyclomatic-complexity -MMD -MP -MF"Drivers/STM32F4xx_HAL_Driver/Src/stm32f4xx_hal_exti.d" -MT"Drivers/STM32F4xx_HAL_Driver/Src/stm32f4xx_hal_exti.o" --specs=nano.specs -mfpu=fpv4-sp-d16 -mfloat-abi=hard -mthumb -o "Drivers/STM32F4xx_HAL_Driver/Src/stm32f4xx_hal_exti.o"
arm-none-eabi-gcc "../Drivers/STM32F4xx_HAL_Driver/Src/stm32f4xx_hal_flash.c" -mcpu=cortex-m4 -std=gnu11 -g3 -DDEBUG -DUSE_HAL_DRIVER -DSTM32F401xE -c -I../Core/Inc -I../Drivers/STM32F4xx_HAL_Driver/Inc -I../Drivers/STM32F4xx_HAL_Driver/Inc/Legacy -I../Drivers/CMSIS/Device/ST/STM32F4xx/Include -I../Drivers/CMSIS/Include -O0 -ffunction-sections -fdata-sections -Wall -fstack-usage -fcyclomatic-complexity -MMD -MP -MF"Drivers/STM32F4xx_HAL_Driver/Src/stm32f4xx_hal_flash.d" -MT"Drivers/STM32F4xx_HAL_Driver/Src/stm32f4xx_hal_flash.o" --specs=nano.specs -mfpu=fpv4-sp-d16 -mfloat-abi=hard -mthumb -o "Drivers/STM32F4xx_HAL_Driver/Src/stm32f4xx_hal_flash.o"
arm-none-eabi-gcc "../Drivers/STM32F4xx_HAL_Driver/Src/stm32f4xx_hal_flash_ex.c" -mcpu=cortex-m4 -std=gnu11 -g3 -DDEBUG -DUSE_HAL_DRIVER -DSTM32F401xE -c -I../Core/Inc -I../Drivers/STM32F4xx_HAL_Driver/Inc -I../Drivers/STM32F4xx_HAL_Driver/Inc/Legacy -I../Drivers/CMSIS/Device/ST/STM32F4xx/Include -I../Drivers/CMSIS/Include -O0 -ffunction-sections -fdata-sections -Wall -fstack-usage -fcyclomatic-complexity -MMD -MP -MF"Drivers/STM32F4xx_HAL_Driver/Src/stm32f4xx_hal_flash_ex.d" -MT"Drivers/STM32F4xx_HAL_Driver/Src/stm32f4xx_hal_flash_ex.o" --specs=nano.specs -mfpu=fpv4-sp-d16 -mfloat-abi=hard -mthumb -o "Drivers/STM32F4xx_HAL_Driver/Src/stm32f4xx_hal_flash_ex.o"
arm-none-eabi-gcc "../Drivers/STM32F4xx_HAL_Driver/Src/stm32f4xx_hal_flash_ramfunc.c" -mcpu=cortex-m4 -std=gnu11 -g3 -DDEBUG -DUSE_HAL_DRIVER -DSTM32F401xE -c -I../Core/Inc -I../Drivers/STM32F4xx_HAL_Driver/Inc -I../Drivers/STM32F4xx_HAL_Driver/Inc/Legacy -I../Drivers/CMSIS/Device/ST/STM32F4xx/Include -I../Drivers/CMSIS/Include -O0 -ffunction-sections -fdata-sections -Wall -fstack-usage -fcyclomatic-complexity -MMD -MP -MF"Drivers/STM32F4xx_HAL_Driver/Src/stm32f4xx_hal_flash_ramfunc.d" -MT"Drivers/STM32F4xx_HAL_Driver/Src/stm32f4xx_hal_flash_ramfunc.o" --specs=nano.specs -mfpu=fpv4-sp-d16 -mfloat-abi=hard -mthumb -o "Drivers/STM32F4xx_HAL_Driver/Src/stm32f4xx_hal_flash_ramfunc.o"
arm-none-eabi-gcc "../Drivers/STM32F4xx_HAL_Driver/Src/stm32f4xx_hal_gpio.c" -mcpu=cortex-m4 -std=gnu11 -g3 -DDEBUG -DUSE_HAL_DRIVER -DSTM32F401xE -c -I../Core/Inc -I../Drivers/STM32F4xx_HAL_Driver/Inc -I../Drivers/STM32F4xx_HAL_Driver/Inc/Legacy -I../Drivers/CMSIS/Device/ST/STM32F4xx/Include -I../Drivers/CMSIS/Include -O0 -ffunction-sections -fdata-sections -Wall -fstack-usage -fcyclomatic-complexity -MMD -MP -MF"Drivers/STM32F4xx_HAL_Driver/Src/stm32f4xx_hal_gpio.d" -MT"Drivers/STM32F4xx_HAL_Driver/Src/stm32f4xx_hal_gpio.o" --specs=nano.specs -mfpu=fpv4-sp-d16 -mfloat-abi=hard -mthumb -o "Drivers/STM32F4xx_HAL_Driver/Src/stm32f4xx_hal_gpio.o"
arm-none-eabi-gcc "../Drivers/STM32F4xx_HAL_Driver/Src/stm32f4xx_hal_i2c.c" -mcpu=cortex-m4 -std=gnu11 -g3 -DDEBUG -DUSE_HAL_DRIVER -DSTM32F401xE -c -I../Core/Inc -I../Drivers/STM32F4xx_HAL_Driver/Inc -I../Drivers/STM32F4xx_HAL_Driver/Inc/Legacy -I../Drivers/CMSIS/Device/ST/STM32F4xx/Include -I../Drivers/CMSIS/Include -O0 -ffunction-sections -fdata-sections -Wall -fstack-usage -fcyclomatic-complexity -MMD -MP -MF"Drivers/STM32F4xx_HAL_Driver/Src/stm32f4xx_hal_i2c.d" -MT"Drivers/STM32F4xx_HAL_Driver/Src/stm32f4xx_hal_i2c.o" --specs=nano.specs -mfpu=fpv4-sp-d16 -mfloat-abi=hard -mthumb -o "Drivers/STM32F4xx_HAL_Driver/Src/stm32f4xx_hal_i2c.o"
arm-none-eabi-gcc "../Drivers/STM32F4xx_HAL_Driver/Src/stm32f4xx_hal_i2c_ex.c" -mcpu=cortex-m4 -std=gnu11 -g3 -DDEBUG -DUSE_HAL_DRIVER -DSTM32F401xE -c -I../Core/Inc -I../Drivers/STM32F4xx_HAL_Driver/Inc -I../Drivers/STM32F4xx_HAL_Driver/Inc/Legacy -I../Drivers/CMSIS/Device/ST/STM32F4xx/Include -I../Drivers/CMSIS/Include -O0 -ffunction-sections -fdata-sections -Wall -fstack-usage -fcyclomatic-complexity -MMD -MP -MF"Drivers/STM32F4xx_HAL_Driver/Src/stm32f4xx_hal_i2c_ex.d" -MT"Drivers/STM32F4xx_HAL_Driver/Src/stm32f4xx_hal_i2c_ex.o" --specs=nano.specs -mfpu=fpv4-sp-d16 -mfloat-abi=hard -mthumb -o "Drivers/STM32F4xx_HAL_Driver/Src/stm32f4xx_hal_i2c_ex.o"
arm-none-eabi-gcc "../Drivers/STM32F4xx_HAL_Driver/Src/stm32f4xx_hal_pwr.c" -mcpu=cortex-m4 -std=gnu11 -g3 -DDEBUG -DUSE_HAL_DRIVER -DSTM32F401xE -c -I../Core/Inc -I../Drivers/STM32F4xx_HAL_Driver/Inc -I../Drivers/STM32F4xx_HAL_Driver/Inc/Legacy -I../Drivers/CMSIS/Device/ST/STM32F4xx/Include -I../Drivers/CMSIS/Include -O0 -ffunction-sections -fdata-sections -Wall -fstack-usage -fcyclomatic-complexity -MMD -MP -MF"Drivers/STM32F4xx_HAL_Driver/Src/stm32f4xx_hal_pwr.d" -MT"Drivers/STM32F4xx_HAL_Driver/Src/stm32f4xx_hal_pwr.o" --specs=nano.specs -mfpu=fpv4-sp-d16 -mfloat-abi=hard -mthumb -o "Drivers/STM32F4xx_HAL_Driver/Src/stm32f4xx_hal_pwr.o"
arm-none-eabi-gcc "../Drivers/STM32F4xx_HAL_Driver/Src/stm32f4xx_hal_pwr_ex.c" -mcpu=cortex-m4 -std=gnu11 -g3 -DDEBUG -DUSE_HAL_DRIVER -DSTM32F401xE -c -I../Core/Inc -I../Drivers/STM32F4xx_HAL_Driver/Inc -I../Drivers/STM32F4xx_HAL_Driver/Inc/Legacy -I../Drivers/CMSIS/Device/ST/STM32F4xx/Include -I../Drivers/CMSIS/Include -O0 -ffunction-sections -fdata-sections -Wall -fstack-usage -fcyclomatic-complexity -MMD -MP -MF"Drivers/STM32F4xx_HAL_Driver/Src/stm32f4xx_hal_pwr_ex.d" -MT"Drivers/STM32F4xx_HAL_Driver/Src/stm32f4xx_hal_pwr_ex.o" --specs=nano.specs -mfpu=fpv4-sp-d16 -mfloat-abi=hard -mthumb -o "Drivers/STM32F4xx_HAL_Driver/Src/stm32f4xx_hal_pwr_ex.o"
arm-none-eabi-gcc "../Drivers/STM32F4xx_HAL_Driver/Src/stm32f4xx_hal_rcc.c" -mcpu=cortex-m4 -std=gnu11 -g3 -DDEBUG -DUSE_HAL_DRIVER -DSTM32F401xE -c -I../Core/Inc -I../Drivers/STM32F4xx_HAL_Driver/Inc -I../Drivers/STM32F4xx_HAL_Driver/Inc/Legacy -I../Drivers/CMSIS/Device/ST/STM32F4xx/Include -I../Drivers/CMSIS/Include -O0 -ffunction-sections -fdata-sections -Wall -fstack-usage -fcyclomatic-complexity -MMD -MP -MF"Drivers/STM32F4xx_HAL_Driver/Src/stm32f4xx_hal_rcc.d" -MT"Drivers/STM32F4xx_HAL_Driver/Src/stm32f4xx_hal_rcc.o" --specs=nano.specs -mfpu=fpv4-sp-d16 -mfloat-abi=hard -mthumb -o "Drivers/STM32F4xx_HAL_Driver/Src/stm32f4xx_hal_rcc.o"
arm-none-eabi-gcc "../Drivers/STM32F4xx_HAL_Driver/Src/stm32f4xx_hal_rcc_ex.c" -mcpu=cortex-m4 -std=gnu11 -g3 -DDEBUG -DUSE_HAL_DRIVER -DSTM32F401xE -c -I../Core/Inc -I../Drivers/STM32F4xx_HAL_Driver/Inc -I../Drivers/STM32F4xx_HAL_Driver/Inc/Legacy -I../Drivers/CMSIS/Device/ST/STM32F4xx/Include -I../Drivers/CMSIS/Include -O0 -ffunction-sections -fdata-sections -Wall -fstack-usage -fcyclomatic-complexity -MMD -MP -MF"Drivers/STM32F4xx_HAL_Driver/Src/stm32f4xx_hal_rcc_ex.d" -MT"Drivers/STM32F4xx_HAL_Driver/Src/stm32f4xx_hal_rcc_ex.o" --specs=nano.specs -mfpu=fpv4-sp-d16 -mfloat-abi=hard -mthumb -o "Drivers/STM32F4xx_HAL_Driver/Src/stm32f4xx_hal_rcc_ex.o"
arm-none-eabi-gcc -mcpu=cortex-m4 -g3 -DDEBUG -c -x assembler-with-cpp -MMD -MP -MF"Core/Startup/startup_stm32f401retx.d" -MT"Core/Startup/startup_stm32f401retx.o" --specs=nano.specs -mfpu=fpv4-sp-d16 -mfloat-abi=hard -mthumb -o "Core/Startup/startup_stm32f401retx.o" "../Core/Startup/startup_stm32f401retx.s"
arm-none-eabi-gcc "../Core/Src/ism330dhcx.c" -mcpu=cortex-m4 -std=gnu11 -g3 -DDEBUG -DUSE_HAL_DRIVER -DSTM32F401xE -c -I../Core/Inc -I../Drivers/STM32F4xx_HAL_Driver/Inc -I../Drivers/STM32F4xx_HAL_Driver/Inc/Legacy -I../Drivers/CMSIS/Device/ST/STM32F4xx/Include -I../Drivers/CMSIS/Include -O0 -ffunction-sections -fdata-sections -Wall -fstack-usage -fcyclomatic-complexity -MMD -MP -MF"Core/Src/ism330dhcx.d" -MT"Core/Src/ism330dhcx.o" --specs=nano.specs -mfpu=fpv4-sp-d16 -mfloat-abi=hard -mthumb -o "Core/Src/ism330dhcx.o"
../Core/Src/ism330dhcx.c: In function 'init_ISM330DHCX':
../Core/Src/ism330dhcx.c:42:12: error: too few arguments to function 'setReg'
   42 |         if(setReg(ism, ISM_REG_CTRL9_XL, 0x02) != ISM_OK){
      |            ^~~~~~
In file included from ../Core/Inc/ism330dhcx.h:12,
                 from ../Core/Src/ism330dhcx.c:8:
../Core/Inc/ism330dhcx_utils.h:73:19: note: declared here
   73 | ISM330DHCX_Status setReg(ISM330DHCX *ism, uint8_t reg, uint8_t bits, uint8_t mask, ISM330DHCX_Status error);
      |                   ^~~~~~
../Core/Src/ism330dhcx.c:48:12: error: too few arguments to function 'setReg'
   48 |         if(setReg(ism, ISM_REG_CTRL3_C, 0x40) != ISM_OK){
      |            ^~~~~~
../Core/Inc/ism330dhcx_utils.h:73:19: note: declared here
   73 | ISM330DHCX_Status setReg(ISM330DHCX *ism, uint8_t reg, uint8_t bits, uint8_t mask, ISM330DHCX_Status error);
      |                   ^~~~~~
../Core/Src/ism330dhcx.c: In function 'set_Fullscale_Accelerometer':
../Core/Src/ism330dhcx.c:94:35: error: 'ISM_ERROR_FS_ACC' undeclared (first use in this function); did you mean 'ISM_ERROR_FS_GYRO'?
   94 |                 ism->lastStatus = ISM_ERROR_FS_ACC;
      |                                   ^~~~~~~~~~~~~~~~
      |                                   ISM_ERROR_FS_GYRO
../Core/Src/ism330dhcx.c:94:35: note: each undeclared identifier is reported only once for each function it appears in
../Core/Src/ism330dhcx.c: At top level:
../Core/Src/ism330dhcx.c:123:19: error: conflicting types for 'set_OutputDataRate_Gyroscope'; have 'ISM330DHCX_Status(ISM330DHCX *, ISM330DHCX_ODR)'
  123 | ISM330DHCX_Status set_OutputDataRate_Gyroscope(ISM330DHCX *ism, ISM330DHCX_ODR odr){
      |                   ^~~~~~~~~~~~~~~~~~~~~~~~~~~~
../Core/Inc/ism330dhcx.h:24:19: note: previous declaration of 'set_OutputDataRate_Gyroscope' with type 'ISM330DHCX_Status(ISM330DHCX *)'
   24 | ISM330DHCX_Status set_OutputDataRate_Gyroscope(ISM330DHCX *ism);
      |                   ^~~~~~~~~~~~~~~~~~~~~~~~~~~~
../Core/Src/ism330dhcx.c: In function 'set_OutputDataRate_Gyroscope':
../Core/Src/ism330dhcx.c:146:30: warning: suggest parentheses around comparison in operand of '&' [-Wparentheses]
  146 |         if(reg_data & (~odr) != odr){
      |                       ~~~~~~~^~~~~~
../Core/Src/ism330dhcx.c: At top level:
../Core/Src/ism330dhcx.c:153:19: error: conflicting types for 'set_OutputDataRate_Accelerometer'; have 'ISM330DHCX_Status(ISM330DHCX *, ISM330DHCX_ODR)'
  153 | ISM330DHCX_Status set_OutputDataRate_Accelerometer(ISM330DHCX *ism, ISM330DHCX_ODR odr){
      |                   ^~~~~~~~~~~~~~~~~~~~~~~~~~~~~~~~
../Core/Inc/ism330dhcx.h:25:19: note: previous declaration of 'set_OutputDataRate_Accelerometer' with type 'ISM330DHCX_Status(ISM330DHCX *)'
   25 | ISM330DHCX_Status set_OutputDataRate_Accelerometer(ISM330DHCX *ism);
      |                   ^~~~~~~~~~~~~~~~~~~~~~~~~~~~~~~~
make: *** [Core/Src/subdir.mk:43: Core/Src/ism330dhcx.o] Error 1
make: *** Waiting for unfinished jobs....
"make -j16 all" terminated with exit code 2. Build might be incomplete.
17:09:47 **** Incremental Build of configuration Debug for project IMU_F401 ****
make -j16 all 
arm-none-eabi-gcc "../Core/Src/ism330dhcx.c" -mcpu=cortex-m4 -std=gnu11 -g3 -DDEBUG -DUSE_HAL_DRIVER -DSTM32F401xE -c -I../Core/Inc -I../Drivers/STM32F4xx_HAL_Driver/Inc -I../Drivers/STM32F4xx_HAL_Driver/Inc/Legacy -I../Drivers/CMSIS/Device/ST/STM32F4xx/Include -I../Drivers/CMSIS/Include -O0 -ffunction-sections -fdata-sections -Wall -fstack-usage -fcyclomatic-complexity -MMD -MP -MF"Core/Src/ism330dhcx.d" -MT"Core/Src/ism330dhcx.o" --specs=nano.specs -mfpu=fpv4-sp-d16 -mfloat-abi=hard -mthumb -o "Core/Src/ism330dhcx.o"
arm-none-eabi-gcc "../Core/Src/ism330dhcx_settings.c" -mcpu=cortex-m4 -std=gnu11 -g3 -DDEBUG -DUSE_HAL_DRIVER -DSTM32F401xE -c -I../Core/Inc -I../Drivers/STM32F4xx_HAL_Driver/Inc -I../Drivers/STM32F4xx_HAL_Driver/Inc/Legacy -I../Drivers/CMSIS/Device/ST/STM32F4xx/Include -I../Drivers/CMSIS/Include -O0 -ffunction-sections -fdata-sections -Wall -fstack-usage -fcyclomatic-complexity -MMD -MP -MF"Core/Src/ism330dhcx_settings.d" -MT"Core/Src/ism330dhcx_settings.o" --specs=nano.specs -mfpu=fpv4-sp-d16 -mfloat-abi=hard -mthumb -o "Core/Src/ism330dhcx_settings.o"
arm-none-eabi-gcc "../Core/Src/ism330dhcx_utils.c" -mcpu=cortex-m4 -std=gnu11 -g3 -DDEBUG -DUSE_HAL_DRIVER -DSTM32F401xE -c -I../Core/Inc -I../Drivers/STM32F4xx_HAL_Driver/Inc -I../Drivers/STM32F4xx_HAL_Driver/Inc/Legacy -I../Drivers/CMSIS/Device/ST/STM32F4xx/Include -I../Drivers/CMSIS/Include -O0 -ffunction-sections -fdata-sections -Wall -fstack-usage -fcyclomatic-complexity -MMD -MP -MF"Core/Src/ism330dhcx_utils.d" -MT"Core/Src/ism330dhcx_utils.o" --specs=nano.specs -mfpu=fpv4-sp-d16 -mfloat-abi=hard -mthumb -o "Core/Src/ism330dhcx_utils.o"
arm-none-eabi-gcc "../Core/Src/main.c" -mcpu=cortex-m4 -std=gnu11 -g3 -DDEBUG -DUSE_HAL_DRIVER -DSTM32F401xE -c -I../Core/Inc -I../Drivers/STM32F4xx_HAL_Driver/Inc -I../Drivers/STM32F4xx_HAL_Driver/Inc/Legacy -I../Drivers/CMSIS/Device/ST/STM32F4xx/Include -I../Drivers/CMSIS/Include -O0 -ffunction-sections -fdata-sections -Wall -fstack-usage -fcyclomatic-complexity -MMD -MP -MF"Core/Src/main.d" -MT"Core/Src/main.o" --specs=nano.specs -mfpu=fpv4-sp-d16 -mfloat-abi=hard -mthumb -o "Core/Src/main.o"
arm-none-eabi-gcc "../Core/Src/stm32f4xx_hal_msp.c" -mcpu=cortex-m4 -std=gnu11 -g3 -DDEBUG -DUSE_HAL_DRIVER -DSTM32F401xE -c -I../Core/Inc -I../Drivers/STM32F4xx_HAL_Driver/Inc -I../Drivers/STM32F4xx_HAL_Driver/Inc/Legacy -I../Drivers/CMSIS/Device/ST/STM32F4xx/Include -I../Drivers/CMSIS/Include -O0 -ffunction-sections -fdata-sections -Wall -fstack-usage -fcyclomatic-complexity -MMD -MP -MF"Core/Src/stm32f4xx_hal_msp.d" -MT"Core/Src/stm32f4xx_hal_msp.o" --specs=nano.specs -mfpu=fpv4-sp-d16 -mfloat-abi=hard -mthumb -o "Core/Src/stm32f4xx_hal_msp.o"
arm-none-eabi-gcc "../Core/Src/stm32f4xx_it.c" -mcpu=cortex-m4 -std=gnu11 -g3 -DDEBUG -DUSE_HAL_DRIVER -DSTM32F401xE -c -I../Core/Inc -I../Drivers/STM32F4xx_HAL_Driver/Inc -I../Drivers/STM32F4xx_HAL_Driver/Inc/Legacy -I../Drivers/CMSIS/Device/ST/STM32F4xx/Include -I../Drivers/CMSIS/Include -O0 -ffunction-sections -fdata-sections -Wall -fstack-usage -fcyclomatic-complexity -MMD -MP -MF"Core/Src/stm32f4xx_it.d" -MT"Core/Src/stm32f4xx_it.o" --specs=nano.specs -mfpu=fpv4-sp-d16 -mfloat-abi=hard -mthumb -o "Core/Src/stm32f4xx_it.o"
arm-none-eabi-gcc "../Core/Src/syscalls.c" -mcpu=cortex-m4 -std=gnu11 -g3 -DDEBUG -DUSE_HAL_DRIVER -DSTM32F401xE -c -I../Core/Inc -I../Drivers/STM32F4xx_HAL_Driver/Inc -I../Drivers/STM32F4xx_HAL_Driver/Inc/Legacy -I../Drivers/CMSIS/Device/ST/STM32F4xx/Include -I../Drivers/CMSIS/Include -O0 -ffunction-sections -fdata-sections -Wall -fstack-usage -fcyclomatic-complexity -MMD -MP -MF"Core/Src/syscalls.d" -MT"Core/Src/syscalls.o" --specs=nano.specs -mfpu=fpv4-sp-d16 -mfloat-abi=hard -mthumb -o "Core/Src/syscalls.o"
arm-none-eabi-gcc "../Core/Src/sysmem.c" -mcpu=cortex-m4 -std=gnu11 -g3 -DDEBUG -DUSE_HAL_DRIVER -DSTM32F401xE -c -I../Core/Inc -I../Drivers/STM32F4xx_HAL_Driver/Inc -I../Drivers/STM32F4xx_HAL_Driver/Inc/Legacy -I../Drivers/CMSIS/Device/ST/STM32F4xx/Include -I../Drivers/CMSIS/Include -O0 -ffunction-sections -fdata-sections -Wall -fstack-usage -fcyclomatic-complexity -MMD -MP -MF"Core/Src/sysmem.d" -MT"Core/Src/sysmem.o" --specs=nano.specs -mfpu=fpv4-sp-d16 -mfloat-abi=hard -mthumb -o "Core/Src/sysmem.o"
arm-none-eabi-gcc "../Core/Src/system_stm32f4xx.c" -mcpu=cortex-m4 -std=gnu11 -g3 -DDEBUG -DUSE_HAL_DRIVER -DSTM32F401xE -c -I../Core/Inc -I../Drivers/STM32F4xx_HAL_Driver/Inc -I../Drivers/STM32F4xx_HAL_Driver/Inc/Legacy -I../Drivers/CMSIS/Device/ST/STM32F4xx/Include -I../Drivers/CMSIS/Include -O0 -ffunction-sections -fdata-sections -Wall -fstack-usage -fcyclomatic-complexity -MMD -MP -MF"Core/Src/system_stm32f4xx.d" -MT"Core/Src/system_stm32f4xx.o" --specs=nano.specs -mfpu=fpv4-sp-d16 -mfloat-abi=hard -mthumb -o "Core/Src/system_stm32f4xx.o"
../Core/Src/ism330dhcx.c: In function 'set_Fullscale_Accelerometer':
../Core/Src/ism330dhcx.c:94:35: error: 'ISM_ERROR_FS_ACC' undeclared (first use in this function); did you mean 'ISM_ERROR_FS_GYRO'?
   94 |                 ism->lastStatus = ISM_ERROR_FS_ACC;
      |                                   ^~~~~~~~~~~~~~~~
      |                                   ISM_ERROR_FS_GYRO
../Core/Src/ism330dhcx.c:94:35: note: each undeclared identifier is reported only once for each function it appears in
../Core/Src/ism330dhcx.c: At top level:
../Core/Src/ism330dhcx.c:123:19: error: conflicting types for 'set_OutputDataRate_Gyroscope'; have 'ISM330DHCX_Status(ISM330DHCX *, ISM330DHCX_ODR)'
  123 | ISM330DHCX_Status set_OutputDataRate_Gyroscope(ISM330DHCX *ism, ISM330DHCX_ODR odr){
      |                   ^~~~~~~~~~~~~~~~~~~~~~~~~~~~
In file included from ../Core/Src/ism330dhcx.c:8:
../Core/Inc/ism330dhcx.h:24:19: note: previous declaration of 'set_OutputDataRate_Gyroscope' with type 'ISM330DHCX_Status(ISM330DHCX *)'
   24 | ISM330DHCX_Status set_OutputDataRate_Gyroscope(ISM330DHCX *ism);
      |                   ^~~~~~~~~~~~~~~~~~~~~~~~~~~~
../Core/Src/ism330dhcx.c: In function 'set_OutputDataRate_Gyroscope':
../Core/Src/ism330dhcx.c:146:30: warning: suggest parentheses around comparison in operand of '&' [-Wparentheses]
  146 |         if(reg_data & (~odr) != odr){
      |                       ~~~~~~~^~~~~~
../Core/Src/ism330dhcx.c: At top level:
../Core/Src/ism330dhcx.c:153:19: error: conflicting types for 'set_OutputDataRate_Accelerometer'; have 'ISM330DHCX_Status(ISM330DHCX *, ISM330DHCX_ODR)'
  153 | ISM330DHCX_Status set_OutputDataRate_Accelerometer(ISM330DHCX *ism, ISM330DHCX_ODR odr){
      |                   ^~~~~~~~~~~~~~~~~~~~~~~~~~~~~~~~
../Core/Inc/ism330dhcx.h:25:19: note: previous declaration of 'set_OutputDataRate_Accelerometer' with type 'ISM330DHCX_Status(ISM330DHCX *)'
   25 | ISM330DHCX_Status set_OutputDataRate_Accelerometer(ISM330DHCX *ism);
      |                   ^~~~~~~~~~~~~~~~~~~~~~~~~~~~~~~~
make: *** [Core/Src/subdir.mk:43: Core/Src/ism330dhcx.o] Error 1
make: *** Waiting for unfinished jobs....
../Core/Src/ism330dhcx_utils.c: In function 'setReg':
../Core/Src/ism330dhcx_utils.c:52:26: error: 'ISM_REG_CTRL3_C' undeclared (first use in this function)
   52 |         if(writeReg(ism, ISM_REG_CTRL3_C, &buff) != ISM_OK){
      |                          ^~~~~~~~~~~~~~~
../Core/Src/ism330dhcx_utils.c:52:26: note: each undeclared identifier is reported only once for each function it appears in
../Core/Src/ism330dhcx_utils.c:62:27: warning: suggest parentheses around comparison in operand of '&' [-Wparentheses]
   62 |         if(buff & ~(bits) != 1){
      |                   ~~~~~~~~^~~~
make: *** [Core/Src/subdir.mk:43: Core/Src/ism330dhcx_utils.o] Error 1
../Core/Src/main.c: In function 'main':
../Core/Src/main.c:73:36: error: 'NONE' undeclared (first use in this function)
   73 |         ISM330DHCX_Status status = NONE;
      |                                    ^~~~
../Core/Src/main.c:73:36: note: each undeclared identifier is reported only once for each function it appears in
make: *** [Core/Src/subdir.mk:43: Core/Src/main.o] Error 1
"make -j16 all" terminated with exit code 2. Build might be incomplete.
17:10:05 **** Incremental Build of configuration Debug for project IMU_F401 ****
make -j16 all 
arm-none-eabi-gcc "../Core/Src/ism330dhcx.c" -mcpu=cortex-m4 -std=gnu11 -g3 -DDEBUG -DUSE_HAL_DRIVER -DSTM32F401xE -c -I../Core/Inc -I../Drivers/STM32F4xx_HAL_Driver/Inc -I../Drivers/STM32F4xx_HAL_Driver/Inc/Legacy -I../Drivers/CMSIS/Device/ST/STM32F4xx/Include -I../Drivers/CMSIS/Include -O0 -ffunction-sections -fdata-sections -Wall -fstack-usage -fcyclomatic-complexity -MMD -MP -MF"Core/Src/ism330dhcx.d" -MT"Core/Src/ism330dhcx.o" --specs=nano.specs -mfpu=fpv4-sp-d16 -mfloat-abi=hard -mthumb -o "Core/Src/ism330dhcx.o"
arm-none-eabi-gcc "../Core/Src/ism330dhcx_utils.c" -mcpu=cortex-m4 -std=gnu11 -g3 -DDEBUG -DUSE_HAL_DRIVER -DSTM32F401xE -c -I../Core/Inc -I../Drivers/STM32F4xx_HAL_Driver/Inc -I../Drivers/STM32F4xx_HAL_Driver/Inc/Legacy -I../Drivers/CMSIS/Device/ST/STM32F4xx/Include -I../Drivers/CMSIS/Include -O0 -ffunction-sections -fdata-sections -Wall -fstack-usage -fcyclomatic-complexity -MMD -MP -MF"Core/Src/ism330dhcx_utils.d" -MT"Core/Src/ism330dhcx_utils.o" --specs=nano.specs -mfpu=fpv4-sp-d16 -mfloat-abi=hard -mthumb -o "Core/Src/ism330dhcx_utils.o"
arm-none-eabi-gcc "../Core/Src/main.c" -mcpu=cortex-m4 -std=gnu11 -g3 -DDEBUG -DUSE_HAL_DRIVER -DSTM32F401xE -c -I../Core/Inc -I../Drivers/STM32F4xx_HAL_Driver/Inc -I../Drivers/STM32F4xx_HAL_Driver/Inc/Legacy -I../Drivers/CMSIS/Device/ST/STM32F4xx/Include -I../Drivers/CMSIS/Include -O0 -ffunction-sections -fdata-sections -Wall -fstack-usage -fcyclomatic-complexity -MMD -MP -MF"Core/Src/main.d" -MT"Core/Src/main.o" --specs=nano.specs -mfpu=fpv4-sp-d16 -mfloat-abi=hard -mthumb -o "Core/Src/main.o"
../Core/Src/main.c: In function 'main':
../Core/Src/main.c:73:36: error: 'NONE' undeclared (first use in this function)
   73 |         ISM330DHCX_Status status = NONE;
      |                                    ^~~~
../Core/Src/main.c:73:36: note: each undeclared identifier is reported only once for each function it appears in
make: *** [Core/Src/subdir.mk:43: Core/Src/main.o] Error 1
make: *** Waiting for unfinished jobs....
../Core/Src/ism330dhcx.c: In function 'set_Fullscale_Accelerometer':
../Core/Src/ism330dhcx.c:103:35: error: 'ISM_ERROR_FS_ACC' undeclared (first use in this function); did you mean 'ISM_ERROR_FS_GYRO'?
  103 |                 ism->lastStatus = ISM_ERROR_FS_ACC;
      |                                   ^~~~~~~~~~~~~~~~
      |                                   ISM_ERROR_FS_GYRO
../Core/Src/ism330dhcx.c:103:35: note: each undeclared identifier is reported only once for each function it appears in
../Core/Src/ism330dhcx.c: At top level:
../Core/Src/ism330dhcx.c:123:19: error: conflicting types for 'set_OutputDataRate_Gyroscope'; have 'ISM330DHCX_Status(ISM330DHCX *, ISM330DHCX_ODR)'
  123 | ISM330DHCX_Status set_OutputDataRate_Gyroscope(ISM330DHCX *ism, ISM330DHCX_ODR odr){
      |                   ^~~~~~~~~~~~~~~~~~~~~~~~~~~~
In file included from ../Core/Src/ism330dhcx.c:8:
../Core/Inc/ism330dhcx.h:24:19: note: previous declaration of 'set_OutputDataRate_Gyroscope' with type 'ISM330DHCX_Status(ISM330DHCX *)'
   24 | ISM330DHCX_Status set_OutputDataRate_Gyroscope(ISM330DHCX *ism);
      |                   ^~~~~~~~~~~~~~~~~~~~~~~~~~~~
../Core/Src/ism330dhcx.c: In function 'set_OutputDataRate_Gyroscope':
../Core/Src/ism330dhcx.c:146:30: warning: suggest parentheses around comparison in operand of '&' [-Wparentheses]
  146 |         if(reg_data & (~odr) != odr){
      |                       ~~~~~~~^~~~~~
../Core/Src/ism330dhcx.c: At top level:
../Core/Src/ism330dhcx.c:153:19: error: conflicting types for 'set_OutputDataRate_Accelerometer'; have 'ISM330DHCX_Status(ISM330DHCX *, ISM330DHCX_ODR)'
  153 | ISM330DHCX_Status set_OutputDataRate_Accelerometer(ISM330DHCX *ism, ISM330DHCX_ODR odr){
      |                   ^~~~~~~~~~~~~~~~~~~~~~~~~~~~~~~~
../Core/Inc/ism330dhcx.h:25:19: note: previous declaration of 'set_OutputDataRate_Accelerometer' with type 'ISM330DHCX_Status(ISM330DHCX *)'
   25 | ISM330DHCX_Status set_OutputDataRate_Accelerometer(ISM330DHCX *ism);
      |                   ^~~~~~~~~~~~~~~~~~~~~~~~~~~~~~~~
make: *** [Core/Src/subdir.mk:43: Core/Src/ism330dhcx.o] Error 1
../Core/Src/ism330dhcx_utils.c: In function 'setReg':
../Core/Src/ism330dhcx_utils.c:52:26: error: 'ISM_REG_CTRL3_C' undeclared (first use in this function)
   52 |         if(writeReg(ism, ISM_REG_CTRL3_C, &buff) != ISM_OK){
      |                          ^~~~~~~~~~~~~~~
../Core/Src/ism330dhcx_utils.c:52:26: note: each undeclared identifier is reported only once for each function it appears in
../Core/Src/ism330dhcx_utils.c:62:27: warning: suggest parentheses around comparison in operand of '&' [-Wparentheses]
   62 |         if(buff & ~(bits) != 1){
      |                   ~~~~~~~~^~~~
make: *** [Core/Src/subdir.mk:43: Core/Src/ism330dhcx_utils.o] Error 1
"make -j16 all" terminated with exit code 2. Build might be incomplete.
17:10:11 **** Incremental Build of configuration Debug for project IMU_F401 ****
make -j16 all 
arm-none-eabi-gcc "../Core/Src/ism330dhcx.c" -mcpu=cortex-m4 -std=gnu11 -g3 -DDEBUG -DUSE_HAL_DRIVER -DSTM32F401xE -c -I../Core/Inc -I../Drivers/STM32F4xx_HAL_Driver/Inc -I../Drivers/STM32F4xx_HAL_Driver/Inc/Legacy -I../Drivers/CMSIS/Device/ST/STM32F4xx/Include -I../Drivers/CMSIS/Include -O0 -ffunction-sections -fdata-sections -Wall -fstack-usage -fcyclomatic-complexity -MMD -MP -MF"Core/Src/ism330dhcx.d" -MT"Core/Src/ism330dhcx.o" --specs=nano.specs -mfpu=fpv4-sp-d16 -mfloat-abi=hard -mthumb -o "Core/Src/ism330dhcx.o"
arm-none-eabi-gcc "../Core/Src/ism330dhcx_utils.c" -mcpu=cortex-m4 -std=gnu11 -g3 -DDEBUG -DUSE_HAL_DRIVER -DSTM32F401xE -c -I../Core/Inc -I../Drivers/STM32F4xx_HAL_Driver/Inc -I../Drivers/STM32F4xx_HAL_Driver/Inc/Legacy -I../Drivers/CMSIS/Device/ST/STM32F4xx/Include -I../Drivers/CMSIS/Include -O0 -ffunction-sections -fdata-sections -Wall -fstack-usage -fcyclomatic-complexity -MMD -MP -MF"Core/Src/ism330dhcx_utils.d" -MT"Core/Src/ism330dhcx_utils.o" --specs=nano.specs -mfpu=fpv4-sp-d16 -mfloat-abi=hard -mthumb -o "Core/Src/ism330dhcx_utils.o"
arm-none-eabi-gcc "../Core/Src/main.c" -mcpu=cortex-m4 -std=gnu11 -g3 -DDEBUG -DUSE_HAL_DRIVER -DSTM32F401xE -c -I../Core/Inc -I../Drivers/STM32F4xx_HAL_Driver/Inc -I../Drivers/STM32F4xx_HAL_Driver/Inc/Legacy -I../Drivers/CMSIS/Device/ST/STM32F4xx/Include -I../Drivers/CMSIS/Include -O0 -ffunction-sections -fdata-sections -Wall -fstack-usage -fcyclomatic-complexity -MMD -MP -MF"Core/Src/main.d" -MT"Core/Src/main.o" --specs=nano.specs -mfpu=fpv4-sp-d16 -mfloat-abi=hard -mthumb -o "Core/Src/main.o"
../Core/Src/main.c: In function 'main':
../Core/Src/main.c:73:36: error: 'NONE' undeclared (first use in this function)
   73 |         ISM330DHCX_Status status = NONE;
      |                                    ^~~~
../Core/Src/main.c:73:36: note: each undeclared identifier is reported only once for each function it appears in
make: *** [Core/Src/subdir.mk:43: Core/Src/main.o] Error 1
make: *** Waiting for unfinished jobs....
../Core/Src/ism330dhcx.c: In function 'set_Fullscale_Accelerometer':
../Core/Src/ism330dhcx.c:109:35: error: 'ISM_ERROR_FS_ACC' undeclared (first use in this function); did you mean 'ISM_ERROR_FS_GYRO'?
  109 |                 ism->lastStatus = ISM_ERROR_FS_ACC;
      |                                   ^~~~~~~~~~~~~~~~
      |                                   ISM_ERROR_FS_GYRO
../Core/Src/ism330dhcx.c:109:35: note: each undeclared identifier is reported only once for each function it appears in
../Core/Src/ism330dhcx.c: At top level:
../Core/Src/ism330dhcx.c:123:19: error: conflicting types for 'set_OutputDataRate_Gyroscope'; have 'ISM330DHCX_Status(ISM330DHCX *, ISM330DHCX_ODR)'
  123 | ISM330DHCX_Status set_OutputDataRate_Gyroscope(ISM330DHCX *ism, ISM330DHCX_ODR odr){
      |                   ^~~~~~~~~~~~~~~~~~~~~~~~~~~~
In file included from ../Core/Src/ism330dhcx.c:8:
../Core/Inc/ism330dhcx.h:24:19: note: previous declaration of 'set_OutputDataRate_Gyroscope' with type 'ISM330DHCX_Status(ISM330DHCX *)'
   24 | ISM330DHCX_Status set_OutputDataRate_Gyroscope(ISM330DHCX *ism);
      |                   ^~~~~~~~~~~~~~~~~~~~~~~~~~~~
../Core/Src/ism330dhcx.c: In function 'set_OutputDataRate_Gyroscope':
../Core/Src/ism330dhcx.c:146:30: warning: suggest parentheses around comparison in operand of '&' [-Wparentheses]
  146 |         if(reg_data & (~odr) != odr){
      |                       ~~~~~~~^~~~~~
../Core/Src/ism330dhcx.c: At top level:
../Core/Src/ism330dhcx.c:153:19: error: conflicting types for 'set_OutputDataRate_Accelerometer'; have 'ISM330DHCX_Status(ISM330DHCX *, ISM330DHCX_ODR)'
  153 | ISM330DHCX_Status set_OutputDataRate_Accelerometer(ISM330DHCX *ism, ISM330DHCX_ODR odr){
      |                   ^~~~~~~~~~~~~~~~~~~~~~~~~~~~~~~~
../Core/Inc/ism330dhcx.h:25:19: note: previous declaration of 'set_OutputDataRate_Accelerometer' with type 'ISM330DHCX_Status(ISM330DHCX *)'
   25 | ISM330DHCX_Status set_OutputDataRate_Accelerometer(ISM330DHCX *ism);
      |                   ^~~~~~~~~~~~~~~~~~~~~~~~~~~~~~~~
../Core/Src/ism330dhcx_utils.c: In function 'setReg':
../Core/Src/ism330dhcx_utils.c:52:26: error: 'ISM_REG_CTRL3_C' undeclared (first use in this function)
   52 |         if(writeReg(ism, ISM_REG_CTRL3_C, &buff) != ISM_OK){
      |                          ^~~~~~~~~~~~~~~
../Core/Src/ism330dhcx_utils.c:52:26: note: each undeclared identifier is reported only once for each function it appears in
../Core/Src/ism330dhcx_utils.c:62:27: warning: suggest parentheses around comparison in operand of '&' [-Wparentheses]
   62 |         if(buff & ~(bits) != 1){
      |                   ~~~~~~~~^~~~
make: *** [Core/Src/subdir.mk:43: Core/Src/ism330dhcx.o] Error 1
make: *** [Core/Src/subdir.mk:43: Core/Src/ism330dhcx_utils.o] Error 1
"make -j16 all" terminated with exit code 2. Build might be incomplete.
17:10:16 **** Incremental Build of configuration Debug for project IMU_F401 ****
make -j16 all 
arm-none-eabi-gcc "../Core/Src/ism330dhcx.c" -mcpu=cortex-m4 -std=gnu11 -g3 -DDEBUG -DUSE_HAL_DRIVER -DSTM32F401xE -c -I../Core/Inc -I../Drivers/STM32F4xx_HAL_Driver/Inc -I../Drivers/STM32F4xx_HAL_Driver/Inc/Legacy -I../Drivers/CMSIS/Device/ST/STM32F4xx/Include -I../Drivers/CMSIS/Include -O0 -ffunction-sections -fdata-sections -Wall -fstack-usage -fcyclomatic-complexity -MMD -MP -MF"Core/Src/ism330dhcx.d" -MT"Core/Src/ism330dhcx.o" --specs=nano.specs -mfpu=fpv4-sp-d16 -mfloat-abi=hard -mthumb -o "Core/Src/ism330dhcx.o"
arm-none-eabi-gcc "../Core/Src/ism330dhcx_utils.c" -mcpu=cortex-m4 -std=gnu11 -g3 -DDEBUG -DUSE_HAL_DRIVER -DSTM32F401xE -c -I../Core/Inc -I../Drivers/STM32F4xx_HAL_Driver/Inc -I../Drivers/STM32F4xx_HAL_Driver/Inc/Legacy -I../Drivers/CMSIS/Device/ST/STM32F4xx/Include -I../Drivers/CMSIS/Include -O0 -ffunction-sections -fdata-sections -Wall -fstack-usage -fcyclomatic-complexity -MMD -MP -MF"Core/Src/ism330dhcx_utils.d" -MT"Core/Src/ism330dhcx_utils.o" --specs=nano.specs -mfpu=fpv4-sp-d16 -mfloat-abi=hard -mthumb -o "Core/Src/ism330dhcx_utils.o"
arm-none-eabi-gcc "../Core/Src/main.c" -mcpu=cortex-m4 -std=gnu11 -g3 -DDEBUG -DUSE_HAL_DRIVER -DSTM32F401xE -c -I../Core/Inc -I../Drivers/STM32F4xx_HAL_Driver/Inc -I../Drivers/STM32F4xx_HAL_Driver/Inc/Legacy -I../Drivers/CMSIS/Device/ST/STM32F4xx/Include -I../Drivers/CMSIS/Include -O0 -ffunction-sections -fdata-sections -Wall -fstack-usage -fcyclomatic-complexity -MMD -MP -MF"Core/Src/main.d" -MT"Core/Src/main.o" --specs=nano.specs -mfpu=fpv4-sp-d16 -mfloat-abi=hard -mthumb -o "Core/Src/main.o"
../Core/Src/main.c: In function 'main':
../Core/Src/main.c:73:36: error: 'NONE' undeclared (first use in this function)
   73 |         ISM330DHCX_Status status = NONE;
      |                                    ^~~~
../Core/Src/main.c:73:36: note: each undeclared identifier is reported only once for each function it appears in
make: *** [Core/Src/subdir.mk:43: Core/Src/main.o] Error 1
make: *** Waiting for unfinished jobs....
../Core/Src/ism330dhcx.c: In function 'set_Fullscale_Accelerometer':
../Core/Src/ism330dhcx.c:115:35: error: 'ISM_ERROR_FS_ACC' undeclared (first use in this function); did you mean 'ISM_ERROR_FS_GYRO'?
  115 |                 ism->lastStatus = ISM_ERROR_FS_ACC;
      |                                   ^~~~~~~~~~~~~~~~
      |                                   ISM_ERROR_FS_GYRO
../Core/Src/ism330dhcx.c:115:35: note: each undeclared identifier is reported only once for each function it appears in
../Core/Src/ism330dhcx.c: At top level:
../Core/Src/ism330dhcx.c:123:19: error: conflicting types for 'set_OutputDataRate_Gyroscope'; have 'ISM330DHCX_Status(ISM330DHCX *, ISM330DHCX_ODR)'
  123 | ISM330DHCX_Status set_OutputDataRate_Gyroscope(ISM330DHCX *ism, ISM330DHCX_ODR odr){
      |                   ^~~~~~~~~~~~~~~~~~~~~~~~~~~~
In file included from ../Core/Src/ism330dhcx.c:8:
../Core/Inc/ism330dhcx.h:24:19: note: previous declaration of 'set_OutputDataRate_Gyroscope' with type 'ISM330DHCX_Status(ISM330DHCX *)'
   24 | ISM330DHCX_Status set_OutputDataRate_Gyroscope(ISM330DHCX *ism);
      |                   ^~~~~~~~~~~~~~~~~~~~~~~~~~~~
../Core/Src/ism330dhcx.c: In function 'set_OutputDataRate_Gyroscope':
../Core/Src/ism330dhcx.c:146:30: warning: suggest parentheses around comparison in operand of '&' [-Wparentheses]
  146 |         if(reg_data & (~odr) != odr){
      |                       ~~~~~~~^~~~~~
../Core/Src/ism330dhcx.c: At top level:
../Core/Src/ism330dhcx.c:153:19: error: conflicting types for 'set_OutputDataRate_Accelerometer'; have 'ISM330DHCX_Status(ISM330DHCX *, ISM330DHCX_ODR)'
  153 | ISM330DHCX_Status set_OutputDataRate_Accelerometer(ISM330DHCX *ism, ISM330DHCX_ODR odr){
      |                   ^~~~~~~~~~~~~~~~~~~~~~~~~~~~~~~~
../Core/Inc/ism330dhcx.h:25:19: note: previous declaration of 'set_OutputDataRate_Accelerometer' with type 'ISM330DHCX_Status(ISM330DHCX *)'
   25 | ISM330DHCX_Status set_OutputDataRate_Accelerometer(ISM330DHCX *ism);
      |                   ^~~~~~~~~~~~~~~~~~~~~~~~~~~~~~~~
../Core/Src/ism330dhcx_utils.c: In function 'setReg':
../Core/Src/ism330dhcx_utils.c:52:26: error: 'ISM_REG_CTRL3_C' undeclared (first use in this function)
   52 |         if(writeReg(ism, ISM_REG_CTRL3_C, &buff) != ISM_OK){
      |                          ^~~~~~~~~~~~~~~
../Core/Src/ism330dhcx_utils.c:52:26: note: each undeclared identifier is reported only once for each function it appears in
../Core/Src/ism330dhcx_utils.c:62:27: warning: suggest parentheses around comparison in operand of '&' [-Wparentheses]
   62 |         if(buff & ~(bits) != 1){
      |                   ~~~~~~~~^~~~
make: *** [Core/Src/subdir.mk:43: Core/Src/ism330dhcx.o] Error 1
make: *** [Core/Src/subdir.mk:43: Core/Src/ism330dhcx_utils.o] Error 1
"make -j16 all" terminated with exit code 2. Build might be incomplete.
17:10:19 **** Incremental Build of configuration Debug for project IMU_F401 ****
make -j16 all 
arm-none-eabi-gcc "../Core/Src/ism330dhcx.c" -mcpu=cortex-m4 -std=gnu11 -g3 -DDEBUG -DUSE_HAL_DRIVER -DSTM32F401xE -c -I../Core/Inc -I../Drivers/STM32F4xx_HAL_Driver/Inc -I../Drivers/STM32F4xx_HAL_Driver/Inc/Legacy -I../Drivers/CMSIS/Device/ST/STM32F4xx/Include -I../Drivers/CMSIS/Include -O0 -ffunction-sections -fdata-sections -Wall -fstack-usage -fcyclomatic-complexity -MMD -MP -MF"Core/Src/ism330dhcx.d" -MT"Core/Src/ism330dhcx.o" --specs=nano.specs -mfpu=fpv4-sp-d16 -mfloat-abi=hard -mthumb -o "Core/Src/ism330dhcx.o"
arm-none-eabi-gcc "../Core/Src/ism330dhcx_utils.c" -mcpu=cortex-m4 -std=gnu11 -g3 -DDEBUG -DUSE_HAL_DRIVER -DSTM32F401xE -c -I../Core/Inc -I../Drivers/STM32F4xx_HAL_Driver/Inc -I../Drivers/STM32F4xx_HAL_Driver/Inc/Legacy -I../Drivers/CMSIS/Device/ST/STM32F4xx/Include -I../Drivers/CMSIS/Include -O0 -ffunction-sections -fdata-sections -Wall -fstack-usage -fcyclomatic-complexity -MMD -MP -MF"Core/Src/ism330dhcx_utils.d" -MT"Core/Src/ism330dhcx_utils.o" --specs=nano.specs -mfpu=fpv4-sp-d16 -mfloat-abi=hard -mthumb -o "Core/Src/ism330dhcx_utils.o"
arm-none-eabi-gcc "../Core/Src/main.c" -mcpu=cortex-m4 -std=gnu11 -g3 -DDEBUG -DUSE_HAL_DRIVER -DSTM32F401xE -c -I../Core/Inc -I../Drivers/STM32F4xx_HAL_Driver/Inc -I../Drivers/STM32F4xx_HAL_Driver/Inc/Legacy -I../Drivers/CMSIS/Device/ST/STM32F4xx/Include -I../Drivers/CMSIS/Include -O0 -ffunction-sections -fdata-sections -Wall -fstack-usage -fcyclomatic-complexity -MMD -MP -MF"Core/Src/main.d" -MT"Core/Src/main.o" --specs=nano.specs -mfpu=fpv4-sp-d16 -mfloat-abi=hard -mthumb -o "Core/Src/main.o"
../Core/Src/ism330dhcx.c:123:19: error: conflicting types for 'set_OutputDataRate_Gyroscope'; have 'ISM330DHCX_Status(ISM330DHCX *, ISM330DHCX_ODR)'
  123 | ISM330DHCX_Status set_OutputDataRate_Gyroscope(ISM330DHCX *ism, ISM330DHCX_ODR odr){
      |                   ^~~~~~~~~~~~~~~~~~~~~~~~~~~~
In file included from ../Core/Src/ism330dhcx.c:8:
../Core/Inc/ism330dhcx.h:24:19: note: previous declaration of 'set_OutputDataRate_Gyroscope' with type 'ISM330DHCX_Status(ISM330DHCX *)'
   24 | ISM330DHCX_Status set_OutputDataRate_Gyroscope(ISM330DHCX *ism);
      |                   ^~~~~~~~~~~~~~~~~~~~~~~~~~~~
../Core/Src/ism330dhcx.c: In function 'set_OutputDataRate_Gyroscope':
../Core/Src/ism330dhcx.c:146:30: warning: suggest parentheses around comparison in operand of '&' [-Wparentheses]
  146 |         if(reg_data & (~odr) != odr){
      |                       ~~~~~~~^~~~~~
../Core/Src/ism330dhcx.c: At top level:
../Core/Src/ism330dhcx.c:153:19: error: conflicting types for 'set_OutputDataRate_Accelerometer'; have 'ISM330DHCX_Status(ISM330DHCX *, ISM330DHCX_ODR)'
  153 | ISM330DHCX_Status set_OutputDataRate_Accelerometer(ISM330DHCX *ism, ISM330DHCX_ODR odr){
      |                   ^~~~~~~~~~~~~~~~~~~~~~~~~~~~~~~~
../Core/Inc/ism330dhcx.h:25:19: note: previous declaration of 'set_OutputDataRate_Accelerometer' with type 'ISM330DHCX_Status(ISM330DHCX *)'
   25 | ISM330DHCX_Status set_OutputDataRate_Accelerometer(ISM330DHCX *ism);
      |                   ^~~~~~~~~~~~~~~~~~~~~~~~~~~~~~~~
../Core/Src/main.c: In function 'main':
../Core/Src/main.c:73:36: error: 'NONE' undeclared (first use in this function)
   73 |         ISM330DHCX_Status status = NONE;
      |                                    ^~~~
../Core/Src/main.c:73:36: note: each undeclared identifier is reported only once for each function it appears in
make: *** [Core/Src/subdir.mk:43: Core/Src/ism330dhcx.o] Error 1
make: *** Waiting for unfinished jobs....
make: *** [Core/Src/subdir.mk:43: Core/Src/main.o] Error 1
../Core/Src/ism330dhcx_utils.c: In function 'setReg':
../Core/Src/ism330dhcx_utils.c:52:26: error: 'ISM_REG_CTRL3_C' undeclared (first use in this function)
   52 |         if(writeReg(ism, ISM_REG_CTRL3_C, &buff) != ISM_OK){
      |                          ^~~~~~~~~~~~~~~
../Core/Src/ism330dhcx_utils.c:52:26: note: each undeclared identifier is reported only once for each function it appears in
../Core/Src/ism330dhcx_utils.c:62:27: warning: suggest parentheses around comparison in operand of '&' [-Wparentheses]
   62 |         if(buff & ~(bits) != 1){
      |                   ~~~~~~~~^~~~
make: *** [Core/Src/subdir.mk:43: Core/Src/ism330dhcx_utils.o] Error 1
"make -j16 all" terminated with exit code 2. Build might be incomplete.
17:10:51 **** Incremental Build of configuration Debug for project IMU_F401 ****
make -j16 all 
arm-none-eabi-gcc "../Core/Src/ism330dhcx.c" -mcpu=cortex-m4 -std=gnu11 -g3 -DDEBUG -DUSE_HAL_DRIVER -DSTM32F401xE -c -I../Core/Inc -I../Drivers/STM32F4xx_HAL_Driver/Inc -I../Drivers/STM32F4xx_HAL_Driver/Inc/Legacy -I../Drivers/CMSIS/Device/ST/STM32F4xx/Include -I../Drivers/CMSIS/Include -O0 -ffunction-sections -fdata-sections -Wall -fstack-usage -fcyclomatic-complexity -MMD -MP -MF"Core/Src/ism330dhcx.d" -MT"Core/Src/ism330dhcx.o" --specs=nano.specs -mfpu=fpv4-sp-d16 -mfloat-abi=hard -mthumb -o "Core/Src/ism330dhcx.o"
arm-none-eabi-gcc "../Core/Src/ism330dhcx_utils.c" -mcpu=cortex-m4 -std=gnu11 -g3 -DDEBUG -DUSE_HAL_DRIVER -DSTM32F401xE -c -I../Core/Inc -I../Drivers/STM32F4xx_HAL_Driver/Inc -I../Drivers/STM32F4xx_HAL_Driver/Inc/Legacy -I../Drivers/CMSIS/Device/ST/STM32F4xx/Include -I../Drivers/CMSIS/Include -O0 -ffunction-sections -fdata-sections -Wall -fstack-usage -fcyclomatic-complexity -MMD -MP -MF"Core/Src/ism330dhcx_utils.d" -MT"Core/Src/ism330dhcx_utils.o" --specs=nano.specs -mfpu=fpv4-sp-d16 -mfloat-abi=hard -mthumb -o "Core/Src/ism330dhcx_utils.o"
arm-none-eabi-gcc "../Core/Src/main.c" -mcpu=cortex-m4 -std=gnu11 -g3 -DDEBUG -DUSE_HAL_DRIVER -DSTM32F401xE -c -I../Core/Inc -I../Drivers/STM32F4xx_HAL_Driver/Inc -I../Drivers/STM32F4xx_HAL_Driver/Inc/Legacy -I../Drivers/CMSIS/Device/ST/STM32F4xx/Include -I../Drivers/CMSIS/Include -O0 -ffunction-sections -fdata-sections -Wall -fstack-usage -fcyclomatic-complexity -MMD -MP -MF"Core/Src/main.d" -MT"Core/Src/main.o" --specs=nano.specs -mfpu=fpv4-sp-d16 -mfloat-abi=hard -mthumb -o "Core/Src/main.o"
arm-none-eabi-gcc "../Core/Src/stm32f4xx_hal_msp.c" -mcpu=cortex-m4 -std=gnu11 -g3 -DDEBUG -DUSE_HAL_DRIVER -DSTM32F401xE -c -I../Core/Inc -I../Drivers/STM32F4xx_HAL_Driver/Inc -I../Drivers/STM32F4xx_HAL_Driver/Inc/Legacy -I../Drivers/CMSIS/Device/ST/STM32F4xx/Include -I../Drivers/CMSIS/Include -O0 -ffunction-sections -fdata-sections -Wall -fstack-usage -fcyclomatic-complexity -MMD -MP -MF"Core/Src/stm32f4xx_hal_msp.d" -MT"Core/Src/stm32f4xx_hal_msp.o" --specs=nano.specs -mfpu=fpv4-sp-d16 -mfloat-abi=hard -mthumb -o "Core/Src/stm32f4xx_hal_msp.o"
arm-none-eabi-gcc "../Core/Src/stm32f4xx_it.c" -mcpu=cortex-m4 -std=gnu11 -g3 -DDEBUG -DUSE_HAL_DRIVER -DSTM32F401xE -c -I../Core/Inc -I../Drivers/STM32F4xx_HAL_Driver/Inc -I../Drivers/STM32F4xx_HAL_Driver/Inc/Legacy -I../Drivers/CMSIS/Device/ST/STM32F4xx/Include -I../Drivers/CMSIS/Include -O0 -ffunction-sections -fdata-sections -Wall -fstack-usage -fcyclomatic-complexity -MMD -MP -MF"Core/Src/stm32f4xx_it.d" -MT"Core/Src/stm32f4xx_it.o" --specs=nano.specs -mfpu=fpv4-sp-d16 -mfloat-abi=hard -mthumb -o "Core/Src/stm32f4xx_it.o"
../Core/Src/ism330dhcx.c: In function 'set_OutputDataRate_Gyroscope':
../Core/Src/ism330dhcx.c:146:30: warning: suggest parentheses around comparison in operand of '&' [-Wparentheses]
  146 |         if(reg_data & (~odr) != odr){
      |                       ~~~~~~~^~~~~~
../Core/Src/main.c: In function 'main':
../Core/Src/main.c:73:36: error: 'NONE' undeclared (first use in this function)
   73 |         ISM330DHCX_Status status = NONE;
      |                                    ^~~~
../Core/Src/main.c:73:36: note: each undeclared identifier is reported only once for each function it appears in
make: *** [Core/Src/subdir.mk:43: Core/Src/main.o] Error 1
make: *** Waiting for unfinished jobs....
../Core/Src/ism330dhcx_utils.c: In function 'setReg':
../Core/Src/ism330dhcx_utils.c:52:26: error: 'ISM_REG_CTRL3_C' undeclared (first use in this function)
   52 |         if(writeReg(ism, ISM_REG_CTRL3_C, &buff) != ISM_OK){
      |                          ^~~~~~~~~~~~~~~
../Core/Src/ism330dhcx_utils.c:52:26: note: each undeclared identifier is reported only once for each function it appears in
../Core/Src/ism330dhcx_utils.c:62:27: warning: suggest parentheses around comparison in operand of '&' [-Wparentheses]
   62 |         if(buff & ~(bits) != 1){
      |                   ~~~~~~~~^~~~
make: *** [Core/Src/subdir.mk:43: Core/Src/ism330dhcx_utils.o] Error 1
"make -j16 all" terminated with exit code 2. Build might be incomplete.
17:11:07 **** Incremental Build of configuration Debug for project IMU_F401 ****
make -j16 all 
arm-none-eabi-gcc "../Core/Src/ism330dhcx.c" -mcpu=cortex-m4 -std=gnu11 -g3 -DDEBUG -DUSE_HAL_DRIVER -DSTM32F401xE -c -I../Core/Inc -I../Drivers/STM32F4xx_HAL_Driver/Inc -I../Drivers/STM32F4xx_HAL_Driver/Inc/Legacy -I../Drivers/CMSIS/Device/ST/STM32F4xx/Include -I../Drivers/CMSIS/Include -O0 -ffunction-sections -fdata-sections -Wall -fstack-usage -fcyclomatic-complexity -MMD -MP -MF"Core/Src/ism330dhcx.d" -MT"Core/Src/ism330dhcx.o" --specs=nano.specs -mfpu=fpv4-sp-d16 -mfloat-abi=hard -mthumb -o "Core/Src/ism330dhcx.o"
arm-none-eabi-gcc "../Core/Src/ism330dhcx_utils.c" -mcpu=cortex-m4 -std=gnu11 -g3 -DDEBUG -DUSE_HAL_DRIVER -DSTM32F401xE -c -I../Core/Inc -I../Drivers/STM32F4xx_HAL_Driver/Inc -I../Drivers/STM32F4xx_HAL_Driver/Inc/Legacy -I../Drivers/CMSIS/Device/ST/STM32F4xx/Include -I../Drivers/CMSIS/Include -O0 -ffunction-sections -fdata-sections -Wall -fstack-usage -fcyclomatic-complexity -MMD -MP -MF"Core/Src/ism330dhcx_utils.d" -MT"Core/Src/ism330dhcx_utils.o" --specs=nano.specs -mfpu=fpv4-sp-d16 -mfloat-abi=hard -mthumb -o "Core/Src/ism330dhcx_utils.o"
arm-none-eabi-gcc "../Core/Src/main.c" -mcpu=cortex-m4 -std=gnu11 -g3 -DDEBUG -DUSE_HAL_DRIVER -DSTM32F401xE -c -I../Core/Inc -I../Drivers/STM32F4xx_HAL_Driver/Inc -I../Drivers/STM32F4xx_HAL_Driver/Inc/Legacy -I../Drivers/CMSIS/Device/ST/STM32F4xx/Include -I../Drivers/CMSIS/Include -O0 -ffunction-sections -fdata-sections -Wall -fstack-usage -fcyclomatic-complexity -MMD -MP -MF"Core/Src/main.d" -MT"Core/Src/main.o" --specs=nano.specs -mfpu=fpv4-sp-d16 -mfloat-abi=hard -mthumb -o "Core/Src/main.o"
../Core/Src/main.c: In function 'main':
../Core/Src/main.c:73:36: error: 'NONE' undeclared (first use in this function)
   73 |         ISM330DHCX_Status status = NONE;
      |                                    ^~~~
../Core/Src/main.c:73:36: note: each undeclared identifier is reported only once for each function it appears in
make: *** [Core/Src/subdir.mk:43: Core/Src/main.o] Error 1
make: *** Waiting for unfinished jobs....
../Core/Src/ism330dhcx_utils.c: In function 'setReg':
../Core/Src/ism330dhcx_utils.c:52:26: error: 'ISM_REG_CTRL3_C' undeclared (first use in this function)
   52 |         if(writeReg(ism, ISM_REG_CTRL3_C, &buff) != ISM_OK){
      |                          ^~~~~~~~~~~~~~~
../Core/Src/ism330dhcx_utils.c:52:26: note: each undeclared identifier is reported only once for each function it appears in
../Core/Src/ism330dhcx_utils.c:62:27: warning: suggest parentheses around comparison in operand of '&' [-Wparentheses]
   62 |         if(buff & ~(bits) != 1){
      |                   ~~~~~~~~^~~~
make: *** [Core/Src/subdir.mk:43: Core/Src/ism330dhcx_utils.o] Error 1
"make -j16 all" terminated with exit code 2. Build might be incomplete.
17:11:20 **** Incremental Build of configuration Debug for project IMU_F401 ****
make -j16 all 
arm-none-eabi-gcc "../Core/Src/ism330dhcx_utils.c" -mcpu=cortex-m4 -std=gnu11 -g3 -DDEBUG -DUSE_HAL_DRIVER -DSTM32F401xE -c -I../Core/Inc -I../Drivers/STM32F4xx_HAL_Driver/Inc -I../Drivers/STM32F4xx_HAL_Driver/Inc/Legacy -I../Drivers/CMSIS/Device/ST/STM32F4xx/Include -I../Drivers/CMSIS/Include -O0 -ffunction-sections -fdata-sections -Wall -fstack-usage -fcyclomatic-complexity -MMD -MP -MF"Core/Src/ism330dhcx_utils.d" -MT"Core/Src/ism330dhcx_utils.o" --specs=nano.specs -mfpu=fpv4-sp-d16 -mfloat-abi=hard -mthumb -o "Core/Src/ism330dhcx_utils.o"
arm-none-eabi-gcc "../Core/Src/main.c" -mcpu=cortex-m4 -std=gnu11 -g3 -DDEBUG -DUSE_HAL_DRIVER -DSTM32F401xE -c -I../Core/Inc -I../Drivers/STM32F4xx_HAL_Driver/Inc -I../Drivers/STM32F4xx_HAL_Driver/Inc/Legacy -I../Drivers/CMSIS/Device/ST/STM32F4xx/Include -I../Drivers/CMSIS/Include -O0 -ffunction-sections -fdata-sections -Wall -fstack-usage -fcyclomatic-complexity -MMD -MP -MF"Core/Src/main.d" -MT"Core/Src/main.o" --specs=nano.specs -mfpu=fpv4-sp-d16 -mfloat-abi=hard -mthumb -o "Core/Src/main.o"
../Core/Src/ism330dhcx_utils.c: In function 'setReg':
../Core/Src/ism330dhcx_utils.c:52:26: error: 'ISM_REG_CTRL3_C' undeclared (first use in this function)
   52 |         if(writeReg(ism, ISM_REG_CTRL3_C, &buff) != ISM_OK){
      |                          ^~~~~~~~~~~~~~~
../Core/Src/ism330dhcx_utils.c:52:26: note: each undeclared identifier is reported only once for each function it appears in
../Core/Src/ism330dhcx_utils.c:62:27: warning: suggest parentheses around comparison in operand of '&' [-Wparentheses]
   62 |         if(buff & ~(bits) != 1){
      |                   ~~~~~~~~^~~~
make: *** [Core/Src/subdir.mk:43: Core/Src/ism330dhcx_utils.o] Error 1
make: *** Waiting for unfinished jobs....
"make -j16 all" terminated with exit code 2. Build might be incomplete.
17:12:12 **** Incremental Build of configuration Debug for project IMU_F401 ****
make -j16 all 
arm-none-eabi-gcc "../Core/Src/ism330dhcx_utils.c" -mcpu=cortex-m4 -std=gnu11 -g3 -DDEBUG -DUSE_HAL_DRIVER -DSTM32F401xE -c -I../Core/Inc -I../Drivers/STM32F4xx_HAL_Driver/Inc -I../Drivers/STM32F4xx_HAL_Driver/Inc/Legacy -I../Drivers/CMSIS/Device/ST/STM32F4xx/Include -I../Drivers/CMSIS/Include -O0 -ffunction-sections -fdata-sections -Wall -fstack-usage -fcyclomatic-complexity -MMD -MP -MF"Core/Src/ism330dhcx_utils.d" -MT"Core/Src/ism330dhcx_utils.o" --specs=nano.specs -mfpu=fpv4-sp-d16 -mfloat-abi=hard -mthumb -o "Core/Src/ism330dhcx_utils.o"
../Core/Src/ism330dhcx_utils.c: In function 'setReg':
../Core/Src/ism330dhcx_utils.c:57:25: error: 'ISM_REG_CTRL3_C' undeclared (first use in this function)
   57 |         if(readReg(ism, ISM_REG_CTRL3_C, &buff) != ISM_OK){
      |                         ^~~~~~~~~~~~~~~
../Core/Src/ism330dhcx_utils.c:57:25: note: each undeclared identifier is reported only once for each function it appears in
../Core/Src/ism330dhcx_utils.c:62:27: warning: suggest parentheses around comparison in operand of '&' [-Wparentheses]
   62 |         if(buff & ~(bits) != 1){
      |                   ~~~~~~~~^~~~
make: *** [Core/Src/subdir.mk:43: Core/Src/ism330dhcx_utils.o] Error 1
"make -j16 all" terminated with exit code 2. Build might be incomplete.
17:12:20 **** Incremental Build of configuration Debug for project IMU_F401 ****
make -j16 all 
arm-none-eabi-gcc "../Core/Src/ism330dhcx_utils.c" -mcpu=cortex-m4 -std=gnu11 -g3 -DDEBUG -DUSE_HAL_DRIVER -DSTM32F401xE -c -I../Core/Inc -I../Drivers/STM32F4xx_HAL_Driver/Inc -I../Drivers/STM32F4xx_HAL_Driver/Inc/Legacy -I../Drivers/CMSIS/Device/ST/STM32F4xx/Include -I../Drivers/CMSIS/Include -O0 -ffunction-sections -fdata-sections -Wall -fstack-usage -fcyclomatic-complexity -MMD -MP -MF"Core/Src/ism330dhcx_utils.d" -MT"Core/Src/ism330dhcx_utils.o" --specs=nano.specs -mfpu=fpv4-sp-d16 -mfloat-abi=hard -mthumb -o "Core/Src/ism330dhcx_utils.o"
../Core/Src/ism330dhcx_utils.c: In function 'setReg':
../Core/Src/ism330dhcx_utils.c:57:25: error: 'ISM_REG_CTRL3_C' undeclared (first use in this function)
   57 |         if(readReg(ism, ISM_REG_CTRL3_C, &buff) != ISM_OK){
      |                         ^~~~~~~~~~~~~~~
../Core/Src/ism330dhcx_utils.c:57:25: note: each undeclared identifier is reported only once for each function it appears in
make: *** [Core/Src/subdir.mk:43: Core/Src/ism330dhcx_utils.o] Error 1
"make -j16 all" terminated with exit code 2. Build might be incomplete.
17:12:25 **** Incremental Build of configuration Debug for project IMU_F401 ****
make -j16 all 
arm-none-eabi-gcc "../Core/Src/ism330dhcx_utils.c" -mcpu=cortex-m4 -std=gnu11 -g3 -DDEBUG -DUSE_HAL_DRIVER -DSTM32F401xE -c -I../Core/Inc -I../Drivers/STM32F4xx_HAL_Driver/Inc -I../Drivers/STM32F4xx_HAL_Driver/Inc/Legacy -I../Drivers/CMSIS/Device/ST/STM32F4xx/Include -I../Drivers/CMSIS/Include -O0 -ffunction-sections -fdata-sections -Wall -fstack-usage -fcyclomatic-complexity -MMD -MP -MF"Core/Src/ism330dhcx_utils.d" -MT"Core/Src/ism330dhcx_utils.o" --specs=nano.specs -mfpu=fpv4-sp-d16 -mfloat-abi=hard -mthumb -o "Core/Src/ism330dhcx_utils.o"
arm-none-eabi-gcc -o "IMU_F401.elf" @"objects.list"   -mcpu=cortex-m4 -T"/home/filip/projects/stm/workspace/IMU_F401/STM32F401RETX_FLASH.ld" --specs=nosys.specs -Wl,-Map="IMU_F401.map" -Wl,--gc-sections -static --specs=nano.specs -mfpu=fpv4-sp-d16 -mfloat-abi=hard -mthumb -Wl,--start-group -lc -lm -Wl,--end-group
Finished building target: IMU_F401.elf
 
arm-none-eabi-size  IMU_F401.elf 
arm-none-eabi-objdump -h -S IMU_F401.elf  > "IMU_F401.list"
   text	   data	    bss	    dec	    hex	filename
  20040	     12	   1908	  21960	   55c8	IMU_F401.elf
Finished building: default.size.stdout
 
Finished building: IMU_F401.list
 
17:29:57 **** Incremental Build of configuration Debug for project IMU_F401 ****
make -j16 all 
arm-none-eabi-gcc "../Core/Src/ism330dhcx.c" -mcpu=cortex-m4 -std=gnu11 -g3 -DDEBUG -DUSE_HAL_DRIVER -DSTM32F401xE -c -I../Core/Inc -I../Drivers/STM32F4xx_HAL_Driver/Inc -I../Drivers/STM32F4xx_HAL_Driver/Inc/Legacy -I../Drivers/CMSIS/Device/ST/STM32F4xx/Include -I../Drivers/CMSIS/Include -O0 -ffunction-sections -fdata-sections -Wall -fstack-usage -fcyclomatic-complexity -MMD -MP -MF"Core/Src/ism330dhcx.d" -MT"Core/Src/ism330dhcx.o" --specs=nano.specs -mfpu=fpv4-sp-d16 -mfloat-abi=hard -mthumb -o "Core/Src/ism330dhcx.o"
arm-none-eabi-gcc "../Core/Src/main.c" -mcpu=cortex-m4 -std=gnu11 -g3 -DDEBUG -DUSE_HAL_DRIVER -DSTM32F401xE -c -I../Core/Inc -I../Drivers/STM32F4xx_HAL_Driver/Inc -I../Drivers/STM32F4xx_HAL_Driver/Inc/Legacy -I../Drivers/CMSIS/Device/ST/STM32F4xx/Include -I../Drivers/CMSIS/Include -O0 -ffunction-sections -fdata-sections -Wall -fstack-usage -fcyclomatic-complexity -MMD -MP -MF"Core/Src/main.d" -MT"Core/Src/main.o" --specs=nano.specs -mfpu=fpv4-sp-d16 -mfloat-abi=hard -mthumb -o "Core/Src/main.o"
arm-none-eabi-gcc "../Core/Src/stm32f4xx_hal_msp.c" -mcpu=cortex-m4 -std=gnu11 -g3 -DDEBUG -DUSE_HAL_DRIVER -DSTM32F401xE -c -I../Core/Inc -I../Drivers/STM32F4xx_HAL_Driver/Inc -I../Drivers/STM32F4xx_HAL_Driver/Inc/Legacy -I../Drivers/CMSIS/Device/ST/STM32F4xx/Include -I../Drivers/CMSIS/Include -O0 -ffunction-sections -fdata-sections -Wall -fstack-usage -fcyclomatic-complexity -MMD -MP -MF"Core/Src/stm32f4xx_hal_msp.d" -MT"Core/Src/stm32f4xx_hal_msp.o" --specs=nano.specs -mfpu=fpv4-sp-d16 -mfloat-abi=hard -mthumb -o "Core/Src/stm32f4xx_hal_msp.o"
arm-none-eabi-gcc "../Core/Src/stm32f4xx_it.c" -mcpu=cortex-m4 -std=gnu11 -g3 -DDEBUG -DUSE_HAL_DRIVER -DSTM32F401xE -c -I../Core/Inc -I../Drivers/STM32F4xx_HAL_Driver/Inc -I../Drivers/STM32F4xx_HAL_Driver/Inc/Legacy -I../Drivers/CMSIS/Device/ST/STM32F4xx/Include -I../Drivers/CMSIS/Include -O0 -ffunction-sections -fdata-sections -Wall -fstack-usage -fcyclomatic-complexity -MMD -MP -MF"Core/Src/stm32f4xx_it.d" -MT"Core/Src/stm32f4xx_it.o" --specs=nano.specs -mfpu=fpv4-sp-d16 -mfloat-abi=hard -mthumb -o "Core/Src/stm32f4xx_it.o"
../Core/Src/ism330dhcx.c: In function 'get_Axies_Raw_All':
../Core/Src/ism330dhcx.c:168:18: error: invalid type argument of '->' (have 'ISM330DHCX_Data')
  168 |         ism->data->gyroscope->raw->x = ((uint16_t) buffer[0x0]) << 8 | buffer[0x1];
      |                  ^~
../Core/Src/ism330dhcx.c:169:18: error: invalid type argument of '->' (have 'ISM330DHCX_Data')
  169 |         ism->data->gyroscope->raw->y = ((uint16_t) buffer[0x2]) << 8 | buffer[0x3];
      |                  ^~
../Core/Src/ism330dhcx.c:170:18: error: invalid type argument of '->' (have 'ISM330DHCX_Data')
  170 |         ism->data->gyroscope->raw->z = ((uint16_t) buffer[0x4]) << 8 | buffer[0x5];
      |                  ^~
../Core/Src/ism330dhcx.c:172:18: error: invalid type argument of '->' (have 'ISM330DHCX_Data')
  172 |         ism->data->accelerometer->raw->x = ((uint16_t) buffer[0x6]) << 8 | buffer[0x7];
      |                  ^~
../Core/Src/ism330dhcx.c:173:18: error: invalid type argument of '->' (have 'ISM330DHCX_Data')
  173 |         ism->data->accelerometer->raw->x = ((uint16_t) buffer[0x8]) << 8 | buffer[0x9];
      |                  ^~
../Core/Src/ism330dhcx.c:174:18: error: invalid type argument of '->' (have 'ISM330DHCX_Data')
  174 |         ism->data->accelerometer->raw->x = ((uint16_t) buffer[0xA]) << 8 | buffer[0xB];
      |                  ^~
../Core/Src/ism330dhcx.c: In function 'get_Axies_Raw_Gyroscope':
../Core/Src/ism330dhcx.c:186:18: error: invalid type argument of '->' (have 'ISM330DHCX_Data')
  186 |         ism->data->gyroscope->raw->x = ((uint16_t) buffer[0x0]) << 8 | buffer[0x1];
      |                  ^~
../Core/Src/ism330dhcx.c:187:18: error: invalid type argument of '->' (have 'ISM330DHCX_Data')
  187 |         ism->data->gyroscope->raw->y = ((uint16_t) buffer[0x2]) << 8 | buffer[0x3];
      |                  ^~
../Core/Src/ism330dhcx.c:188:18: error: invalid type argument of '->' (have 'ISM330DHCX_Data')
  188 |         ism->data->gyroscope->raw->z = ((uint16_t) buffer[0x4]) << 8 | buffer[0x5];
      |                  ^~
../Core/Src/ism330dhcx.c: In function 'get_Axies_Raw_Accelerometer':
../Core/Src/ism330dhcx.c:200:18: error: invalid type argument of '->' (have 'ISM330DHCX_Data')
  200 |         ism->data->accelerometer->raw->x = ((uint16_t) buffer[0x0]) << 8 | buffer[0x1];
      |                  ^~
../Core/Src/ism330dhcx.c:201:18: error: invalid type argument of '->' (have 'ISM330DHCX_Data')
  201 |         ism->data->accelerometer->raw->y = ((uint16_t) buffer[0x2]) << 8 | buffer[0x3];
      |                  ^~
../Core/Src/ism330dhcx.c:202:18: error: invalid type argument of '->' (have 'ISM330DHCX_Data')
  202 |         ism->data->accelerometer->raw->z = ((uint16_t) buffer[0x4]) << 8 | buffer[0x5];
      |                  ^~
../Core/Src/ism330dhcx.c: At top level:
../Core/Src/ism330dhcx.c:207:19: error: conflicting types for 'get_Axies_All'; have 'ISM330DHCX_Status(ISM330DHCX *, uint8_t)' {aka 'ISM330DHCX_Status(ISM330DHCX *, unsigned char)'}
  207 | ISM330DHCX_Status get_Axies_All(ISM330DHCX *ism, uint8_t ms){
      |                   ^~~~~~~~~~~~~
In file included from ../Core/Src/ism330dhcx.c:8:
../Core/Inc/ism330dhcx.h:31:19: note: previous declaration of 'get_Axies_All' with type 'ISM330DHCX_Status(ISM330DHCX *)'
   31 | ISM330DHCX_Status get_Axies_All(ISM330DHCX *ism);
      |                   ^~~~~~~~~~~~~
make: *** [Core/Src/subdir.mk:43: Core/Src/ism330dhcx.o] Error 1
make: *** Waiting for unfinished jobs....
"make -j16 all" terminated with exit code 2. Build might be incomplete.
17:30:55 **** Incremental Build of configuration Debug for project IMU_F401 ****
make -j16 all 
arm-none-eabi-gcc "../Core/Src/ism330dhcx.c" -mcpu=cortex-m4 -std=gnu11 -g3 -DDEBUG -DUSE_HAL_DRIVER -DSTM32F401xE -c -I../Core/Inc -I../Drivers/STM32F4xx_HAL_Driver/Inc -I../Drivers/STM32F4xx_HAL_Driver/Inc/Legacy -I../Drivers/CMSIS/Device/ST/STM32F4xx/Include -I../Drivers/CMSIS/Include -O0 -ffunction-sections -fdata-sections -Wall -fstack-usage -fcyclomatic-complexity -MMD -MP -MF"Core/Src/ism330dhcx.d" -MT"Core/Src/ism330dhcx.o" --specs=nano.specs -mfpu=fpv4-sp-d16 -mfloat-abi=hard -mthumb -o "Core/Src/ism330dhcx.o"
../Core/Src/ism330dhcx.c: In function 'get_Axies_Raw_All':
../Core/Src/ism330dhcx.c:172:18: error: invalid type argument of '->' (have 'ISM330DHCX_Data')
  172 |         ism->data->accelerometer->raw->x = ((uint16_t) buffer[0x6]) << 8 | buffer[0x7];
      |                  ^~
../Core/Src/ism330dhcx.c:173:18: error: invalid type argument of '->' (have 'ISM330DHCX_Data')
  173 |         ism->data->accelerometer->raw->x = ((uint16_t) buffer[0x8]) << 8 | buffer[0x9];
      |                  ^~
../Core/Src/ism330dhcx.c:174:18: error: invalid type argument of '->' (have 'ISM330DHCX_Data')
  174 |         ism->data->accelerometer->raw->x = ((uint16_t) buffer[0xA]) << 8 | buffer[0xB];
      |                  ^~
../Core/Src/ism330dhcx.c: In function 'get_Axies_Raw_Gyroscope':
../Core/Src/ism330dhcx.c:186:18: error: invalid type argument of '->' (have 'ISM330DHCX_Data')
  186 |         ism->data->gyroscope->raw->x = ((uint16_t) buffer[0x0]) << 8 | buffer[0x1];
      |                  ^~
../Core/Src/ism330dhcx.c:187:18: error: invalid type argument of '->' (have 'ISM330DHCX_Data')
  187 |         ism->data->gyroscope->raw->y = ((uint16_t) buffer[0x2]) << 8 | buffer[0x3];
      |                  ^~
../Core/Src/ism330dhcx.c:188:18: error: invalid type argument of '->' (have 'ISM330DHCX_Data')
  188 |         ism->data->gyroscope->raw->z = ((uint16_t) buffer[0x4]) << 8 | buffer[0x5];
      |                  ^~
../Core/Src/ism330dhcx.c: In function 'get_Axies_Raw_Accelerometer':
../Core/Src/ism330dhcx.c:200:18: error: invalid type argument of '->' (have 'ISM330DHCX_Data')
  200 |         ism->data->accelerometer->raw->x = ((uint16_t) buffer[0x0]) << 8 | buffer[0x1];
      |                  ^~
../Core/Src/ism330dhcx.c:201:18: error: invalid type argument of '->' (have 'ISM330DHCX_Data')
  201 |         ism->data->accelerometer->raw->y = ((uint16_t) buffer[0x2]) << 8 | buffer[0x3];
      |                  ^~
../Core/Src/ism330dhcx.c:202:18: error: invalid type argument of '->' (have 'ISM330DHCX_Data')
  202 |         ism->data->accelerometer->raw->z = ((uint16_t) buffer[0x4]) << 8 | buffer[0x5];
      |                  ^~
../Core/Src/ism330dhcx.c: At top level:
../Core/Src/ism330dhcx.c:207:19: error: conflicting types for 'get_Axies_All'; have 'ISM330DHCX_Status(ISM330DHCX *, uint8_t)' {aka 'ISM330DHCX_Status(ISM330DHCX *, unsigned char)'}
  207 | ISM330DHCX_Status get_Axies_All(ISM330DHCX *ism, uint8_t ms){
      |                   ^~~~~~~~~~~~~
In file included from ../Core/Src/ism330dhcx.c:8:
../Core/Inc/ism330dhcx.h:31:19: note: previous declaration of 'get_Axies_All' with type 'ISM330DHCX_Status(ISM330DHCX *)'
   31 | ISM330DHCX_Status get_Axies_All(ISM330DHCX *ism);
      |                   ^~~~~~~~~~~~~
make: *** [Core/Src/subdir.mk:43: Core/Src/ism330dhcx.o] Error 1
"make -j16 all" terminated with exit code 2. Build might be incomplete.
17:31:30 **** Incremental Build of configuration Debug for project IMU_F401 ****
make -j16 all 
arm-none-eabi-gcc "../Core/Src/ism330dhcx.c" -mcpu=cortex-m4 -std=gnu11 -g3 -DDEBUG -DUSE_HAL_DRIVER -DSTM32F401xE -c -I../Core/Inc -I../Drivers/STM32F4xx_HAL_Driver/Inc -I../Drivers/STM32F4xx_HAL_Driver/Inc/Legacy -I../Drivers/CMSIS/Device/ST/STM32F4xx/Include -I../Drivers/CMSIS/Include -O0 -ffunction-sections -fdata-sections -Wall -fstack-usage -fcyclomatic-complexity -MMD -MP -MF"Core/Src/ism330dhcx.d" -MT"Core/Src/ism330dhcx.o" --specs=nano.specs -mfpu=fpv4-sp-d16 -mfloat-abi=hard -mthumb -o "Core/Src/ism330dhcx.o"
../Core/Src/ism330dhcx.c: In function 'get_Axies_Raw_Gyroscope':
../Core/Src/ism330dhcx.c:186:18: error: invalid type argument of '->' (have 'ISM330DHCX_Data')
  186 |         ism->data->gyroscope->raw->x = ((uint16_t) buffer[0x0]) << 8 | buffer[0x1];
      |                  ^~
../Core/Src/ism330dhcx.c:187:18: error: invalid type argument of '->' (have 'ISM330DHCX_Data')
  187 |         ism->data->gyroscope->raw->y = ((uint16_t) buffer[0x2]) << 8 | buffer[0x3];
      |                  ^~
../Core/Src/ism330dhcx.c:188:18: error: invalid type argument of '->' (have 'ISM330DHCX_Data')
  188 |         ism->data->gyroscope->raw->z = ((uint16_t) buffer[0x4]) << 8 | buffer[0x5];
      |                  ^~
../Core/Src/ism330dhcx.c: In function 'get_Axies_Raw_Accelerometer':
../Core/Src/ism330dhcx.c:200:18: error: invalid type argument of '->' (have 'ISM330DHCX_Data')
  200 |         ism->data->accelerometer->raw->x = ((uint16_t) buffer[0x0]) << 8 | buffer[0x1];
      |                  ^~
../Core/Src/ism330dhcx.c:201:18: error: invalid type argument of '->' (have 'ISM330DHCX_Data')
  201 |         ism->data->accelerometer->raw->y = ((uint16_t) buffer[0x2]) << 8 | buffer[0x3];
      |                  ^~
../Core/Src/ism330dhcx.c:202:18: error: invalid type argument of '->' (have 'ISM330DHCX_Data')
  202 |         ism->data->accelerometer->raw->z = ((uint16_t) buffer[0x4]) << 8 | buffer[0x5];
      |                  ^~
../Core/Src/ism330dhcx.c: At top level:
../Core/Src/ism330dhcx.c:207:19: error: conflicting types for 'get_Axies_All'; have 'ISM330DHCX_Status(ISM330DHCX *, uint8_t)' {aka 'ISM330DHCX_Status(ISM330DHCX *, unsigned char)'}
  207 | ISM330DHCX_Status get_Axies_All(ISM330DHCX *ism, uint8_t ms){
      |                   ^~~~~~~~~~~~~
In file included from ../Core/Src/ism330dhcx.c:8:
../Core/Inc/ism330dhcx.h:31:19: note: previous declaration of 'get_Axies_All' with type 'ISM330DHCX_Status(ISM330DHCX *)'
   31 | ISM330DHCX_Status get_Axies_All(ISM330DHCX *ism);
      |                   ^~~~~~~~~~~~~
make: *** [Core/Src/subdir.mk:43: Core/Src/ism330dhcx.o] Error 1
"make -j16 all" terminated with exit code 2. Build might be incomplete.
17:31:57 **** Incremental Build of configuration Debug for project IMU_F401 ****
make -j16 all 
arm-none-eabi-gcc "../Core/Src/ism330dhcx.c" -mcpu=cortex-m4 -std=gnu11 -g3 -DDEBUG -DUSE_HAL_DRIVER -DSTM32F401xE -c -I../Core/Inc -I../Drivers/STM32F4xx_HAL_Driver/Inc -I../Drivers/STM32F4xx_HAL_Driver/Inc/Legacy -I../Drivers/CMSIS/Device/ST/STM32F4xx/Include -I../Drivers/CMSIS/Include -O0 -ffunction-sections -fdata-sections -Wall -fstack-usage -fcyclomatic-complexity -MMD -MP -MF"Core/Src/ism330dhcx.d" -MT"Core/Src/ism330dhcx.o" --specs=nano.specs -mfpu=fpv4-sp-d16 -mfloat-abi=hard -mthumb -o "Core/Src/ism330dhcx.o"
../Core/Src/ism330dhcx.c: In function 'get_Axies_Raw_Accelerometer':
../Core/Src/ism330dhcx.c:200:18: error: invalid type argument of '->' (have 'ISM330DHCX_Data')
  200 |         ism->data->accelerometer->raw->x = ((uint16_t) buffer[0x0]) << 8 | buffer[0x1];
      |                  ^~
../Core/Src/ism330dhcx.c:201:18: error: invalid type argument of '->' (have 'ISM330DHCX_Data')
  201 |         ism->data->accelerometer->raw->y = ((uint16_t) buffer[0x2]) << 8 | buffer[0x3];
      |                  ^~
../Core/Src/ism330dhcx.c:202:18: error: invalid type argument of '->' (have 'ISM330DHCX_Data')
  202 |         ism->data->accelerometer->raw->z = ((uint16_t) buffer[0x4]) << 8 | buffer[0x5];
      |                  ^~
../Core/Src/ism330dhcx.c: At top level:
../Core/Src/ism330dhcx.c:207:19: error: conflicting types for 'get_Axies_All'; have 'ISM330DHCX_Status(ISM330DHCX *, uint8_t)' {aka 'ISM330DHCX_Status(ISM330DHCX *, unsigned char)'}
  207 | ISM330DHCX_Status get_Axies_All(ISM330DHCX *ism, uint8_t ms){
      |                   ^~~~~~~~~~~~~
In file included from ../Core/Src/ism330dhcx.c:8:
../Core/Inc/ism330dhcx.h:31:19: note: previous declaration of 'get_Axies_All' with type 'ISM330DHCX_Status(ISM330DHCX *)'
   31 | ISM330DHCX_Status get_Axies_All(ISM330DHCX *ism);
      |                   ^~~~~~~~~~~~~
make: *** [Core/Src/subdir.mk:43: Core/Src/ism330dhcx.o] Error 1
"make -j16 all" terminated with exit code 2. Build might be incomplete.
17:32:24 **** Incremental Build of configuration Debug for project IMU_F401 ****
make -j16 all 
arm-none-eabi-gcc "../Core/Src/ism330dhcx.c" -mcpu=cortex-m4 -std=gnu11 -g3 -DDEBUG -DUSE_HAL_DRIVER -DSTM32F401xE -c -I../Core/Inc -I../Drivers/STM32F4xx_HAL_Driver/Inc -I../Drivers/STM32F4xx_HAL_Driver/Inc/Legacy -I../Drivers/CMSIS/Device/ST/STM32F4xx/Include -I../Drivers/CMSIS/Include -O0 -ffunction-sections -fdata-sections -Wall -fstack-usage -fcyclomatic-complexity -MMD -MP -MF"Core/Src/ism330dhcx.d" -MT"Core/Src/ism330dhcx.o" --specs=nano.specs -mfpu=fpv4-sp-d16 -mfloat-abi=hard -mthumb -o "Core/Src/ism330dhcx.o"
../Core/Src/ism330dhcx.c:207:19: error: conflicting types for 'get_Axies_All'; have 'ISM330DHCX_Status(ISM330DHCX *, uint8_t)' {aka 'ISM330DHCX_Status(ISM330DHCX *, unsigned char)'}
  207 | ISM330DHCX_Status get_Axies_All(ISM330DHCX *ism, uint8_t ms){
      |                   ^~~~~~~~~~~~~
In file included from ../Core/Src/ism330dhcx.c:8:
../Core/Inc/ism330dhcx.h:31:19: note: previous declaration of 'get_Axies_All' with type 'ISM330DHCX_Status(ISM330DHCX *)'
   31 | ISM330DHCX_Status get_Axies_All(ISM330DHCX *ism);
      |                   ^~~~~~~~~~~~~
make: *** [Core/Src/subdir.mk:43: Core/Src/ism330dhcx.o] Error 1
"make -j16 all" terminated with exit code 2. Build might be incomplete.
17:32:37 **** Incremental Build of configuration Debug for project IMU_F401 ****
make -j16 all 
arm-none-eabi-gcc "../Core/Src/ism330dhcx.c" -mcpu=cortex-m4 -std=gnu11 -g3 -DDEBUG -DUSE_HAL_DRIVER -DSTM32F401xE -c -I../Core/Inc -I../Drivers/STM32F4xx_HAL_Driver/Inc -I../Drivers/STM32F4xx_HAL_Driver/Inc/Legacy -I../Drivers/CMSIS/Device/ST/STM32F4xx/Include -I../Drivers/CMSIS/Include -O0 -ffunction-sections -fdata-sections -Wall -fstack-usage -fcyclomatic-complexity -MMD -MP -MF"Core/Src/ism330dhcx.d" -MT"Core/Src/ism330dhcx.o" --specs=nano.specs -mfpu=fpv4-sp-d16 -mfloat-abi=hard -mthumb -o "Core/Src/ism330dhcx.o"
arm-none-eabi-gcc "../Core/Src/main.c" -mcpu=cortex-m4 -std=gnu11 -g3 -DDEBUG -DUSE_HAL_DRIVER -DSTM32F401xE -c -I../Core/Inc -I../Drivers/STM32F4xx_HAL_Driver/Inc -I../Drivers/STM32F4xx_HAL_Driver/Inc/Legacy -I../Drivers/CMSIS/Device/ST/STM32F4xx/Include -I../Drivers/CMSIS/Include -O0 -ffunction-sections -fdata-sections -Wall -fstack-usage -fcyclomatic-complexity -MMD -MP -MF"Core/Src/main.d" -MT"Core/Src/main.o" --specs=nano.specs -mfpu=fpv4-sp-d16 -mfloat-abi=hard -mthumb -o "Core/Src/main.o"
arm-none-eabi-gcc "../Core/Src/stm32f4xx_hal_msp.c" -mcpu=cortex-m4 -std=gnu11 -g3 -DDEBUG -DUSE_HAL_DRIVER -DSTM32F401xE -c -I../Core/Inc -I../Drivers/STM32F4xx_HAL_Driver/Inc -I../Drivers/STM32F4xx_HAL_Driver/Inc/Legacy -I../Drivers/CMSIS/Device/ST/STM32F4xx/Include -I../Drivers/CMSIS/Include -O0 -ffunction-sections -fdata-sections -Wall -fstack-usage -fcyclomatic-complexity -MMD -MP -MF"Core/Src/stm32f4xx_hal_msp.d" -MT"Core/Src/stm32f4xx_hal_msp.o" --specs=nano.specs -mfpu=fpv4-sp-d16 -mfloat-abi=hard -mthumb -o "Core/Src/stm32f4xx_hal_msp.o"
arm-none-eabi-gcc "../Core/Src/stm32f4xx_it.c" -mcpu=cortex-m4 -std=gnu11 -g3 -DDEBUG -DUSE_HAL_DRIVER -DSTM32F401xE -c -I../Core/Inc -I../Drivers/STM32F4xx_HAL_Driver/Inc -I../Drivers/STM32F4xx_HAL_Driver/Inc/Legacy -I../Drivers/CMSIS/Device/ST/STM32F4xx/Include -I../Drivers/CMSIS/Include -O0 -ffunction-sections -fdata-sections -Wall -fstack-usage -fcyclomatic-complexity -MMD -MP -MF"Core/Src/stm32f4xx_it.d" -MT"Core/Src/stm32f4xx_it.o" --specs=nano.specs -mfpu=fpv4-sp-d16 -mfloat-abi=hard -mthumb -o "Core/Src/stm32f4xx_it.o"
arm-none-eabi-gcc -o "IMU_F401.elf" @"objects.list"   -mcpu=cortex-m4 -T"/home/filip/projects/stm/workspace/IMU_F401/STM32F401RETX_FLASH.ld" --specs=nosys.specs -Wl,-Map="IMU_F401.map" -Wl,--gc-sections -static --specs=nano.specs -mfpu=fpv4-sp-d16 -mfloat-abi=hard -mthumb -Wl,--start-group -lc -lm -Wl,--end-group
Finished building target: IMU_F401.elf
 
arm-none-eabi-size  IMU_F401.elf 
arm-none-eabi-objdump -h -S IMU_F401.elf  > "IMU_F401.list"
   text	   data	    bss	    dec	    hex	filename
  20040	     12	   1908	  21960	   55c8	IMU_F401.elf
Finished building: default.size.stdout
 
Finished building: IMU_F401.list
 
17:32:48 **** Incremental Build of configuration Debug for project IMU_F401 ****
make -j16 all 
arm-none-eabi-gcc "../Core/Src/ism330dhcx.c" -mcpu=cortex-m4 -std=gnu11 -g3 -DDEBUG -DUSE_HAL_DRIVER -DSTM32F401xE -c -I../Core/Inc -I../Drivers/STM32F4xx_HAL_Driver/Inc -I../Drivers/STM32F4xx_HAL_Driver/Inc/Legacy -I../Drivers/CMSIS/Device/ST/STM32F4xx/Include -I../Drivers/CMSIS/Include -O0 -ffunction-sections -fdata-sections -Wall -fstack-usage -fcyclomatic-complexity -MMD -MP -MF"Core/Src/ism330dhcx.d" -MT"Core/Src/ism330dhcx.o" --specs=nano.specs -mfpu=fpv4-sp-d16 -mfloat-abi=hard -mthumb -o "Core/Src/ism330dhcx.o"
arm-none-eabi-gcc "../Core/Src/main.c" -mcpu=cortex-m4 -std=gnu11 -g3 -DDEBUG -DUSE_HAL_DRIVER -DSTM32F401xE -c -I../Core/Inc -I../Drivers/STM32F4xx_HAL_Driver/Inc -I../Drivers/STM32F4xx_HAL_Driver/Inc/Legacy -I../Drivers/CMSIS/Device/ST/STM32F4xx/Include -I../Drivers/CMSIS/Include -O0 -ffunction-sections -fdata-sections -Wall -fstack-usage -fcyclomatic-complexity -MMD -MP -MF"Core/Src/main.d" -MT"Core/Src/main.o" --specs=nano.specs -mfpu=fpv4-sp-d16 -mfloat-abi=hard -mthumb -o "Core/Src/main.o"
arm-none-eabi-gcc "../Core/Src/stm32f4xx_hal_msp.c" -mcpu=cortex-m4 -std=gnu11 -g3 -DDEBUG -DUSE_HAL_DRIVER -DSTM32F401xE -c -I../Core/Inc -I../Drivers/STM32F4xx_HAL_Driver/Inc -I../Drivers/STM32F4xx_HAL_Driver/Inc/Legacy -I../Drivers/CMSIS/Device/ST/STM32F4xx/Include -I../Drivers/CMSIS/Include -O0 -ffunction-sections -fdata-sections -Wall -fstack-usage -fcyclomatic-complexity -MMD -MP -MF"Core/Src/stm32f4xx_hal_msp.d" -MT"Core/Src/stm32f4xx_hal_msp.o" --specs=nano.specs -mfpu=fpv4-sp-d16 -mfloat-abi=hard -mthumb -o "Core/Src/stm32f4xx_hal_msp.o"
arm-none-eabi-gcc "../Core/Src/stm32f4xx_it.c" -mcpu=cortex-m4 -std=gnu11 -g3 -DDEBUG -DUSE_HAL_DRIVER -DSTM32F401xE -c -I../Core/Inc -I../Drivers/STM32F4xx_HAL_Driver/Inc -I../Drivers/STM32F4xx_HAL_Driver/Inc/Legacy -I../Drivers/CMSIS/Device/ST/STM32F4xx/Include -I../Drivers/CMSIS/Include -O0 -ffunction-sections -fdata-sections -Wall -fstack-usage -fcyclomatic-complexity -MMD -MP -MF"Core/Src/stm32f4xx_it.d" -MT"Core/Src/stm32f4xx_it.o" --specs=nano.specs -mfpu=fpv4-sp-d16 -mfloat-abi=hard -mthumb -o "Core/Src/stm32f4xx_it.o"
../Core/Src/ism330dhcx.c:214:19: error: conflicting types for 'get_Axies_Gyroscope'; have 'ISM330DHCX_Status(ISM330DHCX *)'
  214 | ISM330DHCX_Status get_Axies_Gyroscope(ISM330DHCX *ism){
      |                   ^~~~~~~~~~~~~~~~~~~
In file included from ../Core/Src/ism330dhcx.c:8:
../Core/Inc/ism330dhcx.h:32:19: note: previous declaration of 'get_Axies_Gyroscope' with type 'ISM330DHCX_Status(ISM330DHCX *, uint8_t)' {aka 'ISM330DHCX_Status(ISM330DHCX *, unsigned char)'}
[...]
arm-none-eabi-gcc "../Core/Src/main.c" -mcpu=cortex-m4 -std=gnu11 -g3 -DDEBUG -DUSE_HAL_DRIVER -DSTM32F401xE -c -I../Core/Inc -I../Drivers/STM32F4xx_HAL_Driver/Inc -I../Drivers/STM32F4xx_HAL_Driver/Inc/Legacy -I../Drivers/CMSIS/Device/ST/STM32F4xx/Include -I../Drivers/CMSIS/Include -O0 -ffunction-sections -fdata-sections -Wall -fstack-usage -fcyclomatic-complexity -MMD -MP -MF"Core/Src/main.d" -MT"Core/Src/main.o" --specs=nano.specs -mfpu=fpv4-sp-d16 -mfloat-abi=hard -mthumb -o "Core/Src/main.o"
arm-none-eabi-gcc "../Core/Src/stm32f4xx_hal_msp.c" -mcpu=cortex-m4 -std=gnu11 -g3 -DDEBUG -DUSE_HAL_DRIVER -DSTM32F401xE -c -I../Core/Inc -I../Drivers/STM32F4xx_HAL_Driver/Inc -I../Drivers/STM32F4xx_HAL_Driver/Inc/Legacy -I../Drivers/CMSIS/Device/ST/STM32F4xx/Include -I../Drivers/CMSIS/Include -O0 -ffunction-sections -fdata-sections -Wall -fstack-usage -fcyclomatic-complexity -MMD -MP -MF"Core/Src/stm32f4xx_hal_msp.d" -MT"Core/Src/stm32f4xx_hal_msp.o" --specs=nano.specs -mfpu=fpv4-sp-d16 -mfloat-abi=hard -mthumb -o "Core/Src/stm32f4xx_hal_msp.o"
arm-none-eabi-gcc "../Core/Src/stm32f4xx_it.c" -mcpu=cortex-m4 -std=gnu11 -g3 -DDEBUG -DUSE_HAL_DRIVER -DSTM32F401xE -c -I../Core/Inc -I../Drivers/STM32F4xx_HAL_Driver/Inc -I../Drivers/STM32F4xx_HAL_Driver/Inc/Legacy -I../Drivers/CMSIS/Device/ST/STM32F4xx/Include -I../Drivers/CMSIS/Include -O0 -ffunction-sections -fdata-sections -Wall -fstack-usage -fcyclomatic-complexity -MMD -MP -MF"Core/Src/stm32f4xx_it.d" -MT"Core/Src/stm32f4xx_it.o" --specs=nano.specs -mfpu=fpv4-sp-d16 -mfloat-abi=hard -mthumb -o "Core/Src/stm32f4xx_it.o"
../Core/Src/ism330dhcx.c: In function 'init_ISM330DHCX':
../Core/Src/ism330dhcx.c:21:12: error: 'ISM330DHCX' has no member named 'temp'
   21 |         ism->temp = 0;
      |            ^~
../Core/Src/ism330dhcx.c: In function '__get_Raw_All':
../Core/Src/ism330dhcx.c:96:1: warning: control reaches end of non-void function [-Wreturn-type]
   96 | }
      | ^
make: *** [Core/Src/subdir.mk:43: Core/Src/ism330dhcx.o] Error 1
make: *** Waiting for unfinished jobs....
"make -j16 all" terminated with exit code 2. Build might be incomplete.
22:14:08 **** Incremental Build of configuration Debug for project IMU_F401 ****
make -j16 all 
arm-none-eabi-gcc "../Core/Src/ism330dhcx.c" -mcpu=cortex-m4 -std=gnu11 -g3 -DDEBUG -DUSE_HAL_DRIVER -DSTM32F401xE -c -I../Core/Inc -I../Drivers/STM32F4xx_HAL_Driver/Inc -I../Drivers/STM32F4xx_HAL_Driver/Inc/Legacy -I../Drivers/CMSIS/Device/ST/STM32F4xx/Include -I../Drivers/CMSIS/Include -O0 -ffunction-sections -fdata-sections -Wall -fstack-usage -fcyclomatic-complexity -MMD -MP -MF"Core/Src/ism330dhcx.d" -MT"Core/Src/ism330dhcx.o" --specs=nano.specs -mfpu=fpv4-sp-d16 -mfloat-abi=hard -mthumb -o "Core/Src/ism330dhcx.o"
../Core/Src/ism330dhcx.c: In function '__get_Raw_All':
../Core/Src/ism330dhcx.c:94:1: warning: control reaches end of non-void function [-Wreturn-type]
   94 | }
      | ^
arm-none-eabi-gcc -o "IMU_F401.elf" @"objects.list"   -mcpu=cortex-m4 -T"/home/filip/projects/stm/workspace/IMU_F401/STM32F401RETX_FLASH.ld" --specs=nosys.specs -Wl,-Map="IMU_F401.map" -Wl,--gc-sections -static --specs=nano.specs -mfpu=fpv4-sp-d16 -mfloat-abi=hard -mthumb -Wl,--start-group -lc -lm -Wl,--end-group
Finished building target: IMU_F401.elf
 
arm-none-eabi-size  IMU_F401.elf 
arm-none-eabi-objdump -h -S IMU_F401.elf  > "IMU_F401.list"
   text	   data	    bss	    dec	    hex	filename
  28472	     16	   2008	  30496	   7720	IMU_F401.elf
Finished building: default.size.stdout
 
Finished building: IMU_F401.list
 
22:14:35 **** Incremental Build of configuration Debug for project IMU_F401 ****
make -j16 all 
arm-none-eabi-gcc "../Core/Src/ism330dhcx.c" -mcpu=cortex-m4 -std=gnu11 -g3 -DDEBUG -DUSE_HAL_DRIVER -DSTM32F401xE -c -I../Core/Inc -I../Drivers/STM32F4xx_HAL_Driver/Inc -I../Drivers/STM32F4xx_HAL_Driver/Inc/Legacy -I../Drivers/CMSIS/Device/ST/STM32F4xx/Include -I../Drivers/CMSIS/Include -O0 -ffunction-sections -fdata-sections -Wall -fstack-usage -fcyclomatic-complexity -MMD -MP -MF"Core/Src/ism330dhcx.d" -MT"Core/Src/ism330dhcx.o" --specs=nano.specs -mfpu=fpv4-sp-d16 -mfloat-abi=hard -mthumb -o "Core/Src/ism330dhcx.o"
arm-none-eabi-gcc -o "IMU_F401.elf" @"objects.list"   -mcpu=cortex-m4 -T"/home/filip/projects/stm/workspace/IMU_F401/STM32F401RETX_FLASH.ld" --specs=nosys.specs -Wl,-Map="IMU_F401.map" -Wl,--gc-sections -static --specs=nano.specs -mfpu=fpv4-sp-d16 -mfloat-abi=hard -mthumb -Wl,--start-group -lc -lm -Wl,--end-group
Finished building target: IMU_F401.elf
 
arm-none-eabi-size  IMU_F401.elf 
arm-none-eabi-objdump -h -S IMU_F401.elf  > "IMU_F401.list"
   text	   data	    bss	    dec	    hex	filename
  28472	     16	   2008	  30496	   7720	IMU_F401.elf
Finished building: default.size.stdout
 
Finished building: IMU_F401.list
 
22:37:08 **** Incremental Build of configuration Debug for project IMU_F401 ****
make -j16 all 
arm-none-eabi-gcc "../Core/Src/ism330dhcx.c" -mcpu=cortex-m4 -std=gnu11 -g3 -DDEBUG -DUSE_HAL_DRIVER -DSTM32F401xE -c -I../Core/Inc -I../Drivers/STM32F4xx_HAL_Driver/Inc -I../Drivers/STM32F4xx_HAL_Driver/Inc/Legacy -I../Drivers/CMSIS/Device/ST/STM32F4xx/Include -I../Drivers/CMSIS/Include -O0 -ffunction-sections -fdata-sections -Wall -fstack-usage -fcyclomatic-complexity -MMD -MP -MF"Core/Src/ism330dhcx.d" -MT"Core/Src/ism330dhcx.o" --specs=nano.specs -mfpu=fpv4-sp-d16 -mfloat-abi=hard -mthumb -o "Core/Src/ism330dhcx.o"
arm-none-eabi-gcc "../Core/Src/ism330dhcx_utils.c" -mcpu=cortex-m4 -std=gnu11 -g3 -DDEBUG -DUSE_HAL_DRIVER -DSTM32F401xE -c -I../Core/Inc -I../Drivers/STM32F4xx_HAL_Driver/Inc -I../Drivers/STM32F4xx_HAL_Driver/Inc/Legacy -I../Drivers/CMSIS/Device/ST/STM32F4xx/Include -I../Drivers/CMSIS/Include -O0 -ffunction-sections -fdata-sections -Wall -fstack-usage -fcyclomatic-complexity -MMD -MP -MF"Core/Src/ism330dhcx_utils.d" -MT"Core/Src/ism330dhcx_utils.o" --specs=nano.specs -mfpu=fpv4-sp-d16 -mfloat-abi=hard -mthumb -o "Core/Src/ism330dhcx_utils.o"
arm-none-eabi-gcc "../Core/Src/main.c" -mcpu=cortex-m4 -std=gnu11 -g3 -DDEBUG -DUSE_HAL_DRIVER -DSTM32F401xE -c -I../Core/Inc -I../Drivers/STM32F4xx_HAL_Driver/Inc -I../Drivers/STM32F4xx_HAL_Driver/Inc/Legacy -I../Drivers/CMSIS/Device/ST/STM32F4xx/Include -I../Drivers/CMSIS/Include -O0 -ffunction-sections -fdata-sections -Wall -fstack-usage -fcyclomatic-complexity -MMD -MP -MF"Core/Src/main.d" -MT"Core/Src/main.o" --specs=nano.specs -mfpu=fpv4-sp-d16 -mfloat-abi=hard -mthumb -o "Core/Src/main.o"
arm-none-eabi-gcc "../Core/Src/stm32f4xx_hal_msp.c" -mcpu=cortex-m4 -std=gnu11 -g3 -DDEBUG -DUSE_HAL_DRIVER -DSTM32F401xE -c -I../Core/Inc -I../Drivers/STM32F4xx_HAL_Driver/Inc -I../Drivers/STM32F4xx_HAL_Driver/Inc/Legacy -I../Drivers/CMSIS/Device/ST/STM32F4xx/Include -I../Drivers/CMSIS/Include -O0 -ffunction-sections -fdata-sections -Wall -fstack-usage -fcyclomatic-complexity -MMD -MP -MF"Core/Src/stm32f4xx_hal_msp.d" -MT"Core/Src/stm32f4xx_hal_msp.o" --specs=nano.specs -mfpu=fpv4-sp-d16 -mfloat-abi=hard -mthumb -o "Core/Src/stm32f4xx_hal_msp.o"
arm-none-eabi-gcc "../Core/Src/stm32f4xx_it.c" -mcpu=cortex-m4 -std=gnu11 -g3 -DDEBUG -DUSE_HAL_DRIVER -DSTM32F401xE -c -I../Core/Inc -I../Drivers/STM32F4xx_HAL_Driver/Inc -I../Drivers/STM32F4xx_HAL_Driver/Inc/Legacy -I../Drivers/CMSIS/Device/ST/STM32F4xx/Include -I../Drivers/CMSIS/Include -O0 -ffunction-sections -fdata-sections -Wall -fstack-usage -fcyclomatic-complexity -MMD -MP -MF"Core/Src/stm32f4xx_it.d" -MT"Core/Src/stm32f4xx_it.o" --specs=nano.specs -mfpu=fpv4-sp-d16 -mfloat-abi=hard -mthumb -o "Core/Src/stm32f4xx_it.o"
../Core/Src/ism330dhcx.c: In function 'init_ISM330DHCX':
../Core/Src/ism330dhcx.c:24:14: error: 'ISM330DHCX' has no member named 'timer_time'; did you mean 'timer_timer'?
   24 |         ism->timer_time = 0;
      |              ^~~~~~~~~~
      |              timer_timer
../Core/Src/ism330dhcx.c: In function 'ISM_INTERRUPT_TIMER':
../Core/Src/ism330dhcx.c:206:14: error: 'ISM330DHCX' has no member named 'timer_time'; did you mean 'timer_timer'?
  206 |         ism->timer_time = dt;
      |              ^~~~~~~~~~
      |              timer_timer
../Core/Src/ism330dhcx.c: In function 'ISM_INTERRUPT_DMA':
../Core/Src/ism330dhcx.c:216:31: error: 'ISM330DHCX' has no member named 'timer_time'; did you mean 'timer_timer'?
  216 |         convert_Raw(ism, ism->timer_time);
      |                               ^~~~~~~~~~
      |                               timer_timer
make: *** [Core/Src/subdir.mk:43: Core/Src/ism330dhcx.o] Error 1
make: *** Waiting for unfinished jobs....
"make -j16 all" terminated with exit code 2. Build might be incomplete.
22:37:26 **** Incremental Build of configuration Debug for project IMU_F401 ****
make -j16 all 
arm-none-eabi-gcc "../Core/Src/ism330dhcx.c" -mcpu=cortex-m4 -std=gnu11 -g3 -DDEBUG -DUSE_HAL_DRIVER -DSTM32F401xE -c -I../Core/Inc -I../Drivers/STM32F4xx_HAL_Driver/Inc -I../Drivers/STM32F4xx_HAL_Driver/Inc/Legacy -I../Drivers/CMSIS/Device/ST/STM32F4xx/Include -I../Drivers/CMSIS/Include -O0 -ffunction-sections -fdata-sections -Wall -fstack-usage -fcyclomatic-complexity -MMD -MP -MF"Core/Src/ism330dhcx.d" -MT"Core/Src/ism330dhcx.o" --specs=nano.specs -mfpu=fpv4-sp-d16 -mfloat-abi=hard -mthumb -o "Core/Src/ism330dhcx.o"
arm-none-eabi-gcc "../Core/Src/ism330dhcx_utils.c" -mcpu=cortex-m4 -std=gnu11 -g3 -DDEBUG -DUSE_HAL_DRIVER -DSTM32F401xE -c -I../Core/Inc -I../Drivers/STM32F4xx_HAL_Driver/Inc -I../Drivers/STM32F4xx_HAL_Driver/Inc/Legacy -I../Drivers/CMSIS/Device/ST/STM32F4xx/Include -I../Drivers/CMSIS/Include -O0 -ffunction-sections -fdata-sections -Wall -fstack-usage -fcyclomatic-complexity -MMD -MP -MF"Core/Src/ism330dhcx_utils.d" -MT"Core/Src/ism330dhcx_utils.o" --specs=nano.specs -mfpu=fpv4-sp-d16 -mfloat-abi=hard -mthumb -o "Core/Src/ism330dhcx_utils.o"
arm-none-eabi-gcc "../Core/Src/main.c" -mcpu=cortex-m4 -std=gnu11 -g3 -DDEBUG -DUSE_HAL_DRIVER -DSTM32F401xE -c -I../Core/Inc -I../Drivers/STM32F4xx_HAL_Driver/Inc -I../Drivers/STM32F4xx_HAL_Driver/Inc/Legacy -I../Drivers/CMSIS/Device/ST/STM32F4xx/Include -I../Drivers/CMSIS/Include -O0 -ffunction-sections -fdata-sections -Wall -fstack-usage -fcyclomatic-complexity -MMD -MP -MF"Core/Src/main.d" -MT"Core/Src/main.o" --specs=nano.specs -mfpu=fpv4-sp-d16 -mfloat-abi=hard -mthumb -o "Core/Src/main.o"
arm-none-eabi-gcc "../Core/Src/stm32f4xx_hal_msp.c" -mcpu=cortex-m4 -std=gnu11 -g3 -DDEBUG -DUSE_HAL_DRIVER -DSTM32F401xE -c -I../Core/Inc -I../Drivers/STM32F4xx_HAL_Driver/Inc -I../Drivers/STM32F4xx_HAL_Driver/Inc/Legacy -I../Drivers/CMSIS/Device/ST/STM32F4xx/Include -I../Drivers/CMSIS/Include -O0 -ffunction-sections -fdata-sections -Wall -fstack-usage -fcyclomatic-complexity -MMD -MP -MF"Core/Src/stm32f4xx_hal_msp.d" -MT"Core/Src/stm32f4xx_hal_msp.o" --specs=nano.specs -mfpu=fpv4-sp-d16 -mfloat-abi=hard -mthumb -o "Core/Src/stm32f4xx_hal_msp.o"
arm-none-eabi-gcc "../Core/Src/stm32f4xx_it.c" -mcpu=cortex-m4 -std=gnu11 -g3 -DDEBUG -DUSE_HAL_DRIVER -DSTM32F401xE -c -I../Core/Inc -I../Drivers/STM32F4xx_HAL_Driver/Inc -I../Drivers/STM32F4xx_HAL_Driver/Inc/Legacy -I../Drivers/CMSIS/Device/ST/STM32F4xx/Include -I../Drivers/CMSIS/Include -O0 -ffunction-sections -fdata-sections -Wall -fstack-usage -fcyclomatic-complexity -MMD -MP -MF"Core/Src/stm32f4xx_it.d" -MT"Core/Src/stm32f4xx_it.o" --specs=nano.specs -mfpu=fpv4-sp-d16 -mfloat-abi=hard -mthumb -o "Core/Src/stm32f4xx_it.o"
arm-none-eabi-gcc -o "IMU_F401.elf" @"objects.list"   -mcpu=cortex-m4 -T"/home/filip/projects/stm/workspace/IMU_F401/STM32F401RETX_FLASH.ld" --specs=nosys.specs -Wl,-Map="IMU_F401.map" -Wl,--gc-sections -static --specs=nano.specs -mfpu=fpv4-sp-d16 -mfloat-abi=hard -mthumb -Wl,--start-group -lc -lm -Wl,--end-group
Finished building target: IMU_F401.elf
 
arm-none-eabi-size  IMU_F401.elf 
arm-none-eabi-objdump -h -S IMU_F401.elf  > "IMU_F401.list"
   text	   data	    bss	    dec	    hex	filename
  28128	     16	   2016	  30160	   75d0	IMU_F401.elf
Finished building: default.size.stdout
 
Finished building: IMU_F401.list
 
22:42:50 **** Incremental Build of configuration Debug for project IMU_F401 ****
make -j16 all 
arm-none-eabi-size  IMU_F401.elf 
   text	   data	    bss	    dec	    hex	filename
  28128	     16	   2016	  30160	   75d0	IMU_F401.elf
Finished building: default.size.stdout
 
23:48:18 **** Incremental Build of configuration Debug for project IMU_F401 ****
make -j16 all 
arm-none-eabi-gcc "../Core/Src/ism330dhcx.c" -mcpu=cortex-m4 -std=gnu11 -g3 -DDEBUG -DUSE_HAL_DRIVER -DSTM32F401xE -c -I../Core/Inc -I../Drivers/STM32F4xx_HAL_Driver/Inc -I../Drivers/STM32F4xx_HAL_Driver/Inc/Legacy -I../Drivers/CMSIS/Device/ST/STM32F4xx/Include -I../Drivers/CMSIS/Include -O0 -ffunction-sections -fdata-sections -Wall -fstack-usage -fcyclomatic-complexity -MMD -MP -MF"Core/Src/ism330dhcx.d" -MT"Core/Src/ism330dhcx.o" --specs=nano.specs -mfpu=fpv4-sp-d16 -mfloat-abi=hard -mthumb -o "Core/Src/ism330dhcx.o"
arm-none-eabi-gcc "../Core/Src/ism330dhcx_utils.c" -mcpu=cortex-m4 -std=gnu11 -g3 -DDEBUG -DUSE_HAL_DRIVER -DSTM32F401xE -c -I../Core/Inc -I../Drivers/STM32F4xx_HAL_Driver/Inc -I../Drivers/STM32F4xx_HAL_Driver/Inc/Legacy -I../Drivers/CMSIS/Device/ST/STM32F4xx/Include -I../Drivers/CMSIS/Include -O0 -ffunction-sections -fdata-sections -Wall -fstack-usage -fcyclomatic-complexity -MMD -MP -MF"Core/Src/ism330dhcx_utils.d" -MT"Core/Src/ism330dhcx_utils.o" --specs=nano.specs -mfpu=fpv4-sp-d16 -mfloat-abi=hard -mthumb -o "Core/Src/ism330dhcx_utils.o"
arm-none-eabi-gcc "../Core/Src/main.c" -mcpu=cortex-m4 -std=gnu11 -g3 -DDEBUG -DUSE_HAL_DRIVER -DSTM32F401xE -c -I../Core/Inc -I../Drivers/STM32F4xx_HAL_Driver/Inc -I../Drivers/STM32F4xx_HAL_Driver/Inc/Legacy -I../Drivers/CMSIS/Device/ST/STM32F4xx/Include -I../Drivers/CMSIS/Include -O0 -ffunction-sections -fdata-sections -Wall -fstack-usage -fcyclomatic-complexity -MMD -MP -MF"Core/Src/main.d" -MT"Core/Src/main.o" --specs=nano.specs -mfpu=fpv4-sp-d16 -mfloat-abi=hard -mthumb -o "Core/Src/main.o"
arm-none-eabi-gcc "../Core/Src/stm32f4xx_hal_msp.c" -mcpu=cortex-m4 -std=gnu11 -g3 -DDEBUG -DUSE_HAL_DRIVER -DSTM32F401xE -c -I../Core/Inc -I../Drivers/STM32F4xx_HAL_Driver/Inc -I../Drivers/STM32F4xx_HAL_Driver/Inc/Legacy -I../Drivers/CMSIS/Device/ST/STM32F4xx/Include -I../Drivers/CMSIS/Include -O0 -ffunction-sections -fdata-sections -Wall -fstack-usage -fcyclomatic-complexity -MMD -MP -MF"Core/Src/stm32f4xx_hal_msp.d" -MT"Core/Src/stm32f4xx_hal_msp.o" --specs=nano.specs -mfpu=fpv4-sp-d16 -mfloat-abi=hard -mthumb -o "Core/Src/stm32f4xx_hal_msp.o"
arm-none-eabi-gcc "../Core/Src/stm32f4xx_it.c" -mcpu=cortex-m4 -std=gnu11 -g3 -DDEBUG -DUSE_HAL_DRIVER -DSTM32F401xE -c -I../Core/Inc -I../Drivers/STM32F4xx_HAL_Driver/Inc -I../Drivers/STM32F4xx_HAL_Driver/Inc/Legacy -I../Drivers/CMSIS/Device/ST/STM32F4xx/Include -I../Drivers/CMSIS/Include -O0 -ffunction-sections -fdata-sections -Wall -fstack-usage -fcyclomatic-complexity -MMD -MP -MF"Core/Src/stm32f4xx_it.d" -MT"Core/Src/stm32f4xx_it.o" --specs=nano.specs -mfpu=fpv4-sp-d16 -mfloat-abi=hard -mthumb -o "Core/Src/stm32f4xx_it.o"
arm-none-eabi-gcc -o "IMU_F401.elf" @"objects.list"   -mcpu=cortex-m4 -T"/home/filip/projects/stm/workspace/IMU_F401/STM32F401RETX_FLASH.ld" --specs=nosys.specs -Wl,-Map="IMU_F401.map" -Wl,--gc-sections -static --specs=nano.specs -mfpu=fpv4-sp-d16 -mfloat-abi=hard -mthumb -Wl,--start-group -lc -lm -Wl,--end-group
Finished building target: IMU_F401.elf
 
arm-none-eabi-size  IMU_F401.elf 
arm-none-eabi-objdump -h -S IMU_F401.elf  > "IMU_F401.list"
   text	   data	    bss	    dec	    hex	filename
  28040	     16	   2008	  30064	   7570	IMU_F401.elf
Finished building: default.size.stdout
 
Finished building: IMU_F401.list
 
23:59:44 **** Incremental Build of configuration Debug for project IMU_F401 ****
make -j16 all 
arm-none-eabi-gcc "../Core/Src/ism330dhcx.c" -mcpu=cortex-m4 -std=gnu11 -g3 -DDEBUG -DUSE_HAL_DRIVER -DSTM32F401xE -c -I../Core/Inc -I../Drivers/STM32F4xx_HAL_Driver/Inc -I../Drivers/STM32F4xx_HAL_Driver/Inc/Legacy -I../Drivers/CMSIS/Device/ST/STM32F4xx/Include -I../Drivers/CMSIS/Include -O0 -ffunction-sections -fdata-sections -Wall -fstack-usage -fcyclomatic-complexity -MMD -MP -MF"Core/Src/ism330dhcx.d" -MT"Core/Src/ism330dhcx.o" --specs=nano.specs -mfpu=fpv4-sp-d16 -mfloat-abi=hard -mthumb -o "Core/Src/ism330dhcx.o"
arm-none-eabi-gcc "../Core/Src/ism330dhcx_settings.c" -mcpu=cortex-m4 -std=gnu11 -g3 -DDEBUG -DUSE_HAL_DRIVER -DSTM32F401xE -c -I../Core/Inc -I../Drivers/STM32F4xx_HAL_Driver/Inc -I../Drivers/STM32F4xx_HAL_Driver/Inc/Legacy -I../Drivers/CMSIS/Device/ST/STM32F4xx/Include -I../Drivers/CMSIS/Include -O0 -ffunction-sections -fdata-sections -Wall -fstack-usage -fcyclomatic-complexity -MMD -MP -MF"Core/Src/ism330dhcx_settings.d" -MT"Core/Src/ism330dhcx_settings.o" --specs=nano.specs -mfpu=fpv4-sp-d16 -mfloat-abi=hard -mthumb -o "Core/Src/ism330dhcx_settings.o"
arm-none-eabi-gcc "../Core/Src/ism330dhcx_utils.c" -mcpu=cortex-m4 -std=gnu11 -g3 -DDEBUG -DUSE_HAL_DRIVER -DSTM32F401xE -c -I../Core/Inc -I../Drivers/STM32F4xx_HAL_Driver/Inc -I../Drivers/STM32F4xx_HAL_Driver/Inc/Legacy -I../Drivers/CMSIS/Device/ST/STM32F4xx/Include -I../Drivers/CMSIS/Include -O0 -ffunction-sections -fdata-sections -Wall -fstack-usage -fcyclomatic-complexity -MMD -MP -MF"Core/Src/ism330dhcx_utils.d" -MT"Core/Src/ism330dhcx_utils.o" --specs=nano.specs -mfpu=fpv4-sp-d16 -mfloat-abi=hard -mthumb -o "Core/Src/ism330dhcx_utils.o"
arm-none-eabi-gcc "../Core/Src/main.c" -mcpu=cortex-m4 -std=gnu11 -g3 -DDEBUG -DUSE_HAL_DRIVER -DSTM32F401xE -c -I../Core/Inc -I../Drivers/STM32F4xx_HAL_Driver/Inc -I../Drivers/STM32F4xx_HAL_Driver/Inc/Legacy -I../Drivers/CMSIS/Device/ST/STM32F4xx/Include -I../Drivers/CMSIS/Include -O0 -ffunction-sections -fdata-sections -Wall -fstack-usage -fcyclomatic-complexity -MMD -MP -MF"Core/Src/main.d" -MT"Core/Src/main.o" --specs=nano.specs -mfpu=fpv4-sp-d16 -mfloat-abi=hard -mthumb -o "Core/Src/main.o"
arm-none-eabi-gcc "../Core/Src/stm32f4xx_hal_msp.c" -mcpu=cortex-m4 -std=gnu11 -g3 -DDEBUG -DUSE_HAL_DRIVER -DSTM32F401xE -c -I../Core/Inc -I../Drivers/STM32F4xx_HAL_Driver/Inc -I../Drivers/STM32F4xx_HAL_Driver/Inc/Legacy -I../Drivers/CMSIS/Device/ST/STM32F4xx/Include -I../Drivers/CMSIS/Include -O0 -ffunction-sections -fdata-sections -Wall -fstack-usage -fcyclomatic-complexity -MMD -MP -MF"Core/Src/stm32f4xx_hal_msp.d" -MT"Core/Src/stm32f4xx_hal_msp.o" --specs=nano.specs -mfpu=fpv4-sp-d16 -mfloat-abi=hard -mthumb -o "Core/Src/stm32f4xx_hal_msp.o"
arm-none-eabi-gcc "../Core/Src/stm32f4xx_it.c" -mcpu=cortex-m4 -std=gnu11 -g3 -DDEBUG -DUSE_HAL_DRIVER -DSTM32F401xE -c -I../Core/Inc -I../Drivers/STM32F4xx_HAL_Driver/Inc -I../Drivers/STM32F4xx_HAL_Driver/Inc/Legacy -I../Drivers/CMSIS/Device/ST/STM32F4xx/Include -I../Drivers/CMSIS/Include -O0 -ffunction-sections -fdata-sections -Wall -fstack-usage -fcyclomatic-complexity -MMD -MP -MF"Core/Src/stm32f4xx_it.d" -MT"Core/Src/stm32f4xx_it.o" --specs=nano.specs -mfpu=fpv4-sp-d16 -mfloat-abi=hard -mthumb -o "Core/Src/stm32f4xx_it.o"
arm-none-eabi-gcc -o "IMU_F401.elf" @"objects.list"   -mcpu=cortex-m4 -T"/home/filip/projects/stm/workspace/IMU_F401/STM32F401RETX_FLASH.ld" --specs=nosys.specs -Wl,-Map="IMU_F401.map" -Wl,--gc-sections -static --specs=nano.specs -mfpu=fpv4-sp-d16 -mfloat-abi=hard -mthumb -Wl,--start-group -lc -lm -Wl,--end-group
Finished building target: IMU_F401.elf
 
arm-none-eabi-size  IMU_F401.elf 
arm-none-eabi-objdump -h -S IMU_F401.elf  > "IMU_F401.list"
   text	   data	    bss	    dec	    hex	filename
  28040	     16	   2008	  30064	   7570	IMU_F401.elf
Finished building: default.size.stdout
 
Finished building: IMU_F401.list
 
